93. Printing statistics.

=== tt_um_josue_olivos_6bit_counter ===

   Number of wires:                 15
   Number of wire bits:             60
   Number of public wires:           8
   Number of public wire bits:      43
   Number of ports:                  8
   Number of port bits:             43
   Number of memories:               0
   Number of memory bits:            0
   Number of processes:              0
   Number of cells:                 17
     $_ANDNOT_                       2
     $_NAND_                         2
     $_NOT_                          1
     $_OR_                           1
     $_XNOR_                         2
     $_XOR_                          3
     sky130_fd_sc_hd__dfrtp_2        6

   Area for cell type $_NOT_ is unknown!
   Area for cell type $_NAND_ is unknown!
   Area for cell type $_OR_ is unknown!
   Area for cell type $_XOR_ is unknown!
   Area for cell type $_XNOR_ is unknown!
   Area for cell type $_ANDNOT_ is unknown!

   Chip area for module '\tt_um_josue_olivos_6bit_counter': 157.651200
     of which used for sequential elements: 157.651200 (100.00%)

