87. Printing statistics.

=== tt_um_josue_olivos_6bit_counter ===

   Number of wires:                 15
   Number of wire bits:             60
   Number of public wires:           8
   Number of public wire bits:      43
   Number of ports:                  8
   Number of port bits:             43
   Number of memories:               0
   Number of memory bits:            0
   Number of processes:              0
   Number of cells:                 17
     $_ANDNOT_                       2
     $_DFF_PN0_                      6
     $_NAND_                         2
     $_NOT_                          1
     $_OR_                           1
     $_XNOR_                         2
     $_XOR_                          3

   Area for cell type $_NOT_ is unknown!
   Area for cell type $_NAND_ is unknown!
   Area for cell type $_OR_ is unknown!
   Area for cell type $_XOR_ is unknown!
   Area for cell type $_XNOR_ is unknown!
   Area for cell type $_ANDNOT_ is unknown!
   Area for cell type $_DFF_PN0_ is unknown!

