101. Printing statistics.

=== tt_um_josue_olivos_6bit_counter ===

   Number of wires:                 20
   Number of wire bits:             55
   Number of public wires:           8
   Number of public wire bits:      43
   Number of ports:                  8
   Number of port bits:             43
   Number of memories:               0
   Number of memory bits:            0
   Number of processes:              0
   Number of cells:                 36
     sky130_fd_sc_hd__a31o_2         1
     sky130_fd_sc_hd__and2_2         2
     sky130_fd_sc_hd__and2b_2        1
     sky130_fd_sc_hd__and4_2         1
     sky130_fd_sc_hd__conb_1        18
     sky130_fd_sc_hd__dfrtp_2        6
     sky130_fd_sc_hd__inv_2          1
     sky130_fd_sc_hd__nand2_2        2
     sky130_fd_sc_hd__or2_2          2
     sky130_fd_sc_hd__xnor2_2        2

   Chip area for module '\tt_um_josue_olivos_6bit_counter': 329.065600
     of which used for sequential elements: 157.651200 (47.91%)

