Clock: clk
Sources: clk 
Generated: no
Virtual: yes
Propagated: no
Period: 20.000000

===========================================================================
report_clock_properties
============================================================================
Clock                   Period          Waveform
----------------------------------------------------
clk                  20.000000    0.000000 10.000000

===========================================================================
report_clock_latency
============================================================================
Clock clk
rise -> rise
    min     max
0.000000 0.000000 source latency
0.197599         network latency _26_/CLK
        0.198382 network latency _28_/CLK
---------------
0.197599 0.198382 latency
        0.000782 skew

fall -> fall
    min     max
0.000000 0.000000 source latency
0.194317         network latency _26_/CLK
        0.195002 network latency _28_/CLK
---------------
0.194317 0.195002 latency
        0.000686 skew



===========================================================================
report_clock_min_period
============================================================================
clk period_min = 1.04 fmax = 964.59
