Clock: clk
Sources: clk 
Generated: no
Virtual: yes
Propagated: no
Period: 20.000000

===========================================================================
report_clock_properties
============================================================================
Clock                   Period          Waveform
----------------------------------------------------
clk                  20.000000    0.000000 10.000000

===========================================================================
report_clock_latency
============================================================================
Clock clk
rise -> rise
    min     max
0.000000 0.000000 source latency
0.505940         network latency _26_/CLK
        0.508184 network latency _28_/CLK
---------------
0.505940 0.508184 latency
        0.002244 skew

fall -> fall
    min     max
0.000000 0.000000 source latency
0.521061         network latency _26_/CLK
        0.523041 network latency _28_/CLK
---------------
0.521061 0.523041 latency
        0.001980 skew



===========================================================================
report_clock_min_period
============================================================================
clk period_min = 2.94 fmax = 340.26
