
===========================================================================
report_checks -path_delay min (Hold)
============================================================================
======================= max_ss_100C_1v60 Corner ===================================

Startpoint: _24_ (rising edge-triggered flip-flop clocked by clk)
Endpoint: _24_ (rising edge-triggered flip-flop clocked by clk)
Path Group: clk
Path Type: min

Fanout         Cap        Slew       Delay        Time   Description
---------------------------------------------------------------------------------------------
                                  0.000000    0.000000   clock clk (rise edge)
                                  0.000000    0.000000   clock source latency
     1    0.012924    0.101247    0.067270    0.067270 ^ clk (in)
                                                         clk (net)
                      0.101260    0.000000    0.067270 ^ clkbuf_0_clk/A (sky130_fd_sc_hd__clkbuf_16)
     2    0.019090    0.066308    0.234270    0.301540 ^ clkbuf_0_clk/X (sky130_fd_sc_hd__clkbuf_16)
                                                         clknet_0_clk (net)
                      0.066324    0.001146    0.302685 ^ clkbuf_1_1__f_clk/A (sky130_fd_sc_hd__clkbuf_16)
     3    0.008385    0.052361    0.202797    0.505482 ^ clkbuf_1_1__f_clk/X (sky130_fd_sc_hd__clkbuf_16)
                                                         clknet_1_1__leaf_clk (net)
                      0.052361    0.000474    0.505956 ^ _24_/CLK (sky130_fd_sc_hd__dfrtp_4)
     6    0.049673    0.272254    0.973556    1.479512 ^ _24_/Q (sky130_fd_sc_hd__dfrtp_4)
                                                         uo_out[0] (net)
                      0.272271    0.002430    1.481942 ^ _12_/A (sky130_fd_sc_hd__inv_2)
     1    0.002514    0.053136    0.105166    1.587108 v _12_/Y (sky130_fd_sc_hd__inv_2)
                                                         _00_ (net)
                      0.053136    0.000184    1.587293 v _24_/D (sky130_fd_sc_hd__dfrtp_4)
                                              1.587293   data arrival time

                                  0.000000    0.000000   clock clk (rise edge)
                                  0.000000    0.000000   clock source latency
     1    0.012924    0.101247    0.067270    0.067270 ^ clk (in)
                                                         clk (net)
                      0.101260    0.000000    0.067270 ^ clkbuf_0_clk/A (sky130_fd_sc_hd__clkbuf_16)
     2    0.019090    0.066308    0.234270    0.301540 ^ clkbuf_0_clk/X (sky130_fd_sc_hd__clkbuf_16)
                                                         clknet_0_clk (net)
                      0.066324    0.001146    0.302685 ^ clkbuf_1_1__f_clk/A (sky130_fd_sc_hd__clkbuf_16)
     3    0.008385    0.052361    0.202797    0.505482 ^ clkbuf_1_1__f_clk/X (sky130_fd_sc_hd__clkbuf_16)
                                                         clknet_1_1__leaf_clk (net)
                      0.052361    0.000474    0.505956 ^ _24_/CLK (sky130_fd_sc_hd__dfrtp_4)
                                  0.250000    0.755956   clock uncertainty
                                  0.000000    0.755956   clock reconvergence pessimism
                                 -0.089612    0.666345   library hold time
                                              0.666345   data required time
---------------------------------------------------------------------------------------------
                                              0.666345   data required time
                                             -1.587293   data arrival time
---------------------------------------------------------------------------------------------
                                              0.920948   slack (MET)


Startpoint: _29_ (rising edge-triggered flip-flop clocked by clk)
Endpoint: _29_ (rising edge-triggered flip-flop clocked by clk)
Path Group: clk
Path Type: min

Fanout         Cap        Slew       Delay        Time   Description
---------------------------------------------------------------------------------------------
                                  0.000000    0.000000   clock clk (rise edge)
                                  0.000000    0.000000   clock source latency
     1    0.012924    0.101247    0.067270    0.067270 ^ clk (in)
                                                         clk (net)
                      0.101260    0.000000    0.067270 ^ clkbuf_0_clk/A (sky130_fd_sc_hd__clkbuf_16)
     2    0.019090    0.066308    0.234270    0.301540 ^ clkbuf_0_clk/X (sky130_fd_sc_hd__clkbuf_16)
                                                         clknet_0_clk (net)
                      0.066324    0.001168    0.302708 ^ clkbuf_1_0__f_clk/A (sky130_fd_sc_hd__clkbuf_16)
     3    0.009432    0.054164    0.204737    0.507445 ^ clkbuf_1_0__f_clk/X (sky130_fd_sc_hd__clkbuf_16)
                                                         clknet_1_0__leaf_clk (net)
                      0.054165    0.000453    0.507897 ^ _29_/CLK (sky130_fd_sc_hd__dfrtp_4)
     2    0.039874    0.233523    0.941187    1.449085 ^ _29_/Q (sky130_fd_sc_hd__dfrtp_4)
                                                         uo_out[5] (net)
                      0.233532    0.001775    1.450859 ^ _23_/A (sky130_fd_sc_hd__xnor2_1)
     1    0.005092    0.105924    0.224783    1.675642 v _23_/Y (sky130_fd_sc_hd__xnor2_1)
                                                         _05_ (net)
                      0.105924    0.000267    1.675909 v _29_/D (sky130_fd_sc_hd__dfrtp_4)
                                              1.675909   data arrival time

                                  0.000000    0.000000   clock clk (rise edge)
                                  0.000000    0.000000   clock source latency
     1    0.012924    0.101247    0.067270    0.067270 ^ clk (in)
                                                         clk (net)
                      0.101260    0.000000    0.067270 ^ clkbuf_0_clk/A (sky130_fd_sc_hd__clkbuf_16)
     2    0.019090    0.066308    0.234270    0.301540 ^ clkbuf_0_clk/X (sky130_fd_sc_hd__clkbuf_16)
                                                         clknet_0_clk (net)
                      0.066324    0.001168    0.302708 ^ clkbuf_1_0__f_clk/A (sky130_fd_sc_hd__clkbuf_16)
     3    0.009432    0.054164    0.204737    0.507445 ^ clkbuf_1_0__f_clk/X (sky130_fd_sc_hd__clkbuf_16)
                                                         clknet_1_0__leaf_clk (net)
                      0.054165    0.000453    0.507897 ^ _29_/CLK (sky130_fd_sc_hd__dfrtp_4)
                                  0.250000    0.757898   clock uncertainty
                                  0.000000    0.757898   clock reconvergence pessimism
                                 -0.108541    0.649356   library hold time
                                              0.649356   data required time
---------------------------------------------------------------------------------------------
                                              0.649356   data required time
                                             -1.675909   data arrival time
---------------------------------------------------------------------------------------------
                                              1.026552   slack (MET)


Startpoint: _26_ (rising edge-triggered flip-flop clocked by clk)
Endpoint: _26_ (rising edge-triggered flip-flop clocked by clk)
Path Group: clk
Path Type: min

Fanout         Cap        Slew       Delay        Time   Description
---------------------------------------------------------------------------------------------
                                  0.000000    0.000000   clock clk (rise edge)
                                  0.000000    0.000000   clock source latency
     1    0.012924    0.101247    0.067270    0.067270 ^ clk (in)
                                                         clk (net)
                      0.101260    0.000000    0.067270 ^ clkbuf_0_clk/A (sky130_fd_sc_hd__clkbuf_16)
     2    0.019090    0.066308    0.234270    0.301540 ^ clkbuf_0_clk/X (sky130_fd_sc_hd__clkbuf_16)
                                                         clknet_0_clk (net)
                      0.066324    0.001146    0.302685 ^ clkbuf_1_1__f_clk/A (sky130_fd_sc_hd__clkbuf_16)
     3    0.008385    0.052361    0.202797    0.505482 ^ clkbuf_1_1__f_clk/X (sky130_fd_sc_hd__clkbuf_16)
                                                         clknet_1_1__leaf_clk (net)
                      0.052361    0.000458    0.505940 ^ _26_/CLK (sky130_fd_sc_hd__dfrtp_4)
     4    0.048948    0.269107    0.969661    1.475601 ^ _26_/Q (sky130_fd_sc_hd__dfrtp_4)
                                                         uo_out[2] (net)
                      0.269156    0.003682    1.479282 ^ _16_/A (sky130_fd_sc_hd__xnor2_1)
     1    0.003405    0.082293    0.215594    1.694876 v _16_/Y (sky130_fd_sc_hd__xnor2_1)
                                                         _02_ (net)
                      0.082293    0.000203    1.695079 v _26_/D (sky130_fd_sc_hd__dfrtp_4)
                                              1.695079   data arrival time

                                  0.000000    0.000000   clock clk (rise edge)
                                  0.000000    0.000000   clock source latency
     1    0.012924    0.101247    0.067270    0.067270 ^ clk (in)
                                                         clk (net)
                      0.101260    0.000000    0.067270 ^ clkbuf_0_clk/A (sky130_fd_sc_hd__clkbuf_16)
     2    0.019090    0.066308    0.234270    0.301540 ^ clkbuf_0_clk/X (sky130_fd_sc_hd__clkbuf_16)
                                                         clknet_0_clk (net)
                      0.066324    0.001146    0.302685 ^ clkbuf_1_1__f_clk/A (sky130_fd_sc_hd__clkbuf_16)
     3    0.008385    0.052361    0.202797    0.505482 ^ clkbuf_1_1__f_clk/X (sky130_fd_sc_hd__clkbuf_16)
                                                         clknet_1_1__leaf_clk (net)
                      0.052361    0.000458    0.505940 ^ _26_/CLK (sky130_fd_sc_hd__dfrtp_4)
                                  0.250000    0.755940   clock uncertainty
                                  0.000000    0.755940   clock reconvergence pessimism
                                 -0.100309    0.655631   library hold time
                                              0.655631   data required time
---------------------------------------------------------------------------------------------
                                              0.655631   data required time
                                             -1.695079   data arrival time
---------------------------------------------------------------------------------------------
                                              1.039448   slack (MET)


Startpoint: _28_ (rising edge-triggered flip-flop clocked by clk)
Endpoint: _28_ (rising edge-triggered flip-flop clocked by clk)
Path Group: clk
Path Type: min

Fanout         Cap        Slew       Delay        Time   Description
---------------------------------------------------------------------------------------------
                                  0.000000    0.000000   clock clk (rise edge)
                                  0.000000    0.000000   clock source latency
     1    0.012924    0.101247    0.067270    0.067270 ^ clk (in)
                                                         clk (net)
                      0.101260    0.000000    0.067270 ^ clkbuf_0_clk/A (sky130_fd_sc_hd__clkbuf_16)
     2    0.019090    0.066308    0.234270    0.301540 ^ clkbuf_0_clk/X (sky130_fd_sc_hd__clkbuf_16)
                                                         clknet_0_clk (net)
                      0.066324    0.001168    0.302708 ^ clkbuf_1_0__f_clk/A (sky130_fd_sc_hd__clkbuf_16)
     3    0.009432    0.054164    0.204737    0.507445 ^ clkbuf_1_0__f_clk/X (sky130_fd_sc_hd__clkbuf_16)
                                                         clknet_1_0__leaf_clk (net)
                      0.054166    0.000739    0.508184 ^ _28_/CLK (sky130_fd_sc_hd__dfrtp_4)
     3    0.041068    0.237843    0.945084    1.453268 ^ _28_/Q (sky130_fd_sc_hd__dfrtp_4)
                                                         uo_out[4] (net)
                      0.237857    0.002090    1.455358 ^ _21_/A (sky130_fd_sc_hd__or2_1)
     1    0.001793    0.053318    0.225756    1.681114 ^ _21_/X (sky130_fd_sc_hd__or2_1)
                                                         _11_ (net)
                      0.053318    0.000084    1.681199 ^ _22_/B (sky130_fd_sc_hd__and2_1)
     1    0.002561    0.076349    0.216285    1.897483 ^ _22_/X (sky130_fd_sc_hd__and2_1)
                                                         _04_ (net)
                      0.076349    0.000178    1.897662 ^ _28_/D (sky130_fd_sc_hd__dfrtp_4)
                                              1.897662   data arrival time

                                  0.000000    0.000000   clock clk (rise edge)
                                  0.000000    0.000000   clock source latency
     1    0.012924    0.101247    0.067270    0.067270 ^ clk (in)
                                                         clk (net)
                      0.101260    0.000000    0.067270 ^ clkbuf_0_clk/A (sky130_fd_sc_hd__clkbuf_16)
     2    0.019090    0.066308    0.234270    0.301540 ^ clkbuf_0_clk/X (sky130_fd_sc_hd__clkbuf_16)
                                                         clknet_0_clk (net)
                      0.066324    0.001168    0.302708 ^ clkbuf_1_0__f_clk/A (sky130_fd_sc_hd__clkbuf_16)
     3    0.009432    0.054164    0.204737    0.507445 ^ clkbuf_1_0__f_clk/X (sky130_fd_sc_hd__clkbuf_16)
                                                         clknet_1_0__leaf_clk (net)
                      0.054166    0.000739    0.508184 ^ _28_/CLK (sky130_fd_sc_hd__dfrtp_4)
                                  0.250000    0.758184   clock uncertainty
                                  0.000000    0.758184   clock reconvergence pessimism
                                 -0.082786    0.675397   library hold time
                                              0.675397   data required time
---------------------------------------------------------------------------------------------
                                              0.675397   data required time
                                             -1.897662   data arrival time
---------------------------------------------------------------------------------------------
                                              1.222264   slack (MET)


Startpoint: _27_ (rising edge-triggered flip-flop clocked by clk)
Endpoint: _27_ (rising edge-triggered flip-flop clocked by clk)
Path Group: clk
Path Type: min

Fanout         Cap        Slew       Delay        Time   Description
---------------------------------------------------------------------------------------------
                                  0.000000    0.000000   clock clk (rise edge)
                                  0.000000    0.000000   clock source latency
     1    0.012924    0.101247    0.067270    0.067270 ^ clk (in)
                                                         clk (net)
                      0.101260    0.000000    0.067270 ^ clkbuf_0_clk/A (sky130_fd_sc_hd__clkbuf_16)
     2    0.019090    0.066308    0.234270    0.301540 ^ clkbuf_0_clk/X (sky130_fd_sc_hd__clkbuf_16)
                                                         clknet_0_clk (net)
                      0.066324    0.001168    0.302708 ^ clkbuf_1_0__f_clk/A (sky130_fd_sc_hd__clkbuf_16)
     3    0.009432    0.054164    0.204737    0.507445 ^ clkbuf_1_0__f_clk/X (sky130_fd_sc_hd__clkbuf_16)
                                                         clknet_1_0__leaf_clk (net)
                      0.054166    0.000682    0.508127 ^ _27_/CLK (sky130_fd_sc_hd__dfrtp_4)
     3    0.041397    0.239552    0.946158    1.454285 ^ _27_/Q (sky130_fd_sc_hd__dfrtp_4)
                                                         uo_out[3] (net)
                      0.239565    0.002047    1.456332 ^ _18_/B1 (sky130_fd_sc_hd__a31o_1)
     1    0.003046    0.075752    0.234077    1.690410 ^ _18_/X (sky130_fd_sc_hd__a31o_1)
                                                         _09_ (net)
                      0.075752    0.000177    1.690586 ^ _19_/B (sky130_fd_sc_hd__and2b_1)
     1    0.002715    0.070228    0.226185    1.916771 ^ _19_/X (sky130_fd_sc_hd__and2b_1)
                                                         _03_ (net)
                      0.070233    0.000185    1.916956 ^ _27_/D (sky130_fd_sc_hd__dfrtp_4)
                                              1.916956   data arrival time

                                  0.000000    0.000000   clock clk (rise edge)
                                  0.000000    0.000000   clock source latency
     1    0.012924    0.101247    0.067270    0.067270 ^ clk (in)
                                                         clk (net)
                      0.101260    0.000000    0.067270 ^ clkbuf_0_clk/A (sky130_fd_sc_hd__clkbuf_16)
     2    0.019090    0.066308    0.234270    0.301540 ^ clkbuf_0_clk/X (sky130_fd_sc_hd__clkbuf_16)
                                                         clknet_0_clk (net)
                      0.066324    0.001168    0.302708 ^ clkbuf_1_0__f_clk/A (sky130_fd_sc_hd__clkbuf_16)
     3    0.009432    0.054164    0.204737    0.507445 ^ clkbuf_1_0__f_clk/X (sky130_fd_sc_hd__clkbuf_16)
                                                         clknet_1_0__leaf_clk (net)
                      0.054166    0.000682    0.508127 ^ _27_/CLK (sky130_fd_sc_hd__dfrtp_4)
                                  0.250000    0.758127   clock uncertainty
                                  0.000000    0.758127   clock reconvergence pessimism
                                 -0.081390    0.676737   library hold time
                                              0.676737   data required time
---------------------------------------------------------------------------------------------
                                              0.676737   data required time
                                             -1.916956   data arrival time
---------------------------------------------------------------------------------------------
                                              1.240218   slack (MET)


Startpoint: _25_ (rising edge-triggered flip-flop clocked by clk)
Endpoint: _25_ (rising edge-triggered flip-flop clocked by clk)
Path Group: clk
Path Type: min

Fanout         Cap        Slew       Delay        Time   Description
---------------------------------------------------------------------------------------------
                                  0.000000    0.000000   clock clk (rise edge)
                                  0.000000    0.000000   clock source latency
     1    0.012924    0.101247    0.067270    0.067270 ^ clk (in)
                                                         clk (net)
                      0.101260    0.000000    0.067270 ^ clkbuf_0_clk/A (sky130_fd_sc_hd__clkbuf_16)
     2    0.019090    0.066308    0.234270    0.301540 ^ clkbuf_0_clk/X (sky130_fd_sc_hd__clkbuf_16)
                                                         clknet_0_clk (net)
                      0.066324    0.001146    0.302685 ^ clkbuf_1_1__f_clk/A (sky130_fd_sc_hd__clkbuf_16)
     3    0.008385    0.052361    0.202797    0.505482 ^ clkbuf_1_1__f_clk/X (sky130_fd_sc_hd__clkbuf_16)
                                                         clknet_1_1__leaf_clk (net)
                      0.052361    0.000460    0.505942 ^ _25_/CLK (sky130_fd_sc_hd__dfrtp_4)
     5    0.045073    0.253642    0.957253    1.463196 ^ _25_/Q (sky130_fd_sc_hd__dfrtp_4)
                                                         uo_out[1] (net)
                      0.253665    0.002630    1.465826 ^ _14_/A (sky130_fd_sc_hd__or2_1)
     1    0.001741    0.053471    0.230334    1.696161 ^ _14_/X (sky130_fd_sc_hd__or2_1)
                                                         _07_ (net)
                      0.053471    0.000079    1.696240 ^ _15_/B (sky130_fd_sc_hd__and2_1)
     1    0.003700    0.090952    0.230777    1.927017 ^ _15_/X (sky130_fd_sc_hd__and2_1)
                                                         _01_ (net)
                      0.090952    0.000243    1.927260 ^ _25_/D (sky130_fd_sc_hd__dfrtp_4)
                                              1.927260   data arrival time

                                  0.000000    0.000000   clock clk (rise edge)
                                  0.000000    0.000000   clock source latency
     1    0.012924    0.101247    0.067270    0.067270 ^ clk (in)
                                                         clk (net)
                      0.101260    0.000000    0.067270 ^ clkbuf_0_clk/A (sky130_fd_sc_hd__clkbuf_16)
     2    0.019090    0.066308    0.234270    0.301540 ^ clkbuf_0_clk/X (sky130_fd_sc_hd__clkbuf_16)
                                                         clknet_0_clk (net)
                      0.066324    0.001146    0.302685 ^ clkbuf_1_1__f_clk/A (sky130_fd_sc_hd__clkbuf_16)
     3    0.008385    0.052361    0.202797    0.505482 ^ clkbuf_1_1__f_clk/X (sky130_fd_sc_hd__clkbuf_16)
                                                         clknet_1_1__leaf_clk (net)
                      0.052361    0.000460    0.505942 ^ _25_/CLK (sky130_fd_sc_hd__dfrtp_4)
                                  0.250000    0.755942   clock uncertainty
                                  0.000000    0.755942   clock reconvergence pessimism
                                 -0.086418    0.669524   library hold time
                                              0.669524   data required time
---------------------------------------------------------------------------------------------
                                              0.669524   data required time
                                             -1.927260   data arrival time
---------------------------------------------------------------------------------------------
                                              1.257736   slack (MET)


Startpoint: rst_n (input port clocked by clk)
Endpoint: _27_ (removal check against rising-edge clock clk)
Path Group: asynchronous
Path Type: min

Fanout         Cap        Slew       Delay        Time   Description
---------------------------------------------------------------------------------------------
                                  0.000000    0.000000   clock clk (rise edge)
                                  0.000000    0.000000   clock network delay (propagated)
                                  4.000000    4.000000 ^ input external delay
     1    0.002317    0.029062    0.013292    4.013292 ^ rst_n (in)
                                                         rst_n (net)
                      0.029062    0.000000    4.013292 ^ input1/A (sky130_fd_sc_hd__buf_2)
     6    0.032470    0.259130    0.313316    4.326608 ^ input1/X (sky130_fd_sc_hd__buf_2)
                                                         net1 (net)
                      0.259225    0.004114    4.330722 ^ _27_/RESET_B (sky130_fd_sc_hd__dfrtp_4)
                                              4.330722   data arrival time

                                  0.000000    0.000000   clock clk (rise edge)
                                  0.000000    0.000000   clock source latency
     1    0.012924    0.101247    0.067270    0.067270 ^ clk (in)
                                                         clk (net)
                      0.101260    0.000000    0.067270 ^ clkbuf_0_clk/A (sky130_fd_sc_hd__clkbuf_16)
     2    0.019090    0.066308    0.234270    0.301540 ^ clkbuf_0_clk/X (sky130_fd_sc_hd__clkbuf_16)
                                                         clknet_0_clk (net)
                      0.066324    0.001168    0.302708 ^ clkbuf_1_0__f_clk/A (sky130_fd_sc_hd__clkbuf_16)
     3    0.009432    0.054164    0.204737    0.507445 ^ clkbuf_1_0__f_clk/X (sky130_fd_sc_hd__clkbuf_16)
                                                         clknet_1_0__leaf_clk (net)
                      0.054166    0.000682    0.508127 ^ _27_/CLK (sky130_fd_sc_hd__dfrtp_4)
                                  0.250000    0.758127   clock uncertainty
                                  0.000000    0.758127   clock reconvergence pessimism
                                  0.712453    1.470580   library removal time
                                              1.470580   data required time
---------------------------------------------------------------------------------------------
                                              1.470580   data required time
                                             -4.330722   data arrival time
---------------------------------------------------------------------------------------------
                                              2.860142   slack (MET)


Startpoint: rst_n (input port clocked by clk)
Endpoint: _28_ (removal check against rising-edge clock clk)
Path Group: asynchronous
Path Type: min

Fanout         Cap        Slew       Delay        Time   Description
---------------------------------------------------------------------------------------------
                                  0.000000    0.000000   clock clk (rise edge)
                                  0.000000    0.000000   clock network delay (propagated)
                                  4.000000    4.000000 ^ input external delay
     1    0.002317    0.029062    0.013292    4.013292 ^ rst_n (in)
                                                         rst_n (net)
                      0.029062    0.000000    4.013292 ^ input1/A (sky130_fd_sc_hd__buf_2)
     6    0.032470    0.259130    0.313316    4.326608 ^ input1/X (sky130_fd_sc_hd__buf_2)
                                                         net1 (net)
                      0.259239    0.004396    4.331004 ^ _28_/RESET_B (sky130_fd_sc_hd__dfrtp_4)
                                              4.331004   data arrival time

                                  0.000000    0.000000   clock clk (rise edge)
                                  0.000000    0.000000   clock source latency
     1    0.012924    0.101247    0.067270    0.067270 ^ clk (in)
                                                         clk (net)
                      0.101260    0.000000    0.067270 ^ clkbuf_0_clk/A (sky130_fd_sc_hd__clkbuf_16)
     2    0.019090    0.066308    0.234270    0.301540 ^ clkbuf_0_clk/X (sky130_fd_sc_hd__clkbuf_16)
                                                         clknet_0_clk (net)
                      0.066324    0.001168    0.302708 ^ clkbuf_1_0__f_clk/A (sky130_fd_sc_hd__clkbuf_16)
     3    0.009432    0.054164    0.204737    0.507445 ^ clkbuf_1_0__f_clk/X (sky130_fd_sc_hd__clkbuf_16)
                                                         clknet_1_0__leaf_clk (net)
                      0.054166    0.000739    0.508184 ^ _28_/CLK (sky130_fd_sc_hd__dfrtp_4)
                                  0.250000    0.758184   clock uncertainty
                                  0.000000    0.758184   clock reconvergence pessimism
                                  0.712457    1.470641   library removal time
                                              1.470641   data required time
---------------------------------------------------------------------------------------------
                                              1.470641   data required time
                                             -4.331004   data arrival time
---------------------------------------------------------------------------------------------
                                              2.860363   slack (MET)


Startpoint: rst_n (input port clocked by clk)
Endpoint: _29_ (removal check against rising-edge clock clk)
Path Group: asynchronous
Path Type: min

Fanout         Cap        Slew       Delay        Time   Description
---------------------------------------------------------------------------------------------
                                  0.000000    0.000000   clock clk (rise edge)
                                  0.000000    0.000000   clock network delay (propagated)
                                  4.000000    4.000000 ^ input external delay
     1    0.002317    0.029062    0.013292    4.013292 ^ rst_n (in)
                                                         rst_n (net)
                      0.029062    0.000000    4.013292 ^ input1/A (sky130_fd_sc_hd__buf_2)
     6    0.032470    0.259130    0.313316    4.326608 ^ input1/X (sky130_fd_sc_hd__buf_2)
                                                         net1 (net)
                      0.259239    0.004403    4.331011 ^ _29_/RESET_B (sky130_fd_sc_hd__dfrtp_4)
                                              4.331011   data arrival time

                                  0.000000    0.000000   clock clk (rise edge)
                                  0.000000    0.000000   clock source latency
     1    0.012924    0.101247    0.067270    0.067270 ^ clk (in)
                                                         clk (net)
                      0.101260    0.000000    0.067270 ^ clkbuf_0_clk/A (sky130_fd_sc_hd__clkbuf_16)
     2    0.019090    0.066308    0.234270    0.301540 ^ clkbuf_0_clk/X (sky130_fd_sc_hd__clkbuf_16)
                                                         clknet_0_clk (net)
                      0.066324    0.001168    0.302708 ^ clkbuf_1_0__f_clk/A (sky130_fd_sc_hd__clkbuf_16)
     3    0.009432    0.054164    0.204737    0.507445 ^ clkbuf_1_0__f_clk/X (sky130_fd_sc_hd__clkbuf_16)
                                                         clknet_1_0__leaf_clk (net)
                      0.054165    0.000453    0.507897 ^ _29_/CLK (sky130_fd_sc_hd__dfrtp_4)
                                  0.250000    0.757898   clock uncertainty
                                  0.000000    0.757898   clock reconvergence pessimism
                                  0.712457    1.470355   library removal time
                                              1.470355   data required time
---------------------------------------------------------------------------------------------
                                              1.470355   data required time
                                             -4.331011   data arrival time
---------------------------------------------------------------------------------------------
                                              2.860656   slack (MET)


Startpoint: rst_n (input port clocked by clk)
Endpoint: _26_ (removal check against rising-edge clock clk)
Path Group: asynchronous
Path Type: min

Fanout         Cap        Slew       Delay        Time   Description
---------------------------------------------------------------------------------------------
                                  0.000000    0.000000   clock clk (rise edge)
                                  0.000000    0.000000   clock network delay (propagated)
                                  4.000000    4.000000 ^ input external delay
     1    0.002317    0.029062    0.013292    4.013292 ^ rst_n (in)
                                                         rst_n (net)
                      0.029062    0.000000    4.013292 ^ input1/A (sky130_fd_sc_hd__buf_2)
     6    0.032470    0.259130    0.313316    4.326608 ^ input1/X (sky130_fd_sc_hd__buf_2)
                                                         net1 (net)
                      0.259157    0.002211    4.328818 ^ _26_/RESET_B (sky130_fd_sc_hd__dfrtp_4)
                                              4.328818   data arrival time

                                  0.000000    0.000000   clock clk (rise edge)
                                  0.000000    0.000000   clock source latency
     1    0.012924    0.101247    0.067270    0.067270 ^ clk (in)
                                                         clk (net)
                      0.101260    0.000000    0.067270 ^ clkbuf_0_clk/A (sky130_fd_sc_hd__clkbuf_16)
     2    0.019090    0.066308    0.234270    0.301540 ^ clkbuf_0_clk/X (sky130_fd_sc_hd__clkbuf_16)
                                                         clknet_0_clk (net)
                      0.066324    0.001146    0.302685 ^ clkbuf_1_1__f_clk/A (sky130_fd_sc_hd__clkbuf_16)
     3    0.008385    0.052361    0.202797    0.505482 ^ clkbuf_1_1__f_clk/X (sky130_fd_sc_hd__clkbuf_16)
                                                         clknet_1_1__leaf_clk (net)
                      0.052361    0.000458    0.505940 ^ _26_/CLK (sky130_fd_sc_hd__dfrtp_4)
                                  0.250000    0.755940   clock uncertainty
                                  0.000000    0.755940   clock reconvergence pessimism
                                  0.711890    1.467830   library removal time
                                              1.467830   data required time
---------------------------------------------------------------------------------------------
                                              1.467830   data required time
                                             -4.328818   data arrival time
---------------------------------------------------------------------------------------------
                                              2.860988   slack (MET)


Startpoint: rst_n (input port clocked by clk)
Endpoint: _25_ (removal check against rising-edge clock clk)
Path Group: asynchronous
Path Type: min

Fanout         Cap        Slew       Delay        Time   Description
---------------------------------------------------------------------------------------------
                                  0.000000    0.000000   clock clk (rise edge)
                                  0.000000    0.000000   clock network delay (propagated)
                                  4.000000    4.000000 ^ input external delay
     1    0.002317    0.029062    0.013292    4.013292 ^ rst_n (in)
                                                         rst_n (net)
                      0.029062    0.000000    4.013292 ^ input1/A (sky130_fd_sc_hd__buf_2)
     6    0.032470    0.259130    0.313316    4.326608 ^ input1/X (sky130_fd_sc_hd__buf_2)
                                                         net1 (net)
                      0.259166    0.002549    4.329157 ^ _25_/RESET_B (sky130_fd_sc_hd__dfrtp_4)
                                              4.329157   data arrival time

                                  0.000000    0.000000   clock clk (rise edge)
                                  0.000000    0.000000   clock source latency
     1    0.012924    0.101247    0.067270    0.067270 ^ clk (in)
                                                         clk (net)
                      0.101260    0.000000    0.067270 ^ clkbuf_0_clk/A (sky130_fd_sc_hd__clkbuf_16)
     2    0.019090    0.066308    0.234270    0.301540 ^ clkbuf_0_clk/X (sky130_fd_sc_hd__clkbuf_16)
                                                         clknet_0_clk (net)
                      0.066324    0.001146    0.302685 ^ clkbuf_1_1__f_clk/A (sky130_fd_sc_hd__clkbuf_16)
     3    0.008385    0.052361    0.202797    0.505482 ^ clkbuf_1_1__f_clk/X (sky130_fd_sc_hd__clkbuf_16)
                                                         clknet_1_1__leaf_clk (net)
                      0.052361    0.000460    0.505942 ^ _25_/CLK (sky130_fd_sc_hd__dfrtp_4)
                                  0.250000    0.755942   clock uncertainty
                                  0.000000    0.755942   clock reconvergence pessimism
                                  0.711893    1.467835   library removal time
                                              1.467835   data required time
---------------------------------------------------------------------------------------------
                                              1.467835   data required time
                                             -4.329157   data arrival time
---------------------------------------------------------------------------------------------
                                              2.861321   slack (MET)


Startpoint: rst_n (input port clocked by clk)
Endpoint: _24_ (removal check against rising-edge clock clk)
Path Group: asynchronous
Path Type: min

Fanout         Cap        Slew       Delay        Time   Description
---------------------------------------------------------------------------------------------
                                  0.000000    0.000000   clock clk (rise edge)
                                  0.000000    0.000000   clock network delay (propagated)
                                  4.000000    4.000000 ^ input external delay
     1    0.002317    0.029062    0.013292    4.013292 ^ rst_n (in)
                                                         rst_n (net)
                      0.029062    0.000000    4.013292 ^ input1/A (sky130_fd_sc_hd__buf_2)
     6    0.032470    0.259130    0.313316    4.326608 ^ input1/X (sky130_fd_sc_hd__buf_2)
                                                         net1 (net)
                      0.259211    0.003793    4.330400 ^ _24_/RESET_B (sky130_fd_sc_hd__dfrtp_4)
                                              4.330400   data arrival time

                                  0.000000    0.000000   clock clk (rise edge)
                                  0.000000    0.000000   clock source latency
     1    0.012924    0.101247    0.067270    0.067270 ^ clk (in)
                                                         clk (net)
                      0.101260    0.000000    0.067270 ^ clkbuf_0_clk/A (sky130_fd_sc_hd__clkbuf_16)
     2    0.019090    0.066308    0.234270    0.301540 ^ clkbuf_0_clk/X (sky130_fd_sc_hd__clkbuf_16)
                                                         clknet_0_clk (net)
                      0.066324    0.001146    0.302685 ^ clkbuf_1_1__f_clk/A (sky130_fd_sc_hd__clkbuf_16)
     3    0.008385    0.052361    0.202797    0.505482 ^ clkbuf_1_1__f_clk/X (sky130_fd_sc_hd__clkbuf_16)
                                                         clknet_1_1__leaf_clk (net)
                      0.052361    0.000474    0.505956 ^ _24_/CLK (sky130_fd_sc_hd__dfrtp_4)
                                  0.250000    0.755956   clock uncertainty
                                  0.000000    0.755956   clock reconvergence pessimism
                                  0.711907    1.467863   library removal time
                                              1.467863   data required time
---------------------------------------------------------------------------------------------
                                              1.467863   data required time
                                             -4.330400   data arrival time
---------------------------------------------------------------------------------------------
                                              2.862537   slack (MET)


Startpoint: _29_ (rising edge-triggered flip-flop clocked by clk)
Endpoint: uo_out[5] (output port clocked by clk)
Path Group: clk
Path Type: min

Fanout         Cap        Slew       Delay        Time   Description
---------------------------------------------------------------------------------------------
                                  0.000000    0.000000   clock clk (rise edge)
                                  0.000000    0.000000   clock source latency
     1    0.012924    0.101247    0.067270    0.067270 ^ clk (in)
                                                         clk (net)
                      0.101260    0.000000    0.067270 ^ clkbuf_0_clk/A (sky130_fd_sc_hd__clkbuf_16)
     2    0.019090    0.066308    0.234270    0.301540 ^ clkbuf_0_clk/X (sky130_fd_sc_hd__clkbuf_16)
                                                         clknet_0_clk (net)
                      0.066324    0.001168    0.302708 ^ clkbuf_1_0__f_clk/A (sky130_fd_sc_hd__clkbuf_16)
     3    0.009432    0.054164    0.204737    0.507445 ^ clkbuf_1_0__f_clk/X (sky130_fd_sc_hd__clkbuf_16)
                                                         clknet_1_0__leaf_clk (net)
                      0.054165    0.000453    0.507897 ^ _29_/CLK (sky130_fd_sc_hd__dfrtp_4)
     2    0.039874    0.233523    0.941187    1.449085 ^ _29_/Q (sky130_fd_sc_hd__dfrtp_4)
                                                         uo_out[5] (net)
                      0.233538    0.002090    1.451175 ^ uo_out[5] (out)
                                              1.451175   data arrival time

                                  0.000000    0.000000   clock clk (rise edge)
                                  0.000000    0.000000   clock network delay (propagated)
                                  0.250000    0.250000   clock uncertainty
                                  0.000000    0.250000   clock reconvergence pessimism
                                 -4.000000   -3.750000   output external delay
                                             -3.750000   data required time
---------------------------------------------------------------------------------------------
                                             -3.750000   data required time
                                             -1.451175   data arrival time
---------------------------------------------------------------------------------------------
                                              5.201175   slack (MET)


Startpoint: _28_ (rising edge-triggered flip-flop clocked by clk)
Endpoint: uo_out[4] (output port clocked by clk)
Path Group: clk
Path Type: min

Fanout         Cap        Slew       Delay        Time   Description
---------------------------------------------------------------------------------------------
                                  0.000000    0.000000   clock clk (rise edge)
                                  0.000000    0.000000   clock source latency
     1    0.012924    0.101247    0.067270    0.067270 ^ clk (in)
                                                         clk (net)
                      0.101260    0.000000    0.067270 ^ clkbuf_0_clk/A (sky130_fd_sc_hd__clkbuf_16)
     2    0.019090    0.066308    0.234270    0.301540 ^ clkbuf_0_clk/X (sky130_fd_sc_hd__clkbuf_16)
                                                         clknet_0_clk (net)
                      0.066324    0.001168    0.302708 ^ clkbuf_1_0__f_clk/A (sky130_fd_sc_hd__clkbuf_16)
     3    0.009432    0.054164    0.204737    0.507445 ^ clkbuf_1_0__f_clk/X (sky130_fd_sc_hd__clkbuf_16)
                                                         clknet_1_0__leaf_clk (net)
                      0.054166    0.000739    0.508184 ^ _28_/CLK (sky130_fd_sc_hd__dfrtp_4)
     3    0.041068    0.237843    0.945084    1.453268 ^ _28_/Q (sky130_fd_sc_hd__dfrtp_4)
                                                         uo_out[4] (net)
                      0.237868    0.002579    1.455847 ^ uo_out[4] (out)
                                              1.455847   data arrival time

                                  0.000000    0.000000   clock clk (rise edge)
                                  0.000000    0.000000   clock network delay (propagated)
                                  0.250000    0.250000   clock uncertainty
                                  0.000000    0.250000   clock reconvergence pessimism
                                 -4.000000   -3.750000   output external delay
                                             -3.750000   data required time
---------------------------------------------------------------------------------------------
                                             -3.750000   data required time
                                             -1.455847   data arrival time
---------------------------------------------------------------------------------------------
                                              5.205847   slack (MET)


Startpoint: _27_ (rising edge-triggered flip-flop clocked by clk)
Endpoint: uo_out[3] (output port clocked by clk)
Path Group: clk
Path Type: min

Fanout         Cap        Slew       Delay        Time   Description
---------------------------------------------------------------------------------------------
                                  0.000000    0.000000   clock clk (rise edge)
                                  0.000000    0.000000   clock source latency
     1    0.012924    0.101247    0.067270    0.067270 ^ clk (in)
                                                         clk (net)
                      0.101260    0.000000    0.067270 ^ clkbuf_0_clk/A (sky130_fd_sc_hd__clkbuf_16)
     2    0.019090    0.066308    0.234270    0.301540 ^ clkbuf_0_clk/X (sky130_fd_sc_hd__clkbuf_16)
                                                         clknet_0_clk (net)
                      0.066324    0.001168    0.302708 ^ clkbuf_1_0__f_clk/A (sky130_fd_sc_hd__clkbuf_16)
     3    0.009432    0.054164    0.204737    0.507445 ^ clkbuf_1_0__f_clk/X (sky130_fd_sc_hd__clkbuf_16)
                                                         clknet_1_0__leaf_clk (net)
                      0.054166    0.000682    0.508127 ^ _27_/CLK (sky130_fd_sc_hd__dfrtp_4)
     3    0.041397    0.239552    0.946158    1.454285 ^ _27_/Q (sky130_fd_sc_hd__dfrtp_4)
                                                         uo_out[3] (net)
                      0.239577    0.002572    1.456857 ^ uo_out[3] (out)
                                              1.456857   data arrival time

                                  0.000000    0.000000   clock clk (rise edge)
                                  0.000000    0.000000   clock network delay (propagated)
                                  0.250000    0.250000   clock uncertainty
                                  0.000000    0.250000   clock reconvergence pessimism
                                 -4.000000   -3.750000   output external delay
                                             -3.750000   data required time
---------------------------------------------------------------------------------------------
                                             -3.750000   data required time
                                             -1.456857   data arrival time
---------------------------------------------------------------------------------------------
                                              5.206857   slack (MET)


Startpoint: _25_ (rising edge-triggered flip-flop clocked by clk)
Endpoint: uo_out[1] (output port clocked by clk)
Path Group: clk
Path Type: min

Fanout         Cap        Slew       Delay        Time   Description
---------------------------------------------------------------------------------------------
                                  0.000000    0.000000   clock clk (rise edge)
                                  0.000000    0.000000   clock source latency
     1    0.012924    0.101247    0.067270    0.067270 ^ clk (in)
                                                         clk (net)
                      0.101260    0.000000    0.067270 ^ clkbuf_0_clk/A (sky130_fd_sc_hd__clkbuf_16)
     2    0.019090    0.066308    0.234270    0.301540 ^ clkbuf_0_clk/X (sky130_fd_sc_hd__clkbuf_16)
                                                         clknet_0_clk (net)
                      0.066324    0.001146    0.302685 ^ clkbuf_1_1__f_clk/A (sky130_fd_sc_hd__clkbuf_16)
     3    0.008385    0.052361    0.202797    0.505482 ^ clkbuf_1_1__f_clk/X (sky130_fd_sc_hd__clkbuf_16)
                                                         clknet_1_1__leaf_clk (net)
                      0.052361    0.000460    0.505942 ^ _25_/CLK (sky130_fd_sc_hd__dfrtp_4)
     5    0.045073    0.253642    0.957253    1.463196 ^ _25_/Q (sky130_fd_sc_hd__dfrtp_4)
                                                         uo_out[1] (net)
                      0.253713    0.004082    1.467278 ^ uo_out[1] (out)
                                              1.467278   data arrival time

                                  0.000000    0.000000   clock clk (rise edge)
                                  0.000000    0.000000   clock network delay (propagated)
                                  0.250000    0.250000   clock uncertainty
                                  0.000000    0.250000   clock reconvergence pessimism
                                 -4.000000   -3.750000   output external delay
                                             -3.750000   data required time
---------------------------------------------------------------------------------------------
                                             -3.750000   data required time
                                             -1.467278   data arrival time
---------------------------------------------------------------------------------------------
                                              5.217278   slack (MET)


Startpoint: _26_ (rising edge-triggered flip-flop clocked by clk)
Endpoint: uo_out[2] (output port clocked by clk)
Path Group: clk
Path Type: min

Fanout         Cap        Slew       Delay        Time   Description
---------------------------------------------------------------------------------------------
                                  0.000000    0.000000   clock clk (rise edge)
                                  0.000000    0.000000   clock source latency
     1    0.012924    0.101247    0.067270    0.067270 ^ clk (in)
                                                         clk (net)
                      0.101260    0.000000    0.067270 ^ clkbuf_0_clk/A (sky130_fd_sc_hd__clkbuf_16)
     2    0.019090    0.066308    0.234270    0.301540 ^ clkbuf_0_clk/X (sky130_fd_sc_hd__clkbuf_16)
                                                         clknet_0_clk (net)
                      0.066324    0.001146    0.302685 ^ clkbuf_1_1__f_clk/A (sky130_fd_sc_hd__clkbuf_16)
     3    0.008385    0.052361    0.202797    0.505482 ^ clkbuf_1_1__f_clk/X (sky130_fd_sc_hd__clkbuf_16)
                                                         clknet_1_1__leaf_clk (net)
                      0.052361    0.000458    0.505940 ^ _26_/CLK (sky130_fd_sc_hd__dfrtp_4)
     4    0.048948    0.269107    0.969661    1.475601 ^ _26_/Q (sky130_fd_sc_hd__dfrtp_4)
                                                         uo_out[2] (net)
                      0.269238    0.005515    1.481115 ^ uo_out[2] (out)
                                              1.481115   data arrival time

                                  0.000000    0.000000   clock clk (rise edge)
                                  0.000000    0.000000   clock network delay (propagated)
                                  0.250000    0.250000   clock uncertainty
                                  0.000000    0.250000   clock reconvergence pessimism
                                 -4.000000   -3.750000   output external delay
                                             -3.750000   data required time
---------------------------------------------------------------------------------------------
                                             -3.750000   data required time
                                             -1.481115   data arrival time
---------------------------------------------------------------------------------------------
                                              5.231115   slack (MET)


Startpoint: _24_ (rising edge-triggered flip-flop clocked by clk)
Endpoint: uo_out[0] (output port clocked by clk)
Path Group: clk
Path Type: min

Fanout         Cap        Slew       Delay        Time   Description
---------------------------------------------------------------------------------------------
                                  0.000000    0.000000   clock clk (rise edge)
                                  0.000000    0.000000   clock source latency
     1    0.012924    0.101247    0.067270    0.067270 ^ clk (in)
                                                         clk (net)
                      0.101260    0.000000    0.067270 ^ clkbuf_0_clk/A (sky130_fd_sc_hd__clkbuf_16)
     2    0.019090    0.066308    0.234270    0.301540 ^ clkbuf_0_clk/X (sky130_fd_sc_hd__clkbuf_16)
                                                         clknet_0_clk (net)
                      0.066324    0.001146    0.302685 ^ clkbuf_1_1__f_clk/A (sky130_fd_sc_hd__clkbuf_16)
     3    0.008385    0.052361    0.202797    0.505482 ^ clkbuf_1_1__f_clk/X (sky130_fd_sc_hd__clkbuf_16)
                                                         clknet_1_1__leaf_clk (net)
                      0.052361    0.000474    0.505956 ^ _24_/CLK (sky130_fd_sc_hd__dfrtp_4)
     6    0.049673    0.272254    0.973556    1.479512 ^ _24_/Q (sky130_fd_sc_hd__dfrtp_4)
                                                         uo_out[0] (net)
                      0.272279    0.002792    1.482304 ^ uo_out[0] (out)
                                              1.482304   data arrival time

                                  0.000000    0.000000   clock clk (rise edge)
                                  0.000000    0.000000   clock network delay (propagated)
                                  0.250000    0.250000   clock uncertainty
                                  0.000000    0.250000   clock reconvergence pessimism
                                 -4.000000   -3.750000   output external delay
                                             -3.750000   data required time
---------------------------------------------------------------------------------------------
                                             -3.750000   data required time
                                             -1.482304   data arrival time
---------------------------------------------------------------------------------------------
                                              5.232304   slack (MET)



