Reading OpenROAD database at '/workspaces/tt-verilog-test-counter/runs/wokwi/41-openroad-repairantennas/1-diodeinsertion/tt_um_josue_olivos_6bit_counter.odb'…
Reading library file at '/home/vscode/ttsetup/pdk/ciel/sky130/versions/0fe599b2afb6708d281543108caf8310912f54af/sky130A/libs.ref/sky130_fd_sc_hd/lib/sky130_fd_sc_hd__tt_025C_1v80.lib'…
Reading design constraints file at '/nix/store/pqxyc4xmydcs5adig47yyc29r3svp5nx-python3-3.11.9-env/lib/python3.11/site-packages/librelane/scripts/base.sdc'…
[INFO] Using clock clk…
[INFO] Setting output delay to: 4
[INFO] Setting input delay to: 4
[INFO] Setting load to: 0.033442
[INFO] Setting clock uncertainty to: 0.25
[INFO] Setting clock transition to: 0.1499999999999999944488848768742172978818416595458984375
[INFO] Setting timing derate to: 5%
[INFO ORD-0030] Using 2 thread(s).
[INFO DRT-0149] Reading tech and libs.
[WARNING DRT-0349] LEF58_ENCLOSURE with no CUTCLASS is not supported. Skipping for layer mcon
[WARNING DRT-0349] LEF58_ENCLOSURE with no CUTCLASS is not supported. Skipping for layer mcon
[WARNING DRT-0349] LEF58_ENCLOSURE with no CUTCLASS is not supported. Skipping for layer via
[WARNING DRT-0349] LEF58_ENCLOSURE with no CUTCLASS is not supported. Skipping for layer via
[WARNING DRT-0349] LEF58_ENCLOSURE with no CUTCLASS is not supported. Skipping for layer via2
[WARNING DRT-0349] LEF58_ENCLOSURE with no CUTCLASS is not supported. Skipping for layer via2
[WARNING DRT-0349] LEF58_ENCLOSURE with no CUTCLASS is not supported. Skipping for layer via3
[WARNING DRT-0349] LEF58_ENCLOSURE with no CUTCLASS is not supported. Skipping for layer via3
[WARNING DRT-0349] LEF58_ENCLOSURE with no CUTCLASS is not supported. Skipping for layer via4
[WARNING DRT-0349] LEF58_ENCLOSURE with no CUTCLASS is not supported. Skipping for layer via4

Units:                1000
Number of layers:     13
Number of macros:     441
Number of vias:       28
Number of viarulegen: 25

[INFO DRT-0150] Reading design.

Design:                   tt_um_josue_olivos_6bit_counter
Die area:                 ( 0 0 ) ( 161000 111520 )
Number of track patterns: 12
Number of DEF vias:       0
Number of components:     343
Number of terminals:      45
Number of snets:          2
Number of nets:           59

[INFO DRT-0167] List of default vias:
  Layer via
    default via: M1M2_PR
  Layer via2
    default via: M2M3_PR
  Layer via3
    default via: M3M4_PR
  Layer via4
    default via: M4M5_PR
[INFO DRT-0162] Library cell analysis.
[INFO DRT-0163] Instance analysis.
[INFO DRT-0164] Number of unique instances = 26.
[INFO DRT-0168] Init region query.
[INFO DRT-0024]   Complete FR_MASTERSLICE.
[INFO DRT-0024]   Complete licon.
[INFO DRT-0024]   Complete li1.
[INFO DRT-0024]   Complete mcon.
[INFO DRT-0024]   Complete met1.
[INFO DRT-0024]   Complete via.
[INFO DRT-0024]   Complete met2.
[INFO DRT-0024]   Complete via2.
[INFO DRT-0024]   Complete met3.
[INFO DRT-0024]   Complete via3.
[INFO DRT-0024]   Complete met4.
[INFO DRT-0024]   Complete via4.
[INFO DRT-0024]   Complete met5.
[INFO DRT-0033] FR_MASTERSLICE shape region query size = 0.
[INFO DRT-0033] licon shape region query size = 0.
[INFO DRT-0033] li1 shape region query size = 2383.
[INFO DRT-0033] mcon shape region query size = 0.
[INFO DRT-0033] met1 shape region query size = 970.
[INFO DRT-0033] via shape region query size = 800.
[INFO DRT-0033] met2 shape region query size = 480.
[INFO DRT-0033] via2 shape region query size = 640.
[INFO DRT-0033] met3 shape region query size = 480.
[INFO DRT-0033] via3 shape region query size = 640.
[INFO DRT-0033] met4 shape region query size = 219.
[INFO DRT-0033] via4 shape region query size = 0.
[INFO DRT-0033] met5 shape region query size = 0.
[INFO DRT-0165] Start pin access.
[INFO DRT-0078]   Complete 61 pins.
[INFO DRT-0081]   Complete 20 unique inst patterns.
[INFO DRT-0084]   Complete 33 groups.
#scanned instances     = 343
#unique  instances     = 26
#stdCellGenAp          = 634
#stdCellValidPlanarAp  = 16
#stdCellValidViaAp     = 397
#stdCellPinNoAp        = 0
#stdCellPinCnt         = 89
#instTermValidViaApCnt = 0
#macroGenAp            = 0
#macroValidPlanarAp    = 0
#macroValidViaAp       = 0
#macroNoAp             = 0
[INFO DRT-0166] Complete pin access.
[INFO DRT-0267] cpu time = 00:00:02, elapsed time = 00:00:01, memory = 134.36 (MB), peak = 134.20 (MB)

[INFO DRT-0157] Number of guides:     311

[INFO DRT-0169] Post process guides.
[INFO DRT-0176] GCELLGRID X 0 DO 23 STEP 6900 ;
[INFO DRT-0177] GCELLGRID Y 0 DO 16 STEP 6900 ;
[INFO DRT-0028]   Complete FR_MASTERSLICE.
[INFO DRT-0028]   Complete licon.
[INFO DRT-0028]   Complete li1.
[INFO DRT-0028]   Complete mcon.
[INFO DRT-0028]   Complete met1.
[INFO DRT-0028]   Complete via.
[INFO DRT-0028]   Complete met2.
[INFO DRT-0028]   Complete via2.
[INFO DRT-0028]   Complete met3.
[INFO DRT-0028]   Complete via3.
[INFO DRT-0028]   Complete met4.
[INFO DRT-0028]   Complete via4.
[INFO DRT-0028]   Complete met5.
[INFO DRT-0178] Init guide query.
[INFO DRT-0035]   Complete FR_MASTERSLICE (guide).
[INFO DRT-0035]   Complete licon (guide).
[INFO DRT-0035]   Complete li1 (guide).
[INFO DRT-0035]   Complete mcon (guide).
[INFO DRT-0035]   Complete met1 (guide).
[INFO DRT-0035]   Complete via (guide).
[INFO DRT-0035]   Complete met2 (guide).
[INFO DRT-0035]   Complete via2 (guide).
[INFO DRT-0035]   Complete met3 (guide).
[INFO DRT-0035]   Complete via3 (guide).
[INFO DRT-0035]   Complete met4 (guide).
[INFO DRT-0035]   Complete via4 (guide).
[INFO DRT-0035]   Complete met5 (guide).
[INFO DRT-0036] FR_MASTERSLICE guide region query size = 0.
[INFO DRT-0036] licon guide region query size = 0.
[INFO DRT-0036] li1 guide region query size = 71.
[INFO DRT-0036] mcon guide region query size = 0.
[INFO DRT-0036] met1 guide region query size = 65.
[INFO DRT-0036] via guide region query size = 0.
[INFO DRT-0036] met2 guide region query size = 37.
[INFO DRT-0036] via2 guide region query size = 0.
[INFO DRT-0036] met3 guide region query size = 26.
[INFO DRT-0036] via3 guide region query size = 0.
[INFO DRT-0036] met4 guide region query size = 26.
[INFO DRT-0036] via4 guide region query size = 0.
[INFO DRT-0036] met5 guide region query size = 0.
[INFO DRT-0179] Init gr pin query.
[INFO DRT-0245] skipped writing guide updates to database.
[INFO DRT-0185] Post process initialize RPin region query.
[INFO DRT-0181] Start track assignment.
[INFO DRT-0184] Done with 134 vertical wires in 1 frboxes and 91 horizontal wires in 1 frboxes.
[INFO DRT-0186] Done with 3 vertical wires in 1 frboxes and 16 horizontal wires in 1 frboxes.
[INFO DRT-0182] Complete track assignment.
[INFO DRT-0267] cpu time = 00:00:00, elapsed time = 00:00:00, memory = 135.52 (MB), peak = 135.32 (MB)
[INFO DRT-0187] Start routing data preparation.
[INFO DRT-0267] cpu time = 00:00:00, elapsed time = 00:00:00, memory = 135.57 (MB), peak = 135.32 (MB)
[INFO DRT-0194] Start detail routing.
[INFO DRT-0195] Start 0th optimization iteration.
    Completing 10% with 0 violations.
    elapsed time = 00:00:00, memory = 137.68 (MB).
    Completing 20% with 0 violations.
    elapsed time = 00:00:00, memory = 138.82 (MB).
    Completing 30% with 0 violations.
    elapsed time = 00:00:00, memory = 137.60 (MB).
    Completing 40% with 1 violations.
    elapsed time = 00:00:00, memory = 137.61 (MB).
    Completing 50% with 1 violations.
    elapsed time = 00:00:00, memory = 137.61 (MB).
    Completing 60% with 1 violations.
    elapsed time = 00:00:00, memory = 137.61 (MB).
    Completing 70% with 1 violations.
    elapsed time = 00:00:00, memory = 139.50 (MB).
    Completing 80% with 1 violations.
    elapsed time = 00:00:00, memory = 140.64 (MB).
    Completing 90% with 1 violations.
    elapsed time = 00:00:00, memory = 140.64 (MB).
    Completing 100% with 1 violations.
    elapsed time = 00:00:00, memory = 140.65 (MB).
[INFO DRT-0199]   Number of violations = 1.
Viol/Layer        met1
Metal Spacing        1
[INFO DRT-0267] cpu time = 00:00:00, elapsed time = 00:00:00, memory = 488.43 (MB), peak = 500.07 (MB)
Total wire length = 516 um.
Total wire length on LAYER li1 = 0 um.
Total wire length on LAYER met1 = 299 um.
Total wire length on LAYER met2 = 117 um.
Total wire length on LAYER met3 = 28 um.
Total wire length on LAYER met4 = 71 um.
Total wire length on LAYER met5 = 0 um.
Total number of vias = 221.
Up-via summary (total 221):

----------------------
 FR_MASTERSLICE      0
            li1     83
           met1     85
           met2     27
           met3     26
           met4      0
----------------------
                   221


[INFO DRT-0195] Start 1st optimization iteration.
    Completing 10% with 1 violations.
    elapsed time = 00:00:00, memory = 488.53 (MB).
    Completing 20% with 1 violations.
    elapsed time = 00:00:00, memory = 491.62 (MB).
    Completing 30% with 1 violations.
    elapsed time = 00:00:00, memory = 492.22 (MB).
    Completing 40% with 1 violations.
    elapsed time = 00:00:00, memory = 492.22 (MB).
    Completing 50% with 1 violations.
    elapsed time = 00:00:00, memory = 492.22 (MB).
    Completing 60% with 1 violations.
    elapsed time = 00:00:00, memory = 492.22 (MB).
    Completing 70% with 1 violations.
    elapsed time = 00:00:00, memory = 492.22 (MB).
    Completing 80% with 1 violations.
    elapsed time = 00:00:00, memory = 492.22 (MB).
    Completing 90% with 1 violations.
    elapsed time = 00:00:00, memory = 492.22 (MB).
    Completing 100% with 1 violations.
    elapsed time = 00:00:00, memory = 492.22 (MB).
[INFO DRT-0199]   Number of violations = 1.
Viol/Layer        met1
Metal Spacing        1
[INFO DRT-0267] cpu time = 00:00:00, elapsed time = 00:00:00, memory = 492.35 (MB), peak = 504.07 (MB)
Total wire length = 510 um.
Total wire length on LAYER li1 = 0 um.
Total wire length on LAYER met1 = 299 um.
Total wire length on LAYER met2 = 110 um.
Total wire length on LAYER met3 = 27 um.
Total wire length on LAYER met4 = 72 um.
Total wire length on LAYER met5 = 0 um.
Total number of vias = 217.
Up-via summary (total 217):

----------------------
 FR_MASTERSLICE      0
            li1     83
           met1     82
           met2     26
           met3     26
           met4      0
----------------------
                   217


[INFO DRT-0195] Start 2nd optimization iteration.
    Completing 10% with 1 violations.
    elapsed time = 00:00:00, memory = 492.35 (MB).
    Completing 20% with 1 violations.
    elapsed time = 00:00:00, memory = 492.47 (MB).
    Completing 30% with 1 violations.
    elapsed time = 00:00:00, memory = 497.86 (MB).
    Completing 40% with 0 violations.
    elapsed time = 00:00:00, memory = 497.86 (MB).
    Completing 50% with 0 violations.
    elapsed time = 00:00:00, memory = 497.86 (MB).
    Completing 60% with 0 violations.
    elapsed time = 00:00:00, memory = 497.86 (MB).
    Completing 70% with 0 violations.
    elapsed time = 00:00:00, memory = 497.86 (MB).
    Completing 80% with 0 violations.
    elapsed time = 00:00:00, memory = 497.86 (MB).
    Completing 90% with 0 violations.
    elapsed time = 00:00:00, memory = 497.86 (MB).
    Completing 100% with 0 violations.
    elapsed time = 00:00:00, memory = 497.86 (MB).
[INFO DRT-0199]   Number of violations = 0.
[INFO DRT-0267] cpu time = 00:00:00, elapsed time = 00:00:00, memory = 497.79 (MB), peak = 509.56 (MB)
Total wire length = 512 um.
Total wire length on LAYER li1 = 0 um.
Total wire length on LAYER met1 = 300 um.
Total wire length on LAYER met2 = 111 um.
Total wire length on LAYER met3 = 27 um.
Total wire length on LAYER met4 = 72 um.
Total wire length on LAYER met5 = 0 um.
Total number of vias = 219.
Up-via summary (total 219):

----------------------
 FR_MASTERSLICE      0
            li1     83
           met1     84
           met2     26
           met3     26
           met4      0
----------------------
                   219


[INFO DRT-0198] Complete detail routing.
Total wire length = 512 um.
Total wire length on LAYER li1 = 0 um.
Total wire length on LAYER met1 = 300 um.
Total wire length on LAYER met2 = 111 um.
Total wire length on LAYER met3 = 27 um.
Total wire length on LAYER met4 = 72 um.
Total wire length on LAYER met5 = 0 um.
Total number of vias = 219.
Up-via summary (total 219):

----------------------
 FR_MASTERSLICE      0
            li1     83
           met1     84
           met2     26
           met3     26
           met4      0
----------------------
                   219


[INFO DRT-0267] cpu time = 00:00:01, elapsed time = 00:00:01, memory = 497.79 (MB), peak = 509.56 (MB)

[INFO DRT-0180] Post processing.
Setting global connections for newly added cells…
[INFO] Setting global connections...
Updating metrics…
Cell type report:                       Count       Area
  Fill cell                                78     292.78
  Tap cell                                225     281.52
  Clock buffer                              3      75.07
  Timing Repair Buffer                      1       5.00
  Inverter                                  1       3.75
  Sequential cell                           6     172.67
  Multi-Input combinational cell           29     142.64
  Total                                   343     973.43
Writing OpenROAD database to '/workspaces/tt-verilog-test-counter/runs/wokwi/43-openroad-detailedrouting/tt_um_josue_olivos_6bit_counter.odb'…
Writing netlist to '/workspaces/tt-verilog-test-counter/runs/wokwi/43-openroad-detailedrouting/tt_um_josue_olivos_6bit_counter.nl.v'…
Writing powered netlist to '/workspaces/tt-verilog-test-counter/runs/wokwi/43-openroad-detailedrouting/tt_um_josue_olivos_6bit_counter.pnl.v'…
Writing layout to '/workspaces/tt-verilog-test-counter/runs/wokwi/43-openroad-detailedrouting/tt_um_josue_olivos_6bit_counter.def'…
Writing timing constraints to '/workspaces/tt-verilog-test-counter/runs/wokwi/43-openroad-detailedrouting/tt_um_josue_olivos_6bit_counter.sdc'…
