
===========================================================================
report_checks -unconstrained
===========================================================================
======================= nom_tt_025C_1v80 Corner ===================================

Startpoint: rst_n (input port clocked by clk)
Endpoint: _28_ (recovery check against rising-edge clock clk)
Path Group: asynchronous
Path Type: max

Fanout         Cap        Slew       Delay        Time   Description
---------------------------------------------------------------------------------------------
                                  0.000000    0.000000   clock clk (rise edge)
                                  0.000000    0.000000   clock network delay (propagated)
                                  4.000000    4.000000 ^ input external delay
     6    0.027845    0.130703    0.090270    4.090270 ^ rst_n (in)
                                                         rst_n (net)
                      0.130709    0.000000    4.090270 ^ _28_/RESET_B (sky130_fd_sc_hd__dfrtp_2)
                                              4.090270   data arrival time

                                 20.000000   20.000000   clock clk (rise edge)
                                  0.000000   20.000000   clock source latency
     6    0.018084    0.087161    0.059741   20.059742 ^ clk (in)
                                                         clk (net)
                      0.087166    0.000000   20.059742 ^ _28_/CLK (sky130_fd_sc_hd__dfrtp_2)
                                 -0.250000   19.809742   clock uncertainty
                                  0.000000   19.809742   clock reconvergence pessimism
                                  0.206735   20.016476   library recovery time
                                             20.016476   data required time
---------------------------------------------------------------------------------------------
                                             20.016476   data required time
                                             -4.090270   data arrival time
---------------------------------------------------------------------------------------------
                                             15.926207   slack (MET)


Startpoint: _24_ (rising edge-triggered flip-flop clocked by clk)
Endpoint: uo_out[0] (output port clocked by clk)
Path Group: clk
Path Type: max

Fanout         Cap        Slew       Delay        Time   Description
---------------------------------------------------------------------------------------------
                                  0.000000    0.000000   clock clk (rise edge)
                                  0.000000    0.000000   clock source latency
     6    0.018084    0.087161    0.059688    0.059688 ^ clk (in)
                                                         clk (net)
                      0.087165    0.000000    0.059688 ^ _24_/CLK (sky130_fd_sc_hd__dfrtp_2)
     6    0.049992    0.242179    0.516183    0.575871 ^ _24_/Q (sky130_fd_sc_hd__dfrtp_2)
                                                         uo_out[0] (net)
                      0.242179    0.000359    0.576231 ^ uo_out[0] (out)
                                              0.576231   data arrival time

                                 20.000000   20.000000   clock clk (rise edge)
                                  0.000000   20.000000   clock network delay (propagated)
                                 -0.250000   19.750002   clock uncertainty
                                  0.000000   19.750002   clock reconvergence pessimism
                                 -4.000000   15.750001   output external delay
                                             15.750001   data required time
---------------------------------------------------------------------------------------------
                                             15.750001   data required time
                                             -0.576231   data arrival time
---------------------------------------------------------------------------------------------
                                             15.173770   slack (MET)




===========================================================================
report_checks --slack_max -0.01
============================================================================
======================= nom_tt_025C_1v80 Corner ===================================

No paths found.


===========================================================================
 report_check_types -max_slew -max_cap -max_fanout -violators
============================================================================
======================= nom_tt_025C_1v80 Corner ===================================



===========================================================================
report_parasitic_annotation -report_unannotated
============================================================================
Found 35 unannotated drivers.
 ena
 ui_in[0]
 ui_in[1]
 ui_in[2]
 ui_in[3]
 ui_in[4]
 ui_in[5]
 ui_in[6]
 ui_in[7]
 uio_in[0]
 uio_in[1]
 uio_in[2]
 uio_in[3]
 uio_in[4]
 uio_in[5]
 uio_in[6]
 uio_in[7]
 _30_/HI
 _31_/HI
 _32_/HI
 _33_/HI
 _34_/HI
 _35_/HI
 _36_/HI
 _37_/HI
 _38_/HI
 _39_/HI
 _40_/HI
 _41_/HI
 _42_/HI
 _43_/HI
 _44_/HI
 _45_/HI
 _46_/HI
 _47_/HI
Found 0 partially unannotated drivers.

===========================================================================
max slew violation count 0
Writing metric design__max_slew_violation__count__corner:nom_tt_025C_1v80: 0
max fanout violation count 0
Writing metric design__max_fanout_violation__count__corner:nom_tt_025C_1v80: 0
max cap violation count 0
Writing metric design__max_cap_violation__count__corner:nom_tt_025C_1v80: 0
============================================================================

===========================================================================
check_setup -verbose -unconstrained_endpoints -multiple_clock -no_clock -no_input_delay -loops -generated_clocks
===========================================================================
Warning: There are 18 unconstrained endpoints.
  uio_oe[0]
  uio_oe[1]
  uio_oe[2]
  uio_oe[3]
  uio_oe[4]
  uio_oe[5]
  uio_oe[6]
  uio_oe[7]
  uio_out[0]
  uio_out[1]
  uio_out[2]
  uio_out[3]
  uio_out[4]
  uio_out[5]
  uio_out[6]
  uio_out[7]
  uo_out[6]
  uo_out[7]
