Clock: clk
Sources: clk 
Generated: no
Virtual: yes
Propagated: no
Period: 20.000000

===========================================================================
report_clock_properties
============================================================================
Clock                   Period          Waveform
----------------------------------------------------
clk                  20.000000    0.000000 10.000000

===========================================================================
report_clock_latency
============================================================================
Clock clk
rise -> rise
    min     max
0.000000 0.000000 source latency
0.059558         network latency _26_/CLK
        0.059742 network latency _29_/CLK
---------------
0.059558 0.059742 latency
        0.000184 skew

fall -> fall
    min     max
0.000000 0.000000 source latency
0.027686         network latency _26_/CLK
        0.027859 network latency _29_/CLK
---------------
0.027686 0.027859 latency
        0.000172 skew



===========================================================================
report_clock_min_period
============================================================================
clk period_min = 1.59 fmax = 629.40
