Clock: clk
Sources: clk 
Generated: no
Virtual: yes
Propagated: no
Period: 20.000000

===========================================================================
report_clock_properties
============================================================================
Clock                   Period          Waveform
----------------------------------------------------
clk                  20.000000    0.000000 10.000000

===========================================================================
report_clock_latency
============================================================================
Clock clk
rise -> rise
    min     max
0.000000 0.000000 source latency
0.280590         network latency _24_/CLK
        0.281231 network latency _28_/CLK
---------------
0.280590 0.281231 latency
        0.000642 skew

fall -> fall
    min     max
0.000000 0.000000 source latency
0.284776         network latency _24_/CLK
        0.285342 network latency _28_/CLK
---------------
0.284776 0.285342 latency
        0.000566 skew



===========================================================================
report_clock_min_period
============================================================================
clk period_min = 1.50 fmax = 666.84
