
===========================================================================
report_checks -path_delay max (Setup)
============================================================================
======================= nom_tt_025C_1v80 Corner ===================================

Startpoint: _24_ (rising edge-triggered flip-flop clocked by clk)
Endpoint: uo_out[0] (output port clocked by clk)
Path Group: clk
Path Type: max

Fanout         Cap        Slew       Delay        Time   Description
---------------------------------------------------------------------------------------------
                                  0.000000    0.000000   clock clk (rise edge)
                                  0.000000    0.000000   clock source latency
     1    0.011429    0.057839    0.038809    0.038809 ^ clk (in)
                                                         clk (net)
                      0.057846    0.000000    0.038809 ^ clkbuf_0_clk/A (sky130_fd_sc_hd__clkbuf_16)
     2    0.018198    0.040316    0.128301    0.167110 ^ clkbuf_0_clk/X (sky130_fd_sc_hd__clkbuf_16)
                                                         clknet_0_clk (net)
                      0.040317    0.000351    0.167460 ^ clkbuf_1_1__f_clk/A (sky130_fd_sc_hd__clkbuf_16)
     3    0.008751    0.032264    0.112943    0.280403 ^ clkbuf_1_1__f_clk/X (sky130_fd_sc_hd__clkbuf_16)
                                                         clknet_1_1__leaf_clk (net)
                      0.032264    0.000187    0.280590 ^ _24_/CLK (sky130_fd_sc_hd__dfrtp_4)
     6    0.047696    0.118124    0.541048    0.821637 v _24_/Q (sky130_fd_sc_hd__dfrtp_4)
                                                         uo_out[0] (net)
                      0.118137    0.001278    0.822915 v uo_out[0] (out)
                                              0.822915   data arrival time

                                 20.000000   20.000000   clock clk (rise edge)
                                  0.000000   20.000000   clock network delay (propagated)
                                 -0.250000   19.750002   clock uncertainty
                                  0.000000   19.750002   clock reconvergence pessimism
                                 -4.000000   15.750001   output external delay
                                             15.750001   data required time
---------------------------------------------------------------------------------------------
                                             15.750001   data required time
                                             -0.822915   data arrival time
---------------------------------------------------------------------------------------------
                                             14.927086   slack (MET)


Startpoint: _26_ (rising edge-triggered flip-flop clocked by clk)
Endpoint: uo_out[2] (output port clocked by clk)
Path Group: clk
Path Type: max

Fanout         Cap        Slew       Delay        Time   Description
---------------------------------------------------------------------------------------------
                                  0.000000    0.000000   clock clk (rise edge)
                                  0.000000    0.000000   clock source latency
     1    0.011429    0.057839    0.038809    0.038809 ^ clk (in)
                                                         clk (net)
                      0.057846    0.000000    0.038809 ^ clkbuf_0_clk/A (sky130_fd_sc_hd__clkbuf_16)
     2    0.018198    0.040316    0.128301    0.167110 ^ clkbuf_0_clk/X (sky130_fd_sc_hd__clkbuf_16)
                                                         clknet_0_clk (net)
                      0.040317    0.000351    0.167460 ^ clkbuf_1_1__f_clk/A (sky130_fd_sc_hd__clkbuf_16)
     3    0.008751    0.032264    0.112943    0.280403 ^ clkbuf_1_1__f_clk/X (sky130_fd_sc_hd__clkbuf_16)
                                                         clknet_1_1__leaf_clk (net)
                      0.032264    0.000247    0.280650 ^ _26_/CLK (sky130_fd_sc_hd__dfrtp_4)
     4    0.046273    0.116448    0.537958    0.818608 v _26_/Q (sky130_fd_sc_hd__dfrtp_4)
                                                         uo_out[2] (net)
                      0.116501    0.002306    0.820914 v uo_out[2] (out)
                                              0.820914   data arrival time

                                 20.000000   20.000000   clock clk (rise edge)
                                  0.000000   20.000000   clock network delay (propagated)
                                 -0.250000   19.750002   clock uncertainty
                                  0.000000   19.750002   clock reconvergence pessimism
                                 -4.000000   15.750001   output external delay
                                             15.750001   data required time
---------------------------------------------------------------------------------------------
                                             15.750001   data required time
                                             -0.820914   data arrival time
---------------------------------------------------------------------------------------------
                                             14.929086   slack (MET)


Startpoint: _25_ (rising edge-triggered flip-flop clocked by clk)
Endpoint: uo_out[1] (output port clocked by clk)
Path Group: clk
Path Type: max

Fanout         Cap        Slew       Delay        Time   Description
---------------------------------------------------------------------------------------------
                                  0.000000    0.000000   clock clk (rise edge)
                                  0.000000    0.000000   clock source latency
     1    0.011429    0.057839    0.038809    0.038809 ^ clk (in)
                                                         clk (net)
                      0.057846    0.000000    0.038809 ^ clkbuf_0_clk/A (sky130_fd_sc_hd__clkbuf_16)
     2    0.018198    0.040316    0.128301    0.167110 ^ clkbuf_0_clk/X (sky130_fd_sc_hd__clkbuf_16)
                                                         clknet_0_clk (net)
                      0.040317    0.000351    0.167460 ^ clkbuf_1_1__f_clk/A (sky130_fd_sc_hd__clkbuf_16)
     3    0.008751    0.032264    0.112943    0.280403 ^ clkbuf_1_1__f_clk/X (sky130_fd_sc_hd__clkbuf_16)
                                                         clknet_1_1__leaf_clk (net)
                      0.032264    0.000246    0.280648 ^ _25_/CLK (sky130_fd_sc_hd__dfrtp_4)
     5    0.043325    0.111451    0.533617    0.814265 v _25_/Q (sky130_fd_sc_hd__dfrtp_4)
                                                         uo_out[1] (net)
                      0.111463    0.001204    0.815469 v uo_out[1] (out)
                                              0.815469   data arrival time

                                 20.000000   20.000000   clock clk (rise edge)
                                  0.000000   20.000000   clock network delay (propagated)
                                 -0.250000   19.750002   clock uncertainty
                                  0.000000   19.750002   clock reconvergence pessimism
                                 -4.000000   15.750001   output external delay
                                             15.750001   data required time
---------------------------------------------------------------------------------------------
                                             15.750001   data required time
                                             -0.815469   data arrival time
---------------------------------------------------------------------------------------------
                                             14.934532   slack (MET)


Startpoint: _28_ (rising edge-triggered flip-flop clocked by clk)
Endpoint: uo_out[4] (output port clocked by clk)
Path Group: clk
Path Type: max

Fanout         Cap        Slew       Delay        Time   Description
---------------------------------------------------------------------------------------------
                                  0.000000    0.000000   clock clk (rise edge)
                                  0.000000    0.000000   clock source latency
     1    0.011429    0.057839    0.038809    0.038809 ^ clk (in)
                                                         clk (net)
                      0.057846    0.000000    0.038809 ^ clkbuf_0_clk/A (sky130_fd_sc_hd__clkbuf_16)
     2    0.018198    0.040316    0.128301    0.167110 ^ clkbuf_0_clk/X (sky130_fd_sc_hd__clkbuf_16)
                                                         clknet_0_clk (net)
                      0.040318    0.000516    0.167625 ^ clkbuf_1_0__f_clk/A (sky130_fd_sc_hd__clkbuf_16)
     3    0.009090    0.032557    0.113260    0.280885 ^ clkbuf_1_0__f_clk/X (sky130_fd_sc_hd__clkbuf_16)
                                                         clknet_1_0__leaf_clk (net)
                      0.032558    0.000347    0.281231 ^ _28_/CLK (sky130_fd_sc_hd__dfrtp_4)
     3    0.040488    0.107273    0.528826    0.810057 v _28_/Q (sky130_fd_sc_hd__dfrtp_4)
                                                         uo_out[4] (net)
                      0.107286    0.001196    0.811253 v uo_out[4] (out)
                                              0.811253   data arrival time

                                 20.000000   20.000000   clock clk (rise edge)
                                  0.000000   20.000000   clock network delay (propagated)
                                 -0.250000   19.750002   clock uncertainty
                                  0.000000   19.750002   clock reconvergence pessimism
                                 -4.000000   15.750001   output external delay
                                             15.750001   data required time
---------------------------------------------------------------------------------------------
                                             15.750001   data required time
                                             -0.811253   data arrival time
---------------------------------------------------------------------------------------------
                                             14.938747   slack (MET)


Startpoint: _27_ (rising edge-triggered flip-flop clocked by clk)
Endpoint: uo_out[3] (output port clocked by clk)
Path Group: clk
Path Type: max

Fanout         Cap        Slew       Delay        Time   Description
---------------------------------------------------------------------------------------------
                                  0.000000    0.000000   clock clk (rise edge)
                                  0.000000    0.000000   clock source latency
     1    0.011429    0.057839    0.038809    0.038809 ^ clk (in)
                                                         clk (net)
                      0.057846    0.000000    0.038809 ^ clkbuf_0_clk/A (sky130_fd_sc_hd__clkbuf_16)
     2    0.018198    0.040316    0.128301    0.167110 ^ clkbuf_0_clk/X (sky130_fd_sc_hd__clkbuf_16)
                                                         clknet_0_clk (net)
                      0.040318    0.000516    0.167625 ^ clkbuf_1_0__f_clk/A (sky130_fd_sc_hd__clkbuf_16)
     3    0.009090    0.032557    0.113260    0.280885 ^ clkbuf_1_0__f_clk/X (sky130_fd_sc_hd__clkbuf_16)
                                                         clknet_1_0__leaf_clk (net)
                      0.032558    0.000273    0.281158 ^ _27_/CLK (sky130_fd_sc_hd__dfrtp_4)
     3    0.039769    0.106201    0.527621    0.808779 v _27_/Q (sky130_fd_sc_hd__dfrtp_4)
                                                         uo_out[3] (net)
                      0.106213    0.001151    0.809930 v uo_out[3] (out)
                                              0.809930   data arrival time

                                 20.000000   20.000000   clock clk (rise edge)
                                  0.000000   20.000000   clock network delay (propagated)
                                 -0.250000   19.750002   clock uncertainty
                                  0.000000   19.750002   clock reconvergence pessimism
                                 -4.000000   15.750001   output external delay
                                             15.750001   data required time
---------------------------------------------------------------------------------------------
                                             15.750001   data required time
                                             -0.809930   data arrival time
---------------------------------------------------------------------------------------------
                                             14.940071   slack (MET)


Startpoint: _29_ (rising edge-triggered flip-flop clocked by clk)
Endpoint: uo_out[5] (output port clocked by clk)
Path Group: clk
Path Type: max

Fanout         Cap        Slew       Delay        Time   Description
---------------------------------------------------------------------------------------------
                                  0.000000    0.000000   clock clk (rise edge)
                                  0.000000    0.000000   clock source latency
     1    0.011429    0.057839    0.038809    0.038809 ^ clk (in)
                                                         clk (net)
                      0.057846    0.000000    0.038809 ^ clkbuf_0_clk/A (sky130_fd_sc_hd__clkbuf_16)
     2    0.018198    0.040316    0.128301    0.167110 ^ clkbuf_0_clk/X (sky130_fd_sc_hd__clkbuf_16)
                                                         clknet_0_clk (net)
                      0.040318    0.000516    0.167625 ^ clkbuf_1_0__f_clk/A (sky130_fd_sc_hd__clkbuf_16)
     3    0.009090    0.032557    0.113260    0.280885 ^ clkbuf_1_0__f_clk/X (sky130_fd_sc_hd__clkbuf_16)
                                                         clknet_1_0__leaf_clk (net)
                      0.032557    0.000144    0.281029 ^ _29_/CLK (sky130_fd_sc_hd__dfrtp_4)
     2    0.039211    0.105275    0.526811    0.807840 v _29_/Q (sky130_fd_sc_hd__dfrtp_4)
                                                         uo_out[5] (net)
                      0.105281    0.000898    0.808738 v uo_out[5] (out)
                                              0.808738   data arrival time

                                 20.000000   20.000000   clock clk (rise edge)
                                  0.000000   20.000000   clock network delay (propagated)
                                 -0.250000   19.750002   clock uncertainty
                                  0.000000   19.750002   clock reconvergence pessimism
                                 -4.000000   15.750001   output external delay
                                             15.750001   data required time
---------------------------------------------------------------------------------------------
                                             15.750001   data required time
                                             -0.808738   data arrival time
---------------------------------------------------------------------------------------------
                                             14.941263   slack (MET)


Startpoint: rst_n (input port clocked by clk)
Endpoint: _24_ (recovery check against rising-edge clock clk)
Path Group: asynchronous
Path Type: max

Fanout         Cap        Slew       Delay        Time   Description
---------------------------------------------------------------------------------------------
                                  0.000000    0.000000   clock clk (rise edge)
                                  0.000000    0.000000   clock network delay (propagated)
                                  4.000000    4.000000 ^ input external delay
     1    0.002129    0.016900    0.007968    4.007968 ^ rst_n (in)
                                                         rst_n (net)
                      0.016900    0.000000    4.007968 ^ input1/A (sky130_fd_sc_hd__buf_2)
     6    0.030049    0.150583    0.172768    4.180736 ^ input1/X (sky130_fd_sc_hd__buf_2)
                                                         net1 (net)
                      0.150607    0.001573    4.182309 ^ _24_/RESET_B (sky130_fd_sc_hd__dfrtp_4)
                                              4.182309   data arrival time

                                 20.000000   20.000000   clock clk (rise edge)
                                  0.000000   20.000000   clock source latency
     1    0.011429    0.057839    0.038808   20.038809 ^ clk (in)
                                                         clk (net)
                      0.057846    0.000000   20.038809 ^ clkbuf_0_clk/A (sky130_fd_sc_hd__clkbuf_16)
     2    0.018198    0.040316    0.128301   20.167109 ^ clkbuf_0_clk/X (sky130_fd_sc_hd__clkbuf_16)
                                                         clknet_0_clk (net)
                      0.040317    0.000352   20.167461 ^ clkbuf_1_1__f_clk/A (sky130_fd_sc_hd__clkbuf_16)
     3    0.008751    0.032264    0.112943   20.280403 ^ clkbuf_1_1__f_clk/X (sky130_fd_sc_hd__clkbuf_16)
                                                         clknet_1_1__leaf_clk (net)
                      0.032264    0.000187   20.280590 ^ _24_/CLK (sky130_fd_sc_hd__dfrtp_4)
                                 -0.250000   20.030592   clock uncertainty
                                  0.000000   20.030592   clock reconvergence pessimism
                                  0.179009   20.209600   library recovery time
                                             20.209600   data required time
---------------------------------------------------------------------------------------------
                                             20.209600   data required time
                                             -4.182309   data arrival time
---------------------------------------------------------------------------------------------
                                             16.027290   slack (MET)


Startpoint: rst_n (input port clocked by clk)
Endpoint: _29_ (recovery check against rising-edge clock clk)
Path Group: asynchronous
Path Type: max

Fanout         Cap        Slew       Delay        Time   Description
---------------------------------------------------------------------------------------------
                                  0.000000    0.000000   clock clk (rise edge)
                                  0.000000    0.000000   clock network delay (propagated)
                                  4.000000    4.000000 ^ input external delay
     1    0.002129    0.016900    0.007968    4.007968 ^ rst_n (in)
                                                         rst_n (net)
                      0.016900    0.000000    4.007968 ^ input1/A (sky130_fd_sc_hd__buf_2)
     6    0.030049    0.150583    0.172768    4.180736 ^ input1/X (sky130_fd_sc_hd__buf_2)
                                                         net1 (net)
                      0.150614    0.001788    4.182524 ^ _29_/RESET_B (sky130_fd_sc_hd__dfrtp_4)
                                              4.182524   data arrival time

                                 20.000000   20.000000   clock clk (rise edge)
                                  0.000000   20.000000   clock source latency
     1    0.011429    0.057839    0.038808   20.038809 ^ clk (in)
                                                         clk (net)
                      0.057846    0.000000   20.038809 ^ clkbuf_0_clk/A (sky130_fd_sc_hd__clkbuf_16)
     2    0.018198    0.040316    0.128301   20.167109 ^ clkbuf_0_clk/X (sky130_fd_sc_hd__clkbuf_16)
                                                         clknet_0_clk (net)
                      0.040318    0.000517   20.167625 ^ clkbuf_1_0__f_clk/A (sky130_fd_sc_hd__clkbuf_16)
     3    0.009090    0.032557    0.113259   20.280886 ^ clkbuf_1_0__f_clk/X (sky130_fd_sc_hd__clkbuf_16)
                                                         clknet_1_0__leaf_clk (net)
                      0.032557    0.000144   20.281029 ^ _29_/CLK (sky130_fd_sc_hd__dfrtp_4)
                                 -0.250000   20.031031   clock uncertainty
                                  0.000000   20.031031   clock reconvergence pessimism
                                  0.179099   20.210129   library recovery time
                                             20.210129   data required time
---------------------------------------------------------------------------------------------
                                             20.210129   data required time
                                             -4.182524   data arrival time
---------------------------------------------------------------------------------------------
                                             16.027605   slack (MET)


Startpoint: rst_n (input port clocked by clk)
Endpoint: _25_ (recovery check against rising-edge clock clk)
Path Group: asynchronous
Path Type: max

Fanout         Cap        Slew       Delay        Time   Description
---------------------------------------------------------------------------------------------
                                  0.000000    0.000000   clock clk (rise edge)
                                  0.000000    0.000000   clock network delay (propagated)
                                  4.000000    4.000000 ^ input external delay
     1    0.002129    0.016900    0.007968    4.007968 ^ rst_n (in)
                                                         rst_n (net)
                      0.016900    0.000000    4.007968 ^ input1/A (sky130_fd_sc_hd__buf_2)
     6    0.030049    0.150583    0.172768    4.180736 ^ input1/X (sky130_fd_sc_hd__buf_2)
                                                         net1 (net)
                      0.150599    0.001277    4.182013 ^ _25_/RESET_B (sky130_fd_sc_hd__dfrtp_4)
                                              4.182013   data arrival time

                                 20.000000   20.000000   clock clk (rise edge)
                                  0.000000   20.000000   clock source latency
     1    0.011429    0.057839    0.038808   20.038809 ^ clk (in)
                                                         clk (net)
                      0.057846    0.000000   20.038809 ^ clkbuf_0_clk/A (sky130_fd_sc_hd__clkbuf_16)
     2    0.018198    0.040316    0.128301   20.167109 ^ clkbuf_0_clk/X (sky130_fd_sc_hd__clkbuf_16)
                                                         clknet_0_clk (net)
                      0.040317    0.000352   20.167461 ^ clkbuf_1_1__f_clk/A (sky130_fd_sc_hd__clkbuf_16)
     3    0.008751    0.032264    0.112943   20.280403 ^ clkbuf_1_1__f_clk/X (sky130_fd_sc_hd__clkbuf_16)
                                                         clknet_1_1__leaf_clk (net)
                      0.032264    0.000245   20.280649 ^ _25_/CLK (sky130_fd_sc_hd__dfrtp_4)
                                 -0.250000   20.030649   clock uncertainty
                                  0.000000   20.030649   clock reconvergence pessimism
                                  0.179012   20.209661   library recovery time
                                             20.209661   data required time
---------------------------------------------------------------------------------------------
                                             20.209661   data required time
                                             -4.182013   data arrival time
---------------------------------------------------------------------------------------------
                                             16.027649   slack (MET)


Startpoint: rst_n (input port clocked by clk)
Endpoint: _28_ (recovery check against rising-edge clock clk)
Path Group: asynchronous
Path Type: max

Fanout         Cap        Slew       Delay        Time   Description
---------------------------------------------------------------------------------------------
                                  0.000000    0.000000   clock clk (rise edge)
                                  0.000000    0.000000   clock network delay (propagated)
                                  4.000000    4.000000 ^ input external delay
     1    0.002129    0.016900    0.007968    4.007968 ^ rst_n (in)
                                                         rst_n (net)
                      0.016900    0.000000    4.007968 ^ input1/A (sky130_fd_sc_hd__buf_2)
     6    0.030049    0.150583    0.172768    4.180736 ^ input1/X (sky130_fd_sc_hd__buf_2)
                                                         net1 (net)
                      0.150614    0.001796    4.182532 ^ _28_/RESET_B (sky130_fd_sc_hd__dfrtp_4)
                                              4.182532   data arrival time

                                 20.000000   20.000000   clock clk (rise edge)
                                  0.000000   20.000000   clock source latency
     1    0.011429    0.057839    0.038808   20.038809 ^ clk (in)
                                                         clk (net)
                      0.057846    0.000000   20.038809 ^ clkbuf_0_clk/A (sky130_fd_sc_hd__clkbuf_16)
     2    0.018198    0.040316    0.128301   20.167109 ^ clkbuf_0_clk/X (sky130_fd_sc_hd__clkbuf_16)
                                                         clknet_0_clk (net)
                      0.040318    0.000517   20.167625 ^ clkbuf_1_0__f_clk/A (sky130_fd_sc_hd__clkbuf_16)
     3    0.009090    0.032557    0.113259   20.280886 ^ clkbuf_1_0__f_clk/X (sky130_fd_sc_hd__clkbuf_16)
                                                         clknet_1_0__leaf_clk (net)
                      0.032558    0.000346   20.281231 ^ _28_/CLK (sky130_fd_sc_hd__dfrtp_4)
                                 -0.250000   20.031233   clock uncertainty
                                  0.000000   20.031233   clock reconvergence pessimism
                                  0.179100   20.210331   library recovery time
                                             20.210331   data required time
---------------------------------------------------------------------------------------------
                                             20.210331   data required time
                                             -4.182532   data arrival time
---------------------------------------------------------------------------------------------
                                             16.027800   slack (MET)


Startpoint: rst_n (input port clocked by clk)
Endpoint: _27_ (recovery check against rising-edge clock clk)
Path Group: asynchronous
Path Type: max

Fanout         Cap        Slew       Delay        Time   Description
---------------------------------------------------------------------------------------------
                                  0.000000    0.000000   clock clk (rise edge)
                                  0.000000    0.000000   clock network delay (propagated)
                                  4.000000    4.000000 ^ input external delay
     1    0.002129    0.016900    0.007968    4.007968 ^ rst_n (in)
                                                         rst_n (net)
                      0.016900    0.000000    4.007968 ^ input1/A (sky130_fd_sc_hd__buf_2)
     6    0.030049    0.150583    0.172768    4.180736 ^ input1/X (sky130_fd_sc_hd__buf_2)
                                                         net1 (net)
                      0.150609    0.001640    4.182376 ^ _27_/RESET_B (sky130_fd_sc_hd__dfrtp_4)
                                              4.182376   data arrival time

                                 20.000000   20.000000   clock clk (rise edge)
                                  0.000000   20.000000   clock source latency
     1    0.011429    0.057839    0.038808   20.038809 ^ clk (in)
                                                         clk (net)
                      0.057846    0.000000   20.038809 ^ clkbuf_0_clk/A (sky130_fd_sc_hd__clkbuf_16)
     2    0.018198    0.040316    0.128301   20.167109 ^ clkbuf_0_clk/X (sky130_fd_sc_hd__clkbuf_16)
                                                         clknet_0_clk (net)
                      0.040318    0.000517   20.167625 ^ clkbuf_1_0__f_clk/A (sky130_fd_sc_hd__clkbuf_16)
     3    0.009090    0.032557    0.113259   20.280886 ^ clkbuf_1_0__f_clk/X (sky130_fd_sc_hd__clkbuf_16)
                                                         clknet_1_0__leaf_clk (net)
                      0.032558    0.000274   20.281158 ^ _27_/CLK (sky130_fd_sc_hd__dfrtp_4)
                                 -0.250000   20.031160   clock uncertainty
                                  0.000000   20.031160   clock reconvergence pessimism
                                  0.179101   20.210260   library recovery time
                                             20.210260   data required time
---------------------------------------------------------------------------------------------
                                             20.210260   data required time
                                             -4.182376   data arrival time
---------------------------------------------------------------------------------------------
                                             16.027884   slack (MET)


Startpoint: rst_n (input port clocked by clk)
Endpoint: _26_ (recovery check against rising-edge clock clk)
Path Group: asynchronous
Path Type: max

Fanout         Cap        Slew       Delay        Time   Description
---------------------------------------------------------------------------------------------
                                  0.000000    0.000000   clock clk (rise edge)
                                  0.000000    0.000000   clock network delay (propagated)
                                  4.000000    4.000000 ^ input external delay
     1    0.002129    0.016900    0.007968    4.007968 ^ rst_n (in)
                                                         rst_n (net)
                      0.016900    0.000000    4.007968 ^ input1/A (sky130_fd_sc_hd__buf_2)
     6    0.030049    0.150583    0.172768    4.180736 ^ input1/X (sky130_fd_sc_hd__buf_2)
                                                         net1 (net)
                      0.150590    0.000871    4.181607 ^ _26_/RESET_B (sky130_fd_sc_hd__dfrtp_4)
                                              4.181607   data arrival time

                                 20.000000   20.000000   clock clk (rise edge)
                                  0.000000   20.000000   clock source latency
     1    0.011429    0.057839    0.038808   20.038809 ^ clk (in)
                                                         clk (net)
                      0.057846    0.000000   20.038809 ^ clkbuf_0_clk/A (sky130_fd_sc_hd__clkbuf_16)
     2    0.018198    0.040316    0.128301   20.167109 ^ clkbuf_0_clk/X (sky130_fd_sc_hd__clkbuf_16)
                                                         clknet_0_clk (net)
                      0.040317    0.000352   20.167461 ^ clkbuf_1_1__f_clk/A (sky130_fd_sc_hd__clkbuf_16)
     3    0.008751    0.032264    0.112943   20.280403 ^ clkbuf_1_1__f_clk/X (sky130_fd_sc_hd__clkbuf_16)
                                                         clknet_1_1__leaf_clk (net)
                      0.032264    0.000247   20.280651 ^ _26_/CLK (sky130_fd_sc_hd__dfrtp_4)
                                 -0.250000   20.030651   clock uncertainty
                                  0.000000   20.030651   clock reconvergence pessimism
                                  0.179015   20.209665   library recovery time
                                             20.209665   data required time
---------------------------------------------------------------------------------------------
                                             20.209665   data required time
                                             -4.181607   data arrival time
---------------------------------------------------------------------------------------------
                                             16.028057   slack (MET)


Startpoint: _26_ (rising edge-triggered flip-flop clocked by clk)
Endpoint: _28_ (rising edge-triggered flip-flop clocked by clk)
Path Group: clk
Path Type: max

Fanout         Cap        Slew       Delay        Time   Description
---------------------------------------------------------------------------------------------
                                  0.000000    0.000000   clock clk (rise edge)
                                  0.000000    0.000000   clock source latency
     1    0.011429    0.057839    0.038809    0.038809 ^ clk (in)
                                                         clk (net)
                      0.057846    0.000000    0.038809 ^ clkbuf_0_clk/A (sky130_fd_sc_hd__clkbuf_16)
     2    0.018198    0.040316    0.128301    0.167110 ^ clkbuf_0_clk/X (sky130_fd_sc_hd__clkbuf_16)
                                                         clknet_0_clk (net)
                      0.040317    0.000351    0.167460 ^ clkbuf_1_1__f_clk/A (sky130_fd_sc_hd__clkbuf_16)
     3    0.008751    0.032264    0.112943    0.280403 ^ clkbuf_1_1__f_clk/X (sky130_fd_sc_hd__clkbuf_16)
                                                         clknet_1_1__leaf_clk (net)
                      0.032264    0.000247    0.280650 ^ _26_/CLK (sky130_fd_sc_hd__dfrtp_4)
     4    0.046273    0.116448    0.537958    0.818608 v _26_/Q (sky130_fd_sc_hd__dfrtp_4)
                                                         uo_out[2] (net)
                      0.116472    0.001642    0.820250 v _17_/C (sky130_fd_sc_hd__and4_1)
     3    0.008971    0.063487    0.246265    1.066515 v _17_/X (sky130_fd_sc_hd__and4_1)
                                                         _08_ (net)
                      0.063488    0.000335    1.066850 v _21_/B (sky130_fd_sc_hd__or2_1)
     1    0.002095    0.044070    0.202264    1.269114 v _21_/X (sky130_fd_sc_hd__or2_1)
                                                         _11_ (net)
                      0.044070    0.000046    1.269160 v _22_/B (sky130_fd_sc_hd__and2_1)
     1    0.002704    0.034650    0.149022    1.418182 v _22_/X (sky130_fd_sc_hd__and2_1)
                                                         _04_ (net)
                      0.034650    0.000063    1.418244 v _28_/D (sky130_fd_sc_hd__dfrtp_4)
                                              1.418244   data arrival time

                                 20.000000   20.000000   clock clk (rise edge)
                                  0.000000   20.000000   clock source latency
     1    0.011429    0.057839    0.038808   20.038809 ^ clk (in)
                                                         clk (net)
                      0.057846    0.000000   20.038809 ^ clkbuf_0_clk/A (sky130_fd_sc_hd__clkbuf_16)
     2    0.018198    0.040316    0.128301   20.167109 ^ clkbuf_0_clk/X (sky130_fd_sc_hd__clkbuf_16)
                                                         clknet_0_clk (net)
                      0.040318    0.000517   20.167625 ^ clkbuf_1_0__f_clk/A (sky130_fd_sc_hd__clkbuf_16)
     3    0.009090    0.032557    0.113259   20.280886 ^ clkbuf_1_0__f_clk/X (sky130_fd_sc_hd__clkbuf_16)
                                                         clknet_1_0__leaf_clk (net)
                      0.032558    0.000346   20.281231 ^ _28_/CLK (sky130_fd_sc_hd__dfrtp_4)
                                 -0.250000   20.031233   clock uncertainty
                                  0.000000   20.031233   clock reconvergence pessimism
                                 -0.112601   19.918631   library setup time
                                             19.918631   data required time
---------------------------------------------------------------------------------------------
                                             19.918631   data required time
                                             -1.418244   data arrival time
---------------------------------------------------------------------------------------------
                                             18.500385   slack (MET)


Startpoint: _24_ (rising edge-triggered flip-flop clocked by clk)
Endpoint: _29_ (rising edge-triggered flip-flop clocked by clk)
Path Group: clk
Path Type: max

Fanout         Cap        Slew       Delay        Time   Description
---------------------------------------------------------------------------------------------
                                  0.000000    0.000000   clock clk (rise edge)
                                  0.000000    0.000000   clock source latency
     1    0.011429    0.057839    0.038809    0.038809 ^ clk (in)
                                                         clk (net)
                      0.057846    0.000000    0.038809 ^ clkbuf_0_clk/A (sky130_fd_sc_hd__clkbuf_16)
     2    0.018198    0.040316    0.128301    0.167110 ^ clkbuf_0_clk/X (sky130_fd_sc_hd__clkbuf_16)
                                                         clknet_0_clk (net)
                      0.040317    0.000351    0.167460 ^ clkbuf_1_1__f_clk/A (sky130_fd_sc_hd__clkbuf_16)
     3    0.008751    0.032264    0.112943    0.280403 ^ clkbuf_1_1__f_clk/X (sky130_fd_sc_hd__clkbuf_16)
                                                         clknet_1_1__leaf_clk (net)
                      0.032264    0.000187    0.280590 ^ _24_/CLK (sky130_fd_sc_hd__dfrtp_4)
     6    0.048686    0.162051    0.493511    0.774100 ^ _24_/Q (sky130_fd_sc_hd__dfrtp_4)
                                                         uo_out[0] (net)
                      0.162057    0.001197    0.775298 ^ _17_/B (sky130_fd_sc_hd__and4_1)
     3    0.009478    0.110320    0.254799    1.030096 ^ _17_/X (sky130_fd_sc_hd__and4_1)
                                                         _08_ (net)
                      0.110320    0.000392    1.030488 ^ _20_/B (sky130_fd_sc_hd__nand2_1)
     2    0.007331    0.072877    0.090722    1.121210 v _20_/Y (sky130_fd_sc_hd__nand2_1)
                                                         _10_ (net)
                      0.072877    0.000218    1.121428 v _23_/B (sky130_fd_sc_hd__xnor2_1)
     1    0.003792    0.054760    0.134886    1.256314 v _23_/Y (sky130_fd_sc_hd__xnor2_1)
                                                         _05_ (net)
                      0.054761    0.000109    1.256423 v _29_/D (sky130_fd_sc_hd__dfrtp_4)
                                              1.256423   data arrival time

                                 20.000000   20.000000   clock clk (rise edge)
                                  0.000000   20.000000   clock source latency
     1    0.011429    0.057839    0.038808   20.038809 ^ clk (in)
                                                         clk (net)
                      0.057846    0.000000   20.038809 ^ clkbuf_0_clk/A (sky130_fd_sc_hd__clkbuf_16)
     2    0.018198    0.040316    0.128301   20.167109 ^ clkbuf_0_clk/X (sky130_fd_sc_hd__clkbuf_16)
                                                         clknet_0_clk (net)
                      0.040318    0.000517   20.167625 ^ clkbuf_1_0__f_clk/A (sky130_fd_sc_hd__clkbuf_16)
     3    0.009090    0.032557    0.113259   20.280886 ^ clkbuf_1_0__f_clk/X (sky130_fd_sc_hd__clkbuf_16)
                                                         clknet_1_0__leaf_clk (net)
                      0.032557    0.000144   20.281029 ^ _29_/CLK (sky130_fd_sc_hd__dfrtp_4)
                                 -0.250000   20.031031   clock uncertainty
                                  0.000000   20.031031   clock reconvergence pessimism
                                 -0.121382   19.909647   library setup time
                                             19.909647   data required time
---------------------------------------------------------------------------------------------
                                             19.909647   data required time
                                             -1.256423   data arrival time
---------------------------------------------------------------------------------------------
                                             18.653225   slack (MET)


Startpoint: _24_ (rising edge-triggered flip-flop clocked by clk)
Endpoint: _27_ (rising edge-triggered flip-flop clocked by clk)
Path Group: clk
Path Type: max

Fanout         Cap        Slew       Delay        Time   Description
---------------------------------------------------------------------------------------------
                                  0.000000    0.000000   clock clk (rise edge)
                                  0.000000    0.000000   clock source latency
     1    0.011429    0.057839    0.038809    0.038809 ^ clk (in)
                                                         clk (net)
                      0.057846    0.000000    0.038809 ^ clkbuf_0_clk/A (sky130_fd_sc_hd__clkbuf_16)
     2    0.018198    0.040316    0.128301    0.167110 ^ clkbuf_0_clk/X (sky130_fd_sc_hd__clkbuf_16)
                                                         clknet_0_clk (net)
                      0.040317    0.000351    0.167460 ^ clkbuf_1_1__f_clk/A (sky130_fd_sc_hd__clkbuf_16)
     3    0.008751    0.032264    0.112943    0.280403 ^ clkbuf_1_1__f_clk/X (sky130_fd_sc_hd__clkbuf_16)
                                                         clknet_1_1__leaf_clk (net)
                      0.032264    0.000187    0.280590 ^ _24_/CLK (sky130_fd_sc_hd__dfrtp_4)
     6    0.048686    0.162051    0.493511    0.774100 ^ _24_/Q (sky130_fd_sc_hd__dfrtp_4)
                                                         uo_out[0] (net)
                      0.162057    0.001197    0.775298 ^ _17_/B (sky130_fd_sc_hd__and4_1)
     3    0.009478    0.110320    0.254799    1.030096 ^ _17_/X (sky130_fd_sc_hd__and4_1)
                                                         _08_ (net)
                      0.110320    0.000245    1.030341 ^ _19_/A_N (sky130_fd_sc_hd__and2b_1)
     1    0.002964    0.034421    0.187931    1.218272 v _19_/X (sky130_fd_sc_hd__and2b_1)
                                                         _03_ (net)
                      0.034421    0.000094    1.218366 v _27_/D (sky130_fd_sc_hd__dfrtp_4)
                                              1.218366   data arrival time

                                 20.000000   20.000000   clock clk (rise edge)
                                  0.000000   20.000000   clock source latency
     1    0.011429    0.057839    0.038808   20.038809 ^ clk (in)
                                                         clk (net)
                      0.057846    0.000000   20.038809 ^ clkbuf_0_clk/A (sky130_fd_sc_hd__clkbuf_16)
     2    0.018198    0.040316    0.128301   20.167109 ^ clkbuf_0_clk/X (sky130_fd_sc_hd__clkbuf_16)
                                                         clknet_0_clk (net)
                      0.040318    0.000517   20.167625 ^ clkbuf_1_0__f_clk/A (sky130_fd_sc_hd__clkbuf_16)
     3    0.009090    0.032557    0.113259   20.280886 ^ clkbuf_1_0__f_clk/X (sky130_fd_sc_hd__clkbuf_16)
                                                         clknet_1_0__leaf_clk (net)
                      0.032558    0.000274   20.281158 ^ _27_/CLK (sky130_fd_sc_hd__dfrtp_4)
                                 -0.250000   20.031160   clock uncertainty
                                  0.000000   20.031160   clock reconvergence pessimism
                                 -0.112502   19.918657   library setup time
                                             19.918657   data required time
---------------------------------------------------------------------------------------------
                                             19.918657   data required time
                                             -1.218366   data arrival time
---------------------------------------------------------------------------------------------
                                             18.700291   slack (MET)


Startpoint: _25_ (rising edge-triggered flip-flop clocked by clk)
Endpoint: _25_ (rising edge-triggered flip-flop clocked by clk)
Path Group: clk
Path Type: max

Fanout         Cap        Slew       Delay        Time   Description
---------------------------------------------------------------------------------------------
                                  0.000000    0.000000   clock clk (rise edge)
                                  0.000000    0.000000   clock source latency
     1    0.011429    0.057839    0.038809    0.038809 ^ clk (in)
                                                         clk (net)
                      0.057846    0.000000    0.038809 ^ clkbuf_0_clk/A (sky130_fd_sc_hd__clkbuf_16)
     2    0.018198    0.040316    0.128301    0.167110 ^ clkbuf_0_clk/X (sky130_fd_sc_hd__clkbuf_16)
                                                         clknet_0_clk (net)
                      0.040317    0.000351    0.167460 ^ clkbuf_1_1__f_clk/A (sky130_fd_sc_hd__clkbuf_16)
     3    0.008751    0.032264    0.112943    0.280403 ^ clkbuf_1_1__f_clk/X (sky130_fd_sc_hd__clkbuf_16)
                                                         clknet_1_1__leaf_clk (net)
                      0.032264    0.000246    0.280648 ^ _25_/CLK (sky130_fd_sc_hd__dfrtp_4)
     5    0.043325    0.111451    0.533617    0.814265 v _25_/Q (sky130_fd_sc_hd__dfrtp_4)
                                                         uo_out[1] (net)
                      0.111454    0.000746    0.815011 v _14_/A (sky130_fd_sc_hd__or2_1)
     1    0.002523    0.046307    0.242365    1.057376 v _14_/X (sky130_fd_sc_hd__or2_1)
                                                         _07_ (net)
                      0.046307    0.000060    1.057436 v _15_/B (sky130_fd_sc_hd__and2_1)
     1    0.003086    0.036358    0.152243    1.209679 v _15_/X (sky130_fd_sc_hd__and2_1)
                                                         _01_ (net)
                      0.036358    0.000077    1.209757 v _25_/D (sky130_fd_sc_hd__dfrtp_4)
                                              1.209757   data arrival time

                                 20.000000   20.000000   clock clk (rise edge)
                                  0.000000   20.000000   clock source latency
     1    0.011429    0.057839    0.038808   20.038809 ^ clk (in)
                                                         clk (net)
                      0.057846    0.000000   20.038809 ^ clkbuf_0_clk/A (sky130_fd_sc_hd__clkbuf_16)
     2    0.018198    0.040316    0.128301   20.167109 ^ clkbuf_0_clk/X (sky130_fd_sc_hd__clkbuf_16)
                                                         clknet_0_clk (net)
                      0.040317    0.000352   20.167461 ^ clkbuf_1_1__f_clk/A (sky130_fd_sc_hd__clkbuf_16)
     3    0.008751    0.032264    0.112943   20.280403 ^ clkbuf_1_1__f_clk/X (sky130_fd_sc_hd__clkbuf_16)
                                                         clknet_1_1__leaf_clk (net)
                      0.032264    0.000245   20.280649 ^ _25_/CLK (sky130_fd_sc_hd__dfrtp_4)
                                 -0.250000   20.030649   clock uncertainty
                                  0.000000   20.030649   clock reconvergence pessimism
                                 -0.113414   19.917234   library setup time
                                             19.917234   data required time
---------------------------------------------------------------------------------------------
                                             19.917234   data required time
                                             -1.209757   data arrival time
---------------------------------------------------------------------------------------------
                                             18.707479   slack (MET)


Startpoint: _24_ (rising edge-triggered flip-flop clocked by clk)
Endpoint: _26_ (rising edge-triggered flip-flop clocked by clk)
Path Group: clk
Path Type: max

Fanout         Cap        Slew       Delay        Time   Description
---------------------------------------------------------------------------------------------
                                  0.000000    0.000000   clock clk (rise edge)
                                  0.000000    0.000000   clock source latency
     1    0.011429    0.057839    0.038809    0.038809 ^ clk (in)
                                                         clk (net)
                      0.057846    0.000000    0.038809 ^ clkbuf_0_clk/A (sky130_fd_sc_hd__clkbuf_16)
     2    0.018198    0.040316    0.128301    0.167110 ^ clkbuf_0_clk/X (sky130_fd_sc_hd__clkbuf_16)
                                                         clknet_0_clk (net)
                      0.040317    0.000351    0.167460 ^ clkbuf_1_1__f_clk/A (sky130_fd_sc_hd__clkbuf_16)
     3    0.008751    0.032264    0.112943    0.280403 ^ clkbuf_1_1__f_clk/X (sky130_fd_sc_hd__clkbuf_16)
                                                         clknet_1_1__leaf_clk (net)
                      0.032264    0.000187    0.280590 ^ _24_/CLK (sky130_fd_sc_hd__dfrtp_4)
     6    0.047696    0.118124    0.541048    0.821637 v _24_/Q (sky130_fd_sc_hd__dfrtp_4)
                                                         uo_out[0] (net)
                      0.118135    0.001176    0.822813 v _13_/B (sky130_fd_sc_hd__nand2_1)
     2    0.007534    0.086055    0.123528    0.946341 ^ _13_/Y (sky130_fd_sc_hd__nand2_1)
                                                         _06_ (net)
                      0.086055    0.000179    0.946520 ^ _16_/B (sky130_fd_sc_hd__xnor2_1)
     1    0.003310    0.125392    0.120389    1.066910 ^ _16_/Y (sky130_fd_sc_hd__xnor2_1)
                                                         _02_ (net)
                      0.125392    0.000087    1.066996 ^ _26_/D (sky130_fd_sc_hd__dfrtp_4)
                                              1.066996   data arrival time

                                 20.000000   20.000000   clock clk (rise edge)
                                  0.000000   20.000000   clock source latency
     1    0.011429    0.057839    0.038808   20.038809 ^ clk (in)
                                                         clk (net)
                      0.057846    0.000000   20.038809 ^ clkbuf_0_clk/A (sky130_fd_sc_hd__clkbuf_16)
     2    0.018198    0.040316    0.128301   20.167109 ^ clkbuf_0_clk/X (sky130_fd_sc_hd__clkbuf_16)
                                                         clknet_0_clk (net)
                      0.040317    0.000352   20.167461 ^ clkbuf_1_1__f_clk/A (sky130_fd_sc_hd__clkbuf_16)
     3    0.008751    0.032264    0.112943   20.280403 ^ clkbuf_1_1__f_clk/X (sky130_fd_sc_hd__clkbuf_16)
                                                         clknet_1_1__leaf_clk (net)
                      0.032264    0.000247   20.280651 ^ _26_/CLK (sky130_fd_sc_hd__dfrtp_4)
                                 -0.250000   20.030651   clock uncertainty
                                  0.000000   20.030651   clock reconvergence pessimism
                                 -0.084272   19.946379   library setup time
                                             19.946379   data required time
---------------------------------------------------------------------------------------------
                                             19.946379   data required time
                                             -1.066996   data arrival time
---------------------------------------------------------------------------------------------
                                             18.879383   slack (MET)


Startpoint: _24_ (rising edge-triggered flip-flop clocked by clk)
Endpoint: _24_ (rising edge-triggered flip-flop clocked by clk)
Path Group: clk
Path Type: max

Fanout         Cap        Slew       Delay        Time   Description
---------------------------------------------------------------------------------------------
                                  0.000000    0.000000   clock clk (rise edge)
                                  0.000000    0.000000   clock source latency
     1    0.011429    0.057839    0.038809    0.038809 ^ clk (in)
                                                         clk (net)
                      0.057846    0.000000    0.038809 ^ clkbuf_0_clk/A (sky130_fd_sc_hd__clkbuf_16)
     2    0.018198    0.040316    0.128301    0.167110 ^ clkbuf_0_clk/X (sky130_fd_sc_hd__clkbuf_16)
                                                         clknet_0_clk (net)
                      0.040317    0.000351    0.167460 ^ clkbuf_1_1__f_clk/A (sky130_fd_sc_hd__clkbuf_16)
     3    0.008751    0.032264    0.112943    0.280403 ^ clkbuf_1_1__f_clk/X (sky130_fd_sc_hd__clkbuf_16)
                                                         clknet_1_1__leaf_clk (net)
                      0.032264    0.000187    0.280590 ^ _24_/CLK (sky130_fd_sc_hd__dfrtp_4)
     6    0.047696    0.118124    0.541048    0.821637 v _24_/Q (sky130_fd_sc_hd__dfrtp_4)
                                                         uo_out[0] (net)
                      0.118135    0.001204    0.822841 v _12_/A (sky130_fd_sc_hd__inv_2)
     1    0.003059    0.037885    0.065801    0.888642 ^ _12_/Y (sky130_fd_sc_hd__inv_2)
                                                         _00_ (net)
                      0.037885    0.000100    0.888741 ^ _24_/D (sky130_fd_sc_hd__dfrtp_4)
                                              0.888741   data arrival time

                                 20.000000   20.000000   clock clk (rise edge)
                                  0.000000   20.000000   clock source latency
     1    0.011429    0.057839    0.038808   20.038809 ^ clk (in)
                                                         clk (net)
                      0.057846    0.000000   20.038809 ^ clkbuf_0_clk/A (sky130_fd_sc_hd__clkbuf_16)
     2    0.018198    0.040316    0.128301   20.167109 ^ clkbuf_0_clk/X (sky130_fd_sc_hd__clkbuf_16)
                                                         clknet_0_clk (net)
                      0.040317    0.000352   20.167461 ^ clkbuf_1_1__f_clk/A (sky130_fd_sc_hd__clkbuf_16)
     3    0.008751    0.032264    0.112943   20.280403 ^ clkbuf_1_1__f_clk/X (sky130_fd_sc_hd__clkbuf_16)
                                                         clknet_1_1__leaf_clk (net)
                      0.032264    0.000187   20.280590 ^ _24_/CLK (sky130_fd_sc_hd__dfrtp_4)
                                 -0.250000   20.030592   clock uncertainty
                                  0.000000   20.030592   clock reconvergence pessimism
                                 -0.063771   19.966820   library setup time
                                             19.966820   data required time
---------------------------------------------------------------------------------------------
                                             19.966820   data required time
                                             -0.888741   data arrival time
---------------------------------------------------------------------------------------------
                                             19.078079   slack (MET)



