
===========================================================================
report_checks -path_delay min (Hold)
============================================================================
======================= nom_tt_025C_1v80 Corner ===================================

Startpoint: _24_ (rising edge-triggered flip-flop clocked by clk)
Endpoint: _24_ (rising edge-triggered flip-flop clocked by clk)
Path Group: clk
Path Type: min

Fanout         Cap        Slew       Delay        Time   Description
---------------------------------------------------------------------------------------------
                                  0.000000    0.000000   clock clk (rise edge)
                                  0.000000    0.000000   clock source latency
     1    0.011429    0.057839    0.038809    0.038809 ^ clk (in)
                                                         clk (net)
                      0.057846    0.000000    0.038809 ^ clkbuf_0_clk/A (sky130_fd_sc_hd__clkbuf_16)
     2    0.018198    0.040316    0.128301    0.167110 ^ clkbuf_0_clk/X (sky130_fd_sc_hd__clkbuf_16)
                                                         clknet_0_clk (net)
                      0.040317    0.000351    0.167460 ^ clkbuf_1_1__f_clk/A (sky130_fd_sc_hd__clkbuf_16)
     3    0.008751    0.032264    0.112943    0.280403 ^ clkbuf_1_1__f_clk/X (sky130_fd_sc_hd__clkbuf_16)
                                                         clknet_1_1__leaf_clk (net)
                      0.032264    0.000187    0.280590 ^ _24_/CLK (sky130_fd_sc_hd__dfrtp_4)
     6    0.048686    0.162051    0.493511    0.774100 ^ _24_/Q (sky130_fd_sc_hd__dfrtp_4)
                                                         uo_out[0] (net)
                      0.162058    0.001239    0.775340 ^ _12_/A (sky130_fd_sc_hd__inv_2)
     1    0.003002    0.032252    0.039806    0.815146 v _12_/Y (sky130_fd_sc_hd__inv_2)
                                                         _00_ (net)
                      0.032252    0.000097    0.815243 v _24_/D (sky130_fd_sc_hd__dfrtp_4)
                                              0.815243   data arrival time

                                  0.000000    0.000000   clock clk (rise edge)
                                  0.000000    0.000000   clock source latency
     1    0.011429    0.057839    0.038809    0.038809 ^ clk (in)
                                                         clk (net)
                      0.057846    0.000000    0.038809 ^ clkbuf_0_clk/A (sky130_fd_sc_hd__clkbuf_16)
     2    0.018198    0.040316    0.128301    0.167110 ^ clkbuf_0_clk/X (sky130_fd_sc_hd__clkbuf_16)
                                                         clknet_0_clk (net)
                      0.040317    0.000351    0.167460 ^ clkbuf_1_1__f_clk/A (sky130_fd_sc_hd__clkbuf_16)
     3    0.008751    0.032264    0.112943    0.280403 ^ clkbuf_1_1__f_clk/X (sky130_fd_sc_hd__clkbuf_16)
                                                         clknet_1_1__leaf_clk (net)
                      0.032264    0.000187    0.280590 ^ _24_/CLK (sky130_fd_sc_hd__dfrtp_4)
                                  0.250000    0.530590   clock uncertainty
                                  0.000000    0.530590   clock reconvergence pessimism
                                 -0.039775    0.490814   library hold time
                                              0.490814   data required time
---------------------------------------------------------------------------------------------
                                              0.490814   data required time
                                             -0.815243   data arrival time
---------------------------------------------------------------------------------------------
                                              0.324429   slack (MET)


Startpoint: _29_ (rising edge-triggered flip-flop clocked by clk)
Endpoint: _29_ (rising edge-triggered flip-flop clocked by clk)
Path Group: clk
Path Type: min

Fanout         Cap        Slew       Delay        Time   Description
---------------------------------------------------------------------------------------------
                                  0.000000    0.000000   clock clk (rise edge)
                                  0.000000    0.000000   clock source latency
     1    0.011429    0.057839    0.038809    0.038809 ^ clk (in)
                                                         clk (net)
                      0.057846    0.000000    0.038809 ^ clkbuf_0_clk/A (sky130_fd_sc_hd__clkbuf_16)
     2    0.018198    0.040316    0.128301    0.167110 ^ clkbuf_0_clk/X (sky130_fd_sc_hd__clkbuf_16)
                                                         clknet_0_clk (net)
                      0.040318    0.000516    0.167625 ^ clkbuf_1_0__f_clk/A (sky130_fd_sc_hd__clkbuf_16)
     3    0.009090    0.032557    0.113260    0.280885 ^ clkbuf_1_0__f_clk/X (sky130_fd_sc_hd__clkbuf_16)
                                                         clknet_1_0__leaf_clk (net)
                      0.032557    0.000144    0.281029 ^ _29_/CLK (sky130_fd_sc_hd__dfrtp_4)
     2    0.039549    0.138268    0.473399    0.754428 ^ _29_/Q (sky130_fd_sc_hd__dfrtp_4)
                                                         uo_out[5] (net)
                      0.138271    0.000869    0.755298 ^ _23_/A (sky130_fd_sc_hd__xnor2_1)
     1    0.003792    0.042075    0.093833    0.849130 v _23_/Y (sky130_fd_sc_hd__xnor2_1)
                                                         _05_ (net)
                      0.042075    0.000109    0.849239 v _29_/D (sky130_fd_sc_hd__dfrtp_4)
                                              0.849239   data arrival time

                                  0.000000    0.000000   clock clk (rise edge)
                                  0.000000    0.000000   clock source latency
     1    0.011429    0.057839    0.038809    0.038809 ^ clk (in)
                                                         clk (net)
                      0.057846    0.000000    0.038809 ^ clkbuf_0_clk/A (sky130_fd_sc_hd__clkbuf_16)
     2    0.018198    0.040316    0.128301    0.167110 ^ clkbuf_0_clk/X (sky130_fd_sc_hd__clkbuf_16)
                                                         clknet_0_clk (net)
                      0.040318    0.000516    0.167625 ^ clkbuf_1_0__f_clk/A (sky130_fd_sc_hd__clkbuf_16)
     3    0.009090    0.032557    0.113260    0.280885 ^ clkbuf_1_0__f_clk/X (sky130_fd_sc_hd__clkbuf_16)
                                                         clknet_1_0__leaf_clk (net)
                      0.032557    0.000144    0.281029 ^ _29_/CLK (sky130_fd_sc_hd__dfrtp_4)
                                  0.250000    0.531029   clock uncertainty
                                  0.000000    0.531029   clock reconvergence pessimism
                                 -0.043684    0.487345   library hold time
                                              0.487345   data required time
---------------------------------------------------------------------------------------------
                                              0.487345   data required time
                                             -0.849239   data arrival time
---------------------------------------------------------------------------------------------
                                              0.361894   slack (MET)


Startpoint: _26_ (rising edge-triggered flip-flop clocked by clk)
Endpoint: _26_ (rising edge-triggered flip-flop clocked by clk)
Path Group: clk
Path Type: min

Fanout         Cap        Slew       Delay        Time   Description
---------------------------------------------------------------------------------------------
                                  0.000000    0.000000   clock clk (rise edge)
                                  0.000000    0.000000   clock source latency
     1    0.011429    0.057839    0.038809    0.038809 ^ clk (in)
                                                         clk (net)
                      0.057846    0.000000    0.038809 ^ clkbuf_0_clk/A (sky130_fd_sc_hd__clkbuf_16)
     2    0.018198    0.040316    0.128301    0.167110 ^ clkbuf_0_clk/X (sky130_fd_sc_hd__clkbuf_16)
                                                         clknet_0_clk (net)
                      0.040317    0.000351    0.167460 ^ clkbuf_1_1__f_clk/A (sky130_fd_sc_hd__clkbuf_16)
     3    0.008751    0.032264    0.112943    0.280403 ^ clkbuf_1_1__f_clk/X (sky130_fd_sc_hd__clkbuf_16)
                                                         clknet_1_1__leaf_clk (net)
                      0.032264    0.000247    0.280650 ^ _26_/CLK (sky130_fd_sc_hd__dfrtp_4)
     4    0.046922    0.157739    0.488953    0.769603 ^ _26_/Q (sky130_fd_sc_hd__dfrtp_4)
                                                         uo_out[2] (net)
                      0.157750    0.001456    0.771058 ^ _16_/A (sky130_fd_sc_hd__xnor2_1)
     1    0.003253    0.038668    0.094130    0.865188 v _16_/Y (sky130_fd_sc_hd__xnor2_1)
                                                         _02_ (net)
                      0.038668    0.000085    0.865273 v _26_/D (sky130_fd_sc_hd__dfrtp_4)
                                              0.865273   data arrival time

                                  0.000000    0.000000   clock clk (rise edge)
                                  0.000000    0.000000   clock source latency
     1    0.011429    0.057839    0.038809    0.038809 ^ clk (in)
                                                         clk (net)
                      0.057846    0.000000    0.038809 ^ clkbuf_0_clk/A (sky130_fd_sc_hd__clkbuf_16)
     2    0.018198    0.040316    0.128301    0.167110 ^ clkbuf_0_clk/X (sky130_fd_sc_hd__clkbuf_16)
                                                         clknet_0_clk (net)
                      0.040317    0.000351    0.167460 ^ clkbuf_1_1__f_clk/A (sky130_fd_sc_hd__clkbuf_16)
     3    0.008751    0.032264    0.112943    0.280403 ^ clkbuf_1_1__f_clk/X (sky130_fd_sc_hd__clkbuf_16)
                                                         clknet_1_1__leaf_clk (net)
                      0.032264    0.000247    0.280650 ^ _26_/CLK (sky130_fd_sc_hd__dfrtp_4)
                                  0.250000    0.530650   clock uncertainty
                                  0.000000    0.530650   clock reconvergence pessimism
                                 -0.042372    0.488278   library hold time
                                              0.488278   data required time
---------------------------------------------------------------------------------------------
                                              0.488278   data required time
                                             -0.865273   data arrival time
---------------------------------------------------------------------------------------------
                                              0.376995   slack (MET)


Startpoint: _27_ (rising edge-triggered flip-flop clocked by clk)
Endpoint: _27_ (rising edge-triggered flip-flop clocked by clk)
Path Group: clk
Path Type: min

Fanout         Cap        Slew       Delay        Time   Description
---------------------------------------------------------------------------------------------
                                  0.000000    0.000000   clock clk (rise edge)
                                  0.000000    0.000000   clock source latency
     1    0.011429    0.057839    0.038809    0.038809 ^ clk (in)
                                                         clk (net)
                      0.057846    0.000000    0.038809 ^ clkbuf_0_clk/A (sky130_fd_sc_hd__clkbuf_16)
     2    0.018198    0.040316    0.128301    0.167110 ^ clkbuf_0_clk/X (sky130_fd_sc_hd__clkbuf_16)
                                                         clknet_0_clk (net)
                      0.040318    0.000516    0.167625 ^ clkbuf_1_0__f_clk/A (sky130_fd_sc_hd__clkbuf_16)
     3    0.009090    0.032557    0.113260    0.280885 ^ clkbuf_1_0__f_clk/X (sky130_fd_sc_hd__clkbuf_16)
                                                         clknet_1_0__leaf_clk (net)
                      0.032558    0.000273    0.281158 ^ _27_/CLK (sky130_fd_sc_hd__dfrtp_4)
     3    0.040222    0.140070    0.474758    0.755916 ^ _27_/Q (sky130_fd_sc_hd__dfrtp_4)
                                                         uo_out[3] (net)
                      0.140074    0.000926    0.756842 ^ _18_/B1 (sky130_fd_sc_hd__a31o_1)
     1    0.002716    0.041478    0.113503    0.870345 ^ _18_/X (sky130_fd_sc_hd__a31o_1)
                                                         _09_ (net)
                      0.041478    0.000066    0.870411 ^ _19_/B (sky130_fd_sc_hd__and2b_1)
     1    0.003021    0.043043    0.113294    0.983705 ^ _19_/X (sky130_fd_sc_hd__and2b_1)
                                                         _03_ (net)
                      0.043043    0.000096    0.983801 ^ _27_/D (sky130_fd_sc_hd__dfrtp_4)
                                              0.983801   data arrival time

                                  0.000000    0.000000   clock clk (rise edge)
                                  0.000000    0.000000   clock source latency
     1    0.011429    0.057839    0.038809    0.038809 ^ clk (in)
                                                         clk (net)
                      0.057846    0.000000    0.038809 ^ clkbuf_0_clk/A (sky130_fd_sc_hd__clkbuf_16)
     2    0.018198    0.040316    0.128301    0.167110 ^ clkbuf_0_clk/X (sky130_fd_sc_hd__clkbuf_16)
                                                         clknet_0_clk (net)
                      0.040318    0.000516    0.167625 ^ clkbuf_1_0__f_clk/A (sky130_fd_sc_hd__clkbuf_16)
     3    0.009090    0.032557    0.113260    0.280885 ^ clkbuf_1_0__f_clk/X (sky130_fd_sc_hd__clkbuf_16)
                                                         clknet_1_0__leaf_clk (net)
                      0.032558    0.000273    0.281158 ^ _27_/CLK (sky130_fd_sc_hd__dfrtp_4)
                                  0.250000    0.531158   clock uncertainty
                                  0.000000    0.531158   clock reconvergence pessimism
                                 -0.036054    0.495104   library hold time
                                              0.495104   data required time
---------------------------------------------------------------------------------------------
                                              0.495104   data required time
                                             -0.983801   data arrival time
---------------------------------------------------------------------------------------------
                                              0.488696   slack (MET)


Startpoint: _28_ (rising edge-triggered flip-flop clocked by clk)
Endpoint: _28_ (rising edge-triggered flip-flop clocked by clk)
Path Group: clk
Path Type: min

Fanout         Cap        Slew       Delay        Time   Description
---------------------------------------------------------------------------------------------
                                  0.000000    0.000000   clock clk (rise edge)
                                  0.000000    0.000000   clock source latency
     1    0.011429    0.057839    0.038809    0.038809 ^ clk (in)
                                                         clk (net)
                      0.057846    0.000000    0.038809 ^ clkbuf_0_clk/A (sky130_fd_sc_hd__clkbuf_16)
     2    0.018198    0.040316    0.128301    0.167110 ^ clkbuf_0_clk/X (sky130_fd_sc_hd__clkbuf_16)
                                                         clknet_0_clk (net)
                      0.040318    0.000516    0.167625 ^ clkbuf_1_0__f_clk/A (sky130_fd_sc_hd__clkbuf_16)
     3    0.009090    0.032557    0.113260    0.280885 ^ clkbuf_1_0__f_clk/X (sky130_fd_sc_hd__clkbuf_16)
                                                         clknet_1_0__leaf_clk (net)
                      0.032558    0.000347    0.281231 ^ _28_/CLK (sky130_fd_sc_hd__dfrtp_4)
     3    0.040753    0.141450    0.475919    0.757150 ^ _28_/Q (sky130_fd_sc_hd__dfrtp_4)
                                                         uo_out[4] (net)
                      0.141454    0.000971    0.758121 ^ _21_/A (sky130_fd_sc_hd__or2_1)
     1    0.002224    0.035517    0.116388    0.874510 ^ _21_/X (sky130_fd_sc_hd__or2_1)
                                                         _11_ (net)
                      0.035517    0.000049    0.874559 ^ _22_/B (sky130_fd_sc_hd__and2_1)
     1    0.002761    0.045706    0.111485    0.986044 ^ _22_/X (sky130_fd_sc_hd__and2_1)
                                                         _04_ (net)
                      0.045706    0.000064    0.986107 ^ _28_/D (sky130_fd_sc_hd__dfrtp_4)
                                              0.986107   data arrival time

                                  0.000000    0.000000   clock clk (rise edge)
                                  0.000000    0.000000   clock source latency
     1    0.011429    0.057839    0.038809    0.038809 ^ clk (in)
                                                         clk (net)
                      0.057846    0.000000    0.038809 ^ clkbuf_0_clk/A (sky130_fd_sc_hd__clkbuf_16)
     2    0.018198    0.040316    0.128301    0.167110 ^ clkbuf_0_clk/X (sky130_fd_sc_hd__clkbuf_16)
                                                         clknet_0_clk (net)
                      0.040318    0.000516    0.167625 ^ clkbuf_1_0__f_clk/A (sky130_fd_sc_hd__clkbuf_16)
     3    0.009090    0.032557    0.113260    0.280885 ^ clkbuf_1_0__f_clk/X (sky130_fd_sc_hd__clkbuf_16)
                                                         clknet_1_0__leaf_clk (net)
                      0.032558    0.000347    0.281231 ^ _28_/CLK (sky130_fd_sc_hd__dfrtp_4)
                                  0.250000    0.531231   clock uncertainty
                                  0.000000    0.531231   clock reconvergence pessimism
                                 -0.036613    0.494619   library hold time
                                              0.494619   data required time
---------------------------------------------------------------------------------------------
                                              0.494619   data required time
                                             -0.986107   data arrival time
---------------------------------------------------------------------------------------------
                                              0.491489   slack (MET)


Startpoint: _25_ (rising edge-triggered flip-flop clocked by clk)
Endpoint: _25_ (rising edge-triggered flip-flop clocked by clk)
Path Group: clk
Path Type: min

Fanout         Cap        Slew       Delay        Time   Description
---------------------------------------------------------------------------------------------
                                  0.000000    0.000000   clock clk (rise edge)
                                  0.000000    0.000000   clock source latency
     1    0.011429    0.057839    0.038809    0.038809 ^ clk (in)
                                                         clk (net)
                      0.057846    0.000000    0.038809 ^ clkbuf_0_clk/A (sky130_fd_sc_hd__clkbuf_16)
     2    0.018198    0.040316    0.128301    0.167110 ^ clkbuf_0_clk/X (sky130_fd_sc_hd__clkbuf_16)
                                                         clknet_0_clk (net)
                      0.040317    0.000351    0.167460 ^ clkbuf_1_1__f_clk/A (sky130_fd_sc_hd__clkbuf_16)
     3    0.008751    0.032264    0.112943    0.280403 ^ clkbuf_1_1__f_clk/X (sky130_fd_sc_hd__clkbuf_16)
                                                         clknet_1_1__leaf_clk (net)
                      0.032264    0.000246    0.280648 ^ _25_/CLK (sky130_fd_sc_hd__dfrtp_4)
     5    0.043775    0.149246    0.482598    0.763246 ^ _25_/Q (sky130_fd_sc_hd__dfrtp_4)
                                                         uo_out[1] (net)
                      0.149248    0.000755    0.764001 ^ _14_/A (sky130_fd_sc_hd__or2_1)
     1    0.002652    0.039632    0.120964    0.884966 ^ _14_/X (sky130_fd_sc_hd__or2_1)
                                                         _07_ (net)
                      0.039632    0.000064    0.885029 ^ _15_/B (sky130_fd_sc_hd__and2_1)
     1    0.003143    0.048878    0.115643    1.000672 ^ _15_/X (sky130_fd_sc_hd__and2_1)
                                                         _01_ (net)
                      0.048878    0.000079    1.000751 ^ _25_/D (sky130_fd_sc_hd__dfrtp_4)
                                              1.000751   data arrival time

                                  0.000000    0.000000   clock clk (rise edge)
                                  0.000000    0.000000   clock source latency
     1    0.011429    0.057839    0.038809    0.038809 ^ clk (in)
                                                         clk (net)
                      0.057846    0.000000    0.038809 ^ clkbuf_0_clk/A (sky130_fd_sc_hd__clkbuf_16)
     2    0.018198    0.040316    0.128301    0.167110 ^ clkbuf_0_clk/X (sky130_fd_sc_hd__clkbuf_16)
                                                         clknet_0_clk (net)
                      0.040317    0.000351    0.167460 ^ clkbuf_1_1__f_clk/A (sky130_fd_sc_hd__clkbuf_16)
     3    0.008751    0.032264    0.112943    0.280403 ^ clkbuf_1_1__f_clk/X (sky130_fd_sc_hd__clkbuf_16)
                                                         clknet_1_1__leaf_clk (net)
                      0.032264    0.000246    0.280648 ^ _25_/CLK (sky130_fd_sc_hd__dfrtp_4)
                                  0.250000    0.530648   clock uncertainty
                                  0.000000    0.530648   clock reconvergence pessimism
                                 -0.037319    0.493329   library hold time
                                              0.493329   data required time
---------------------------------------------------------------------------------------------
                                              0.493329   data required time
                                             -1.000751   data arrival time
---------------------------------------------------------------------------------------------
                                              0.507422   slack (MET)


Startpoint: rst_n (input port clocked by clk)
Endpoint: _26_ (removal check against rising-edge clock clk)
Path Group: asynchronous
Path Type: min

Fanout         Cap        Slew       Delay        Time   Description
---------------------------------------------------------------------------------------------
                                  0.000000    0.000000   clock clk (rise edge)
                                  0.000000    0.000000   clock network delay (propagated)
                                  4.000000    4.000000 ^ input external delay
     1    0.002129    0.016900    0.007968    4.007968 ^ rst_n (in)
                                                         rst_n (net)
                      0.016900    0.000000    4.007968 ^ input1/A (sky130_fd_sc_hd__buf_2)
     6    0.030049    0.150583    0.172768    4.180736 ^ input1/X (sky130_fd_sc_hd__buf_2)
                                                         net1 (net)
                      0.150590    0.000871    4.181607 ^ _26_/RESET_B (sky130_fd_sc_hd__dfrtp_4)
                                              4.181607   data arrival time

                                  0.000000    0.000000   clock clk (rise edge)
                                  0.000000    0.000000   clock source latency
     1    0.011429    0.057839    0.038809    0.038809 ^ clk (in)
                                                         clk (net)
                      0.057846    0.000000    0.038809 ^ clkbuf_0_clk/A (sky130_fd_sc_hd__clkbuf_16)
     2    0.018198    0.040316    0.128301    0.167110 ^ clkbuf_0_clk/X (sky130_fd_sc_hd__clkbuf_16)
                                                         clknet_0_clk (net)
                      0.040317    0.000351    0.167460 ^ clkbuf_1_1__f_clk/A (sky130_fd_sc_hd__clkbuf_16)
     3    0.008751    0.032264    0.112943    0.280403 ^ clkbuf_1_1__f_clk/X (sky130_fd_sc_hd__clkbuf_16)
                                                         clknet_1_1__leaf_clk (net)
                      0.032264    0.000247    0.280650 ^ _26_/CLK (sky130_fd_sc_hd__dfrtp_4)
                                  0.250000    0.530650   clock uncertainty
                                  0.000000    0.530650   clock reconvergence pessimism
                                  0.345873    0.876523   library removal time
                                              0.876523   data required time
---------------------------------------------------------------------------------------------
                                              0.876523   data required time
                                             -4.181607   data arrival time
---------------------------------------------------------------------------------------------
                                              3.305084   slack (MET)


Startpoint: rst_n (input port clocked by clk)
Endpoint: _27_ (removal check against rising-edge clock clk)
Path Group: asynchronous
Path Type: min

Fanout         Cap        Slew       Delay        Time   Description
---------------------------------------------------------------------------------------------
                                  0.000000    0.000000   clock clk (rise edge)
                                  0.000000    0.000000   clock network delay (propagated)
                                  4.000000    4.000000 ^ input external delay
     1    0.002129    0.016900    0.007968    4.007968 ^ rst_n (in)
                                                         rst_n (net)
                      0.016900    0.000000    4.007968 ^ input1/A (sky130_fd_sc_hd__buf_2)
     6    0.030049    0.150583    0.172768    4.180736 ^ input1/X (sky130_fd_sc_hd__buf_2)
                                                         net1 (net)
                      0.150609    0.001640    4.182376 ^ _27_/RESET_B (sky130_fd_sc_hd__dfrtp_4)
                                              4.182376   data arrival time

                                  0.000000    0.000000   clock clk (rise edge)
                                  0.000000    0.000000   clock source latency
     1    0.011429    0.057839    0.038809    0.038809 ^ clk (in)
                                                         clk (net)
                      0.057846    0.000000    0.038809 ^ clkbuf_0_clk/A (sky130_fd_sc_hd__clkbuf_16)
     2    0.018198    0.040316    0.128301    0.167110 ^ clkbuf_0_clk/X (sky130_fd_sc_hd__clkbuf_16)
                                                         clknet_0_clk (net)
                      0.040318    0.000516    0.167625 ^ clkbuf_1_0__f_clk/A (sky130_fd_sc_hd__clkbuf_16)
     3    0.009090    0.032557    0.113260    0.280885 ^ clkbuf_1_0__f_clk/X (sky130_fd_sc_hd__clkbuf_16)
                                                         clknet_1_0__leaf_clk (net)
                      0.032558    0.000273    0.281158 ^ _27_/CLK (sky130_fd_sc_hd__dfrtp_4)
                                  0.250000    0.531158   clock uncertainty
                                  0.000000    0.531158   clock reconvergence pessimism
                                  0.345959    0.877117   library removal time
                                              0.877117   data required time
---------------------------------------------------------------------------------------------
                                              0.877117   data required time
                                             -4.182376   data arrival time
---------------------------------------------------------------------------------------------
                                              3.305259   slack (MET)


Startpoint: rst_n (input port clocked by clk)
Endpoint: _28_ (removal check against rising-edge clock clk)
Path Group: asynchronous
Path Type: min

Fanout         Cap        Slew       Delay        Time   Description
---------------------------------------------------------------------------------------------
                                  0.000000    0.000000   clock clk (rise edge)
                                  0.000000    0.000000   clock network delay (propagated)
                                  4.000000    4.000000 ^ input external delay
     1    0.002129    0.016900    0.007968    4.007968 ^ rst_n (in)
                                                         rst_n (net)
                      0.016900    0.000000    4.007968 ^ input1/A (sky130_fd_sc_hd__buf_2)
     6    0.030049    0.150583    0.172768    4.180736 ^ input1/X (sky130_fd_sc_hd__buf_2)
                                                         net1 (net)
                      0.150614    0.001796    4.182532 ^ _28_/RESET_B (sky130_fd_sc_hd__dfrtp_4)
                                              4.182532   data arrival time

                                  0.000000    0.000000   clock clk (rise edge)
                                  0.000000    0.000000   clock source latency
     1    0.011429    0.057839    0.038809    0.038809 ^ clk (in)
                                                         clk (net)
                      0.057846    0.000000    0.038809 ^ clkbuf_0_clk/A (sky130_fd_sc_hd__clkbuf_16)
     2    0.018198    0.040316    0.128301    0.167110 ^ clkbuf_0_clk/X (sky130_fd_sc_hd__clkbuf_16)
                                                         clknet_0_clk (net)
                      0.040318    0.000516    0.167625 ^ clkbuf_1_0__f_clk/A (sky130_fd_sc_hd__clkbuf_16)
     3    0.009090    0.032557    0.113260    0.280885 ^ clkbuf_1_0__f_clk/X (sky130_fd_sc_hd__clkbuf_16)
                                                         clknet_1_0__leaf_clk (net)
                      0.032558    0.000347    0.281231 ^ _28_/CLK (sky130_fd_sc_hd__dfrtp_4)
                                  0.250000    0.531231   clock uncertainty
                                  0.000000    0.531231   clock reconvergence pessimism
                                  0.345960    0.877192   library removal time
                                              0.877192   data required time
---------------------------------------------------------------------------------------------
                                              0.877192   data required time
                                             -4.182532   data arrival time
---------------------------------------------------------------------------------------------
                                              3.305341   slack (MET)


Startpoint: rst_n (input port clocked by clk)
Endpoint: _25_ (removal check against rising-edge clock clk)
Path Group: asynchronous
Path Type: min

Fanout         Cap        Slew       Delay        Time   Description
---------------------------------------------------------------------------------------------
                                  0.000000    0.000000   clock clk (rise edge)
                                  0.000000    0.000000   clock network delay (propagated)
                                  4.000000    4.000000 ^ input external delay
     1    0.002129    0.016900    0.007968    4.007968 ^ rst_n (in)
                                                         rst_n (net)
                      0.016900    0.000000    4.007968 ^ input1/A (sky130_fd_sc_hd__buf_2)
     6    0.030049    0.150583    0.172768    4.180736 ^ input1/X (sky130_fd_sc_hd__buf_2)
                                                         net1 (net)
                      0.150599    0.001277    4.182013 ^ _25_/RESET_B (sky130_fd_sc_hd__dfrtp_4)
                                              4.182013   data arrival time

                                  0.000000    0.000000   clock clk (rise edge)
                                  0.000000    0.000000   clock source latency
     1    0.011429    0.057839    0.038809    0.038809 ^ clk (in)
                                                         clk (net)
                      0.057846    0.000000    0.038809 ^ clkbuf_0_clk/A (sky130_fd_sc_hd__clkbuf_16)
     2    0.018198    0.040316    0.128301    0.167110 ^ clkbuf_0_clk/X (sky130_fd_sc_hd__clkbuf_16)
                                                         clknet_0_clk (net)
                      0.040317    0.000351    0.167460 ^ clkbuf_1_1__f_clk/A (sky130_fd_sc_hd__clkbuf_16)
     3    0.008751    0.032264    0.112943    0.280403 ^ clkbuf_1_1__f_clk/X (sky130_fd_sc_hd__clkbuf_16)
                                                         clknet_1_1__leaf_clk (net)
                      0.032264    0.000246    0.280648 ^ _25_/CLK (sky130_fd_sc_hd__dfrtp_4)
                                  0.250000    0.530648   clock uncertainty
                                  0.000000    0.530648   clock reconvergence pessimism
                                  0.345875    0.876524   library removal time
                                              0.876524   data required time
---------------------------------------------------------------------------------------------
                                              0.876524   data required time
                                             -4.182013   data arrival time
---------------------------------------------------------------------------------------------
                                              3.305489   slack (MET)


Startpoint: rst_n (input port clocked by clk)
Endpoint: _29_ (removal check against rising-edge clock clk)
Path Group: asynchronous
Path Type: min

Fanout         Cap        Slew       Delay        Time   Description
---------------------------------------------------------------------------------------------
                                  0.000000    0.000000   clock clk (rise edge)
                                  0.000000    0.000000   clock network delay (propagated)
                                  4.000000    4.000000 ^ input external delay
     1    0.002129    0.016900    0.007968    4.007968 ^ rst_n (in)
                                                         rst_n (net)
                      0.016900    0.000000    4.007968 ^ input1/A (sky130_fd_sc_hd__buf_2)
     6    0.030049    0.150583    0.172768    4.180736 ^ input1/X (sky130_fd_sc_hd__buf_2)
                                                         net1 (net)
                      0.150614    0.001788    4.182524 ^ _29_/RESET_B (sky130_fd_sc_hd__dfrtp_4)
                                              4.182524   data arrival time

                                  0.000000    0.000000   clock clk (rise edge)
                                  0.000000    0.000000   clock source latency
     1    0.011429    0.057839    0.038809    0.038809 ^ clk (in)
                                                         clk (net)
                      0.057846    0.000000    0.038809 ^ clkbuf_0_clk/A (sky130_fd_sc_hd__clkbuf_16)
     2    0.018198    0.040316    0.128301    0.167110 ^ clkbuf_0_clk/X (sky130_fd_sc_hd__clkbuf_16)
                                                         clknet_0_clk (net)
                      0.040318    0.000516    0.167625 ^ clkbuf_1_0__f_clk/A (sky130_fd_sc_hd__clkbuf_16)
     3    0.009090    0.032557    0.113260    0.280885 ^ clkbuf_1_0__f_clk/X (sky130_fd_sc_hd__clkbuf_16)
                                                         clknet_1_0__leaf_clk (net)
                      0.032557    0.000144    0.281029 ^ _29_/CLK (sky130_fd_sc_hd__dfrtp_4)
                                  0.250000    0.531029   clock uncertainty
                                  0.000000    0.531029   clock reconvergence pessimism
                                  0.345960    0.876989   library removal time
                                              0.876989   data required time
---------------------------------------------------------------------------------------------
                                              0.876989   data required time
                                             -4.182524   data arrival time
---------------------------------------------------------------------------------------------
                                              3.305535   slack (MET)


Startpoint: rst_n (input port clocked by clk)
Endpoint: _24_ (removal check against rising-edge clock clk)
Path Group: asynchronous
Path Type: min

Fanout         Cap        Slew       Delay        Time   Description
---------------------------------------------------------------------------------------------
                                  0.000000    0.000000   clock clk (rise edge)
                                  0.000000    0.000000   clock network delay (propagated)
                                  4.000000    4.000000 ^ input external delay
     1    0.002129    0.016900    0.007968    4.007968 ^ rst_n (in)
                                                         rst_n (net)
                      0.016900    0.000000    4.007968 ^ input1/A (sky130_fd_sc_hd__buf_2)
     6    0.030049    0.150583    0.172768    4.180736 ^ input1/X (sky130_fd_sc_hd__buf_2)
                                                         net1 (net)
                      0.150607    0.001573    4.182309 ^ _24_/RESET_B (sky130_fd_sc_hd__dfrtp_4)
                                              4.182309   data arrival time

                                  0.000000    0.000000   clock clk (rise edge)
                                  0.000000    0.000000   clock source latency
     1    0.011429    0.057839    0.038809    0.038809 ^ clk (in)
                                                         clk (net)
                      0.057846    0.000000    0.038809 ^ clkbuf_0_clk/A (sky130_fd_sc_hd__clkbuf_16)
     2    0.018198    0.040316    0.128301    0.167110 ^ clkbuf_0_clk/X (sky130_fd_sc_hd__clkbuf_16)
                                                         clknet_0_clk (net)
                      0.040317    0.000351    0.167460 ^ clkbuf_1_1__f_clk/A (sky130_fd_sc_hd__clkbuf_16)
     3    0.008751    0.032264    0.112943    0.280403 ^ clkbuf_1_1__f_clk/X (sky130_fd_sc_hd__clkbuf_16)
                                                         clknet_1_1__leaf_clk (net)
                      0.032264    0.000187    0.280590 ^ _24_/CLK (sky130_fd_sc_hd__dfrtp_4)
                                  0.250000    0.530590   clock uncertainty
                                  0.000000    0.530590   clock reconvergence pessimism
                                  0.345878    0.876467   library removal time
                                              0.876467   data required time
---------------------------------------------------------------------------------------------
                                              0.876467   data required time
                                             -4.182309   data arrival time
---------------------------------------------------------------------------------------------
                                              3.305842   slack (MET)


Startpoint: _29_ (rising edge-triggered flip-flop clocked by clk)
Endpoint: uo_out[5] (output port clocked by clk)
Path Group: clk
Path Type: min

Fanout         Cap        Slew       Delay        Time   Description
---------------------------------------------------------------------------------------------
                                  0.000000    0.000000   clock clk (rise edge)
                                  0.000000    0.000000   clock source latency
     1    0.011429    0.057839    0.038809    0.038809 ^ clk (in)
                                                         clk (net)
                      0.057846    0.000000    0.038809 ^ clkbuf_0_clk/A (sky130_fd_sc_hd__clkbuf_16)
     2    0.018198    0.040316    0.128301    0.167110 ^ clkbuf_0_clk/X (sky130_fd_sc_hd__clkbuf_16)
                                                         clknet_0_clk (net)
                      0.040318    0.000516    0.167625 ^ clkbuf_1_0__f_clk/A (sky130_fd_sc_hd__clkbuf_16)
     3    0.009090    0.032557    0.113260    0.280885 ^ clkbuf_1_0__f_clk/X (sky130_fd_sc_hd__clkbuf_16)
                                                         clknet_1_0__leaf_clk (net)
                      0.032557    0.000144    0.281029 ^ _29_/CLK (sky130_fd_sc_hd__dfrtp_4)
     2    0.039549    0.138268    0.473399    0.754428 ^ _29_/Q (sky130_fd_sc_hd__dfrtp_4)
                                                         uo_out[5] (net)
                      0.138271    0.000905    0.755333 ^ uo_out[5] (out)
                                              0.755333   data arrival time

                                  0.000000    0.000000   clock clk (rise edge)
                                  0.000000    0.000000   clock network delay (propagated)
                                  0.250000    0.250000   clock uncertainty
                                  0.000000    0.250000   clock reconvergence pessimism
                                 -4.000000   -3.750000   output external delay
                                             -3.750000   data required time
---------------------------------------------------------------------------------------------
                                             -3.750000   data required time
                                             -0.755333   data arrival time
---------------------------------------------------------------------------------------------
                                              4.505333   slack (MET)


Startpoint: _27_ (rising edge-triggered flip-flop clocked by clk)
Endpoint: uo_out[3] (output port clocked by clk)
Path Group: clk
Path Type: min

Fanout         Cap        Slew       Delay        Time   Description
---------------------------------------------------------------------------------------------
                                  0.000000    0.000000   clock clk (rise edge)
                                  0.000000    0.000000   clock source latency
     1    0.011429    0.057839    0.038809    0.038809 ^ clk (in)
                                                         clk (net)
                      0.057846    0.000000    0.038809 ^ clkbuf_0_clk/A (sky130_fd_sc_hd__clkbuf_16)
     2    0.018198    0.040316    0.128301    0.167110 ^ clkbuf_0_clk/X (sky130_fd_sc_hd__clkbuf_16)
                                                         clknet_0_clk (net)
                      0.040318    0.000516    0.167625 ^ clkbuf_1_0__f_clk/A (sky130_fd_sc_hd__clkbuf_16)
     3    0.009090    0.032557    0.113260    0.280885 ^ clkbuf_1_0__f_clk/X (sky130_fd_sc_hd__clkbuf_16)
                                                         clknet_1_0__leaf_clk (net)
                      0.032558    0.000273    0.281158 ^ _27_/CLK (sky130_fd_sc_hd__dfrtp_4)
     3    0.040222    0.140070    0.474758    0.755916 ^ _27_/Q (sky130_fd_sc_hd__dfrtp_4)
                                                         uo_out[3] (net)
                      0.140077    0.001162    0.757078 ^ uo_out[3] (out)
                                              0.757078   data arrival time

                                  0.000000    0.000000   clock clk (rise edge)
                                  0.000000    0.000000   clock network delay (propagated)
                                  0.250000    0.250000   clock uncertainty
                                  0.000000    0.250000   clock reconvergence pessimism
                                 -4.000000   -3.750000   output external delay
                                             -3.750000   data required time
---------------------------------------------------------------------------------------------
                                             -3.750000   data required time
                                             -0.757078   data arrival time
---------------------------------------------------------------------------------------------
                                              4.507078   slack (MET)


Startpoint: _28_ (rising edge-triggered flip-flop clocked by clk)
Endpoint: uo_out[4] (output port clocked by clk)
Path Group: clk
Path Type: min

Fanout         Cap        Slew       Delay        Time   Description
---------------------------------------------------------------------------------------------
                                  0.000000    0.000000   clock clk (rise edge)
                                  0.000000    0.000000   clock source latency
     1    0.011429    0.057839    0.038809    0.038809 ^ clk (in)
                                                         clk (net)
                      0.057846    0.000000    0.038809 ^ clkbuf_0_clk/A (sky130_fd_sc_hd__clkbuf_16)
     2    0.018198    0.040316    0.128301    0.167110 ^ clkbuf_0_clk/X (sky130_fd_sc_hd__clkbuf_16)
                                                         clknet_0_clk (net)
                      0.040318    0.000516    0.167625 ^ clkbuf_1_0__f_clk/A (sky130_fd_sc_hd__clkbuf_16)
     3    0.009090    0.032557    0.113260    0.280885 ^ clkbuf_1_0__f_clk/X (sky130_fd_sc_hd__clkbuf_16)
                                                         clknet_1_0__leaf_clk (net)
                      0.032558    0.000347    0.281231 ^ _28_/CLK (sky130_fd_sc_hd__dfrtp_4)
     3    0.040753    0.141450    0.475919    0.757150 ^ _28_/Q (sky130_fd_sc_hd__dfrtp_4)
                                                         uo_out[4] (net)
                      0.141458    0.001202    0.758353 ^ uo_out[4] (out)
                                              0.758353   data arrival time

                                  0.000000    0.000000   clock clk (rise edge)
                                  0.000000    0.000000   clock network delay (propagated)
                                  0.250000    0.250000   clock uncertainty
                                  0.000000    0.250000   clock reconvergence pessimism
                                 -4.000000   -3.750000   output external delay
                                             -3.750000   data required time
---------------------------------------------------------------------------------------------
                                             -3.750000   data required time
                                             -0.758353   data arrival time
---------------------------------------------------------------------------------------------
                                              4.508352   slack (MET)


Startpoint: _25_ (rising edge-triggered flip-flop clocked by clk)
Endpoint: uo_out[1] (output port clocked by clk)
Path Group: clk
Path Type: min

Fanout         Cap        Slew       Delay        Time   Description
---------------------------------------------------------------------------------------------
                                  0.000000    0.000000   clock clk (rise edge)
                                  0.000000    0.000000   clock source latency
     1    0.011429    0.057839    0.038809    0.038809 ^ clk (in)
                                                         clk (net)
                      0.057846    0.000000    0.038809 ^ clkbuf_0_clk/A (sky130_fd_sc_hd__clkbuf_16)
     2    0.018198    0.040316    0.128301    0.167110 ^ clkbuf_0_clk/X (sky130_fd_sc_hd__clkbuf_16)
                                                         clknet_0_clk (net)
                      0.040317    0.000351    0.167460 ^ clkbuf_1_1__f_clk/A (sky130_fd_sc_hd__clkbuf_16)
     3    0.008751    0.032264    0.112943    0.280403 ^ clkbuf_1_1__f_clk/X (sky130_fd_sc_hd__clkbuf_16)
                                                         clknet_1_1__leaf_clk (net)
                      0.032264    0.000246    0.280648 ^ _25_/CLK (sky130_fd_sc_hd__dfrtp_4)
     5    0.043775    0.149246    0.482598    0.763246 ^ _25_/Q (sky130_fd_sc_hd__dfrtp_4)
                                                         uo_out[1] (net)
                      0.149254    0.001213    0.764459 ^ uo_out[1] (out)
                                              0.764459   data arrival time

                                  0.000000    0.000000   clock clk (rise edge)
                                  0.000000    0.000000   clock network delay (propagated)
                                  0.250000    0.250000   clock uncertainty
                                  0.000000    0.250000   clock reconvergence pessimism
                                 -4.000000   -3.750000   output external delay
                                             -3.750000   data required time
---------------------------------------------------------------------------------------------
                                             -3.750000   data required time
                                             -0.764459   data arrival time
---------------------------------------------------------------------------------------------
                                              4.514459   slack (MET)


Startpoint: _26_ (rising edge-triggered flip-flop clocked by clk)
Endpoint: uo_out[2] (output port clocked by clk)
Path Group: clk
Path Type: min

Fanout         Cap        Slew       Delay        Time   Description
---------------------------------------------------------------------------------------------
                                  0.000000    0.000000   clock clk (rise edge)
                                  0.000000    0.000000   clock source latency
     1    0.011429    0.057839    0.038809    0.038809 ^ clk (in)
                                                         clk (net)
                      0.057846    0.000000    0.038809 ^ clkbuf_0_clk/A (sky130_fd_sc_hd__clkbuf_16)
     2    0.018198    0.040316    0.128301    0.167110 ^ clkbuf_0_clk/X (sky130_fd_sc_hd__clkbuf_16)
                                                         clknet_0_clk (net)
                      0.040317    0.000351    0.167460 ^ clkbuf_1_1__f_clk/A (sky130_fd_sc_hd__clkbuf_16)
     3    0.008751    0.032264    0.112943    0.280403 ^ clkbuf_1_1__f_clk/X (sky130_fd_sc_hd__clkbuf_16)
                                                         clknet_1_1__leaf_clk (net)
                      0.032264    0.000247    0.280650 ^ _26_/CLK (sky130_fd_sc_hd__dfrtp_4)
     4    0.046922    0.157739    0.488953    0.769603 ^ _26_/Q (sky130_fd_sc_hd__dfrtp_4)
                                                         uo_out[2] (net)
                      0.157775    0.002331    0.771934 ^ uo_out[2] (out)
                                              0.771934   data arrival time

                                  0.000000    0.000000   clock clk (rise edge)
                                  0.000000    0.000000   clock network delay (propagated)
                                  0.250000    0.250000   clock uncertainty
                                  0.000000    0.250000   clock reconvergence pessimism
                                 -4.000000   -3.750000   output external delay
                                             -3.750000   data required time
---------------------------------------------------------------------------------------------
                                             -3.750000   data required time
                                             -0.771934   data arrival time
---------------------------------------------------------------------------------------------
                                              4.521934   slack (MET)


Startpoint: _24_ (rising edge-triggered flip-flop clocked by clk)
Endpoint: uo_out[0] (output port clocked by clk)
Path Group: clk
Path Type: min

Fanout         Cap        Slew       Delay        Time   Description
---------------------------------------------------------------------------------------------
                                  0.000000    0.000000   clock clk (rise edge)
                                  0.000000    0.000000   clock source latency
     1    0.011429    0.057839    0.038809    0.038809 ^ clk (in)
                                                         clk (net)
                      0.057846    0.000000    0.038809 ^ clkbuf_0_clk/A (sky130_fd_sc_hd__clkbuf_16)
     2    0.018198    0.040316    0.128301    0.167110 ^ clkbuf_0_clk/X (sky130_fd_sc_hd__clkbuf_16)
                                                         clknet_0_clk (net)
                      0.040317    0.000351    0.167460 ^ clkbuf_1_1__f_clk/A (sky130_fd_sc_hd__clkbuf_16)
     3    0.008751    0.032264    0.112943    0.280403 ^ clkbuf_1_1__f_clk/X (sky130_fd_sc_hd__clkbuf_16)
                                                         clknet_1_1__leaf_clk (net)
                      0.032264    0.000187    0.280590 ^ _24_/CLK (sky130_fd_sc_hd__dfrtp_4)
     6    0.048686    0.162051    0.493511    0.774100 ^ _24_/Q (sky130_fd_sc_hd__dfrtp_4)
                                                         uo_out[0] (net)
                      0.162059    0.001300    0.775400 ^ uo_out[0] (out)
                                              0.775400   data arrival time

                                  0.000000    0.000000   clock clk (rise edge)
                                  0.000000    0.000000   clock network delay (propagated)
                                  0.250000    0.250000   clock uncertainty
                                  0.000000    0.250000   clock reconvergence pessimism
                                 -4.000000   -3.750000   output external delay
                                             -3.750000   data required time
---------------------------------------------------------------------------------------------
                                             -3.750000   data required time
                                             -0.775400   data arrival time
---------------------------------------------------------------------------------------------
                                              4.525400   slack (MET)



