
===========================================================================
 report_power
============================================================================
======================= nom_tt_025C_1v80 Corner ===================================

Group                    Internal    Switching      Leakage        Total
                            Power        Power        Power        Power (Watts)
------------------------------------------------------------------------
Sequential           1.214440e-05 0.000000e+00 6.671702e-11 1.214446e-05 100.0%
Combinational        0.000000e+00 0.000000e+00 1.057988e-10 1.057988e-10   0.0%
Clock                0.000000e+00 0.000000e+00 0.000000e+00 0.000000e+00   0.0%
Macro                0.000000e+00 0.000000e+00 0.000000e+00 0.000000e+00   0.0%
Pad                  0.000000e+00 0.000000e+00 0.000000e+00 0.000000e+00   0.0%
------------------------------------------------------------------------
Total                1.214440e-05 0.000000e+00 1.725157e-10 1.214457e-05 100.0%
                           100.0%         0.0%         0.0%

