Reading timing models for corner nom_tt_025C_1v80…
Reading timing library for the 'nom_tt_025C_1v80' corner at '/home/vscode/ttsetup/pdk/ciel/sky130/versions/0fe599b2afb6708d281543108caf8310912f54af/sky130A/libs.ref/sky130_fd_sc_hd/lib/sky130_fd_sc_hd__tt_025C_1v80.lib'…
Reading timing models for corner nom_ff_n40C_1v95…
Reading timing library for the 'nom_ff_n40C_1v95' corner at '/home/vscode/ttsetup/pdk/ciel/sky130/versions/0fe599b2afb6708d281543108caf8310912f54af/sky130A/libs.ref/sky130_fd_sc_hd/lib/sky130_fd_sc_hd__ff_n40C_1v95.lib'…
Reading timing models for corner nom_ss_100C_1v60…
Reading timing library for the 'nom_ss_100C_1v60' corner at '/home/vscode/ttsetup/pdk/ciel/sky130/versions/0fe599b2afb6708d281543108caf8310912f54af/sky130A/libs.ref/sky130_fd_sc_hd/lib/sky130_fd_sc_hd__ss_100C_1v60.lib'…
Reading OpenROAD database at '/workspaces/tt-verilog-test-counter/runs/wokwi/34-openroad-cts/tt_um_josue_olivos_6bit_counter.odb'…
Reading design constraints file at '/nix/store/pqxyc4xmydcs5adig47yyc29r3svp5nx-python3-3.11.9-env/lib/python3.11/site-packages/librelane/scripts/base.sdc'…
[INFO] Using clock clk…
[INFO] Setting output delay to: 4
[INFO] Setting input delay to: 4
[INFO] Setting load to: 0.033442
[INFO] Setting clock uncertainty to: 0.25
[INFO] Setting clock transition to: 0.1499999999999999944488848768742172978818416595458984375
[INFO] Setting timing derate to: 5%
[INFO] Setting RC values…
[INFO RSZ-0098] No setup violations found
[INFO RSZ-0033] No hold violations found.
Placement Analysis
---------------------------------
total displacement          0.0 u
average displacement        0.0 u
max displacement            0.0 u
original HPWL             510.9 u
legalized HPWL            562.6 u
delta HPWL                   10 %

[INFO DPL-0020] Mirrored 26 instances
[INFO DPL-0021] HPWL before             562.6 u
[INFO DPL-0022] HPWL after              510.9 u
[INFO DPL-0023] HPWL delta               -9.2 %
[INFO] Setting RC values…
Setting global connections for newly added cells…
[INFO] Setting global connections...
Updating metrics…
Cell type report:                       Count       Area
  Fill cell                                78     292.78
  Tap cell                                225     281.52
  Clock buffer                              3      75.07
  Timing Repair Buffer                      1       5.00
  Inverter                                  1       3.75
  Sequential cell                           6     172.67
  Multi-Input combinational cell           29     142.64
  Total                                   343     973.43
Writing OpenROAD database to '/workspaces/tt-verilog-test-counter/runs/wokwi/36-openroad-resizertimingpostcts/tt_um_josue_olivos_6bit_counter.odb'…
Writing netlist to '/workspaces/tt-verilog-test-counter/runs/wokwi/36-openroad-resizertimingpostcts/tt_um_josue_olivos_6bit_counter.nl.v'…
Writing powered netlist to '/workspaces/tt-verilog-test-counter/runs/wokwi/36-openroad-resizertimingpostcts/tt_um_josue_olivos_6bit_counter.pnl.v'…
Writing layout to '/workspaces/tt-verilog-test-counter/runs/wokwi/36-openroad-resizertimingpostcts/tt_um_josue_olivos_6bit_counter.def'…
Writing timing constraints to '/workspaces/tt-verilog-test-counter/runs/wokwi/36-openroad-resizertimingpostcts/tt_um_josue_olivos_6bit_counter.sdc'…
