Clock: clk
Sources: clk 
Generated: no
Virtual: yes
Propagated: no
Period: 20.000000

===========================================================================
report_clock_properties
============================================================================
Clock                   Period          Waveform
----------------------------------------------------
clk                  20.000000    0.000000 10.000000

===========================================================================
report_clock_latency
============================================================================
Clock clk
rise -> rise
    min     max
0.000000 0.000000 source latency
0.289660         network latency _26_/CLK
        0.290926 network latency _28_/CLK
---------------
0.289660 0.290926 latency
        0.001266 skew

fall -> fall
    min     max
0.000000 0.000000 source latency
0.290395         network latency _26_/CLK
        0.291502 network latency _28_/CLK
---------------
0.290395 0.291502 latency
        0.001107 skew



===========================================================================
report_clock_min_period
============================================================================
clk period_min = 1.50 fmax = 664.73
