
===========================================================================
report_checks -path_delay max (Setup)
============================================================================
======================= max_tt_025C_1v80 Corner ===================================

Startpoint: _26_ (rising edge-triggered flip-flop clocked by clk)
Endpoint: uo_out[2] (output port clocked by clk)
Path Group: clk
Path Type: max

Fanout         Cap        Slew       Delay        Time   Description
---------------------------------------------------------------------------------------------
                                  0.000000    0.000000   clock clk (rise edge)
                                  0.000000    0.000000   clock source latency
     1    0.012924    0.064056    0.043851    0.043851 ^ clk (in)
                                                         clk (net)
                      0.064076    0.000000    0.043851 ^ clkbuf_0_clk/A (sky130_fd_sc_hd__clkbuf_16)
     2    0.019090    0.041068    0.131161    0.175013 ^ clkbuf_0_clk/X (sky130_fd_sc_hd__clkbuf_16)
                                                         clknet_0_clk (net)
                      0.041086    0.001145    0.176158 ^ clkbuf_1_1__f_clk/A (sky130_fd_sc_hd__clkbuf_16)
     3    0.008598    0.032138    0.113031    0.289189 ^ clkbuf_1_1__f_clk/X (sky130_fd_sc_hd__clkbuf_16)
                                                         clknet_1_1__leaf_clk (net)
                      0.032140    0.000471    0.289660 ^ _26_/CLK (sky130_fd_sc_hd__dfrtp_4)
     4    0.048486    0.121429    0.539513    0.829173 v _26_/Q (sky130_fd_sc_hd__dfrtp_4)
                                                         uo_out[2] (net)
                      0.121754    0.005454    0.834628 v uo_out[2] (out)
                                              0.834628   data arrival time

                                 20.000000   20.000000   clock clk (rise edge)
                                  0.000000   20.000000   clock network delay (propagated)
                                 -0.250000   19.750002   clock uncertainty
                                  0.000000   19.750002   clock reconvergence pessimism
                                 -4.000000   15.750001   output external delay
                                             15.750001   data required time
---------------------------------------------------------------------------------------------
                                             15.750001   data required time
                                             -0.834628   data arrival time
---------------------------------------------------------------------------------------------
                                             14.915373   slack (MET)


Startpoint: _24_ (rising edge-triggered flip-flop clocked by clk)
Endpoint: uo_out[0] (output port clocked by clk)
Path Group: clk
Path Type: max

Fanout         Cap        Slew       Delay        Time   Description
---------------------------------------------------------------------------------------------
                                  0.000000    0.000000   clock clk (rise edge)
                                  0.000000    0.000000   clock source latency
     1    0.012924    0.064056    0.043851    0.043851 ^ clk (in)
                                                         clk (net)
                      0.064076    0.000000    0.043851 ^ clkbuf_0_clk/A (sky130_fd_sc_hd__clkbuf_16)
     2    0.019090    0.041068    0.131161    0.175013 ^ clkbuf_0_clk/X (sky130_fd_sc_hd__clkbuf_16)
                                                         clknet_0_clk (net)
                      0.041086    0.001145    0.176158 ^ clkbuf_1_1__f_clk/A (sky130_fd_sc_hd__clkbuf_16)
     3    0.008598    0.032138    0.113031    0.289189 ^ clkbuf_1_1__f_clk/X (sky130_fd_sc_hd__clkbuf_16)
                                                         clknet_1_1__leaf_clk (net)
                      0.032140    0.000487    0.289676 ^ _24_/CLK (sky130_fd_sc_hd__dfrtp_4)
     6    0.048868    0.120743    0.541947    0.831623 v _24_/Q (sky130_fd_sc_hd__dfrtp_4)
                                                         uo_out[0] (net)
                      0.120819    0.002752    0.834375 v uo_out[0] (out)
                                              0.834375   data arrival time

                                 20.000000   20.000000   clock clk (rise edge)
                                  0.000000   20.000000   clock network delay (propagated)
                                 -0.250000   19.750002   clock uncertainty
                                  0.000000   19.750002   clock reconvergence pessimism
                                 -4.000000   15.750001   output external delay
                                             15.750001   data required time
---------------------------------------------------------------------------------------------
                                             15.750001   data required time
                                             -0.834375   data arrival time
---------------------------------------------------------------------------------------------
                                             14.915625   slack (MET)


Startpoint: _25_ (rising edge-triggered flip-flop clocked by clk)
Endpoint: uo_out[1] (output port clocked by clk)
Path Group: clk
Path Type: max

Fanout         Cap        Slew       Delay        Time   Description
---------------------------------------------------------------------------------------------
                                  0.000000    0.000000   clock clk (rise edge)
                                  0.000000    0.000000   clock source latency
     1    0.012924    0.064056    0.043851    0.043851 ^ clk (in)
                                                         clk (net)
                      0.064076    0.000000    0.043851 ^ clkbuf_0_clk/A (sky130_fd_sc_hd__clkbuf_16)
     2    0.019090    0.041068    0.131161    0.175013 ^ clkbuf_0_clk/X (sky130_fd_sc_hd__clkbuf_16)
                                                         clknet_0_clk (net)
                      0.041086    0.001145    0.176158 ^ clkbuf_1_1__f_clk/A (sky130_fd_sc_hd__clkbuf_16)
     3    0.008598    0.032138    0.113031    0.289189 ^ clkbuf_1_1__f_clk/X (sky130_fd_sc_hd__clkbuf_16)
                                                         clknet_1_1__leaf_clk (net)
                      0.032140    0.000474    0.289662 ^ _25_/CLK (sky130_fd_sc_hd__dfrtp_4)
     5    0.044778    0.115000    0.534233    0.823895 v _25_/Q (sky130_fd_sc_hd__dfrtp_4)
                                                         uo_out[1] (net)
                      0.115183    0.004055    0.827950 v uo_out[1] (out)
                                              0.827950   data arrival time

                                 20.000000   20.000000   clock clk (rise edge)
                                  0.000000   20.000000   clock network delay (propagated)
                                 -0.250000   19.750002   clock uncertainty
                                  0.000000   19.750002   clock reconvergence pessimism
                                 -4.000000   15.750001   output external delay
                                             15.750001   data required time
---------------------------------------------------------------------------------------------
                                             15.750001   data required time
                                             -0.827950   data arrival time
---------------------------------------------------------------------------------------------
                                             14.922050   slack (MET)


Startpoint: _27_ (rising edge-triggered flip-flop clocked by clk)
Endpoint: uo_out[3] (output port clocked by clk)
Path Group: clk
Path Type: max

Fanout         Cap        Slew       Delay        Time   Description
---------------------------------------------------------------------------------------------
                                  0.000000    0.000000   clock clk (rise edge)
                                  0.000000    0.000000   clock source latency
     1    0.012924    0.064056    0.043851    0.043851 ^ clk (in)
                                                         clk (net)
                      0.064076    0.000000    0.043851 ^ clkbuf_0_clk/A (sky130_fd_sc_hd__clkbuf_16)
     2    0.019090    0.041068    0.131161    0.175013 ^ clkbuf_0_clk/X (sky130_fd_sc_hd__clkbuf_16)
                                                         clknet_0_clk (net)
                      0.041086    0.001167    0.176180 ^ clkbuf_1_0__f_clk/A (sky130_fd_sc_hd__clkbuf_16)
     3    0.009645    0.033049    0.113989    0.290170 ^ clkbuf_1_0__f_clk/X (sky130_fd_sc_hd__clkbuf_16)
                                                         clknet_1_0__leaf_clk (net)
                      0.033052    0.000699    0.290868 ^ _27_/CLK (sky130_fd_sc_hd__dfrtp_4)
     3    0.041048    0.108761    0.529082    0.819950 v _27_/Q (sky130_fd_sc_hd__dfrtp_4)
                                                         uo_out[3] (net)
                      0.108833    0.002551    0.822501 v uo_out[3] (out)
                                              0.822501   data arrival time

                                 20.000000   20.000000   clock clk (rise edge)
                                  0.000000   20.000000   clock network delay (propagated)
                                 -0.250000   19.750002   clock uncertainty
                                  0.000000   19.750002   clock reconvergence pessimism
                                 -4.000000   15.750001   output external delay
                                             15.750001   data required time
---------------------------------------------------------------------------------------------
                                             15.750001   data required time
                                             -0.822501   data arrival time
---------------------------------------------------------------------------------------------
                                             14.927500   slack (MET)


Startpoint: _28_ (rising edge-triggered flip-flop clocked by clk)
Endpoint: uo_out[4] (output port clocked by clk)
Path Group: clk
Path Type: max

Fanout         Cap        Slew       Delay        Time   Description
---------------------------------------------------------------------------------------------
                                  0.000000    0.000000   clock clk (rise edge)
                                  0.000000    0.000000   clock source latency
     1    0.012924    0.064056    0.043851    0.043851 ^ clk (in)
                                                         clk (net)
                      0.064076    0.000000    0.043851 ^ clkbuf_0_clk/A (sky130_fd_sc_hd__clkbuf_16)
     2    0.019090    0.041068    0.131161    0.175013 ^ clkbuf_0_clk/X (sky130_fd_sc_hd__clkbuf_16)
                                                         clknet_0_clk (net)
                      0.041086    0.001167    0.176180 ^ clkbuf_1_0__f_clk/A (sky130_fd_sc_hd__clkbuf_16)
     3    0.009645    0.033049    0.113989    0.290170 ^ clkbuf_1_0__f_clk/X (sky130_fd_sc_hd__clkbuf_16)
                                                         clknet_1_0__leaf_clk (net)
                      0.033053    0.000756    0.290926 ^ _28_/CLK (sky130_fd_sc_hd__dfrtp_4)
     3    0.040898    0.108546    0.528817    0.819742 v _28_/Q (sky130_fd_sc_hd__dfrtp_4)
                                                         uo_out[4] (net)
                      0.108619    0.002566    0.822309 v uo_out[4] (out)
                                              0.822309   data arrival time

                                 20.000000   20.000000   clock clk (rise edge)
                                  0.000000   20.000000   clock network delay (propagated)
                                 -0.250000   19.750002   clock uncertainty
                                  0.000000   19.750002   clock reconvergence pessimism
                                 -4.000000   15.750001   output external delay
                                             15.750001   data required time
---------------------------------------------------------------------------------------------
                                             15.750001   data required time
                                             -0.822309   data arrival time
---------------------------------------------------------------------------------------------
                                             14.927691   slack (MET)


Startpoint: _29_ (rising edge-triggered flip-flop clocked by clk)
Endpoint: uo_out[5] (output port clocked by clk)
Path Group: clk
Path Type: max

Fanout         Cap        Slew       Delay        Time   Description
---------------------------------------------------------------------------------------------
                                  0.000000    0.000000   clock clk (rise edge)
                                  0.000000    0.000000   clock source latency
     1    0.012924    0.064056    0.043851    0.043851 ^ clk (in)
                                                         clk (net)
                      0.064076    0.000000    0.043851 ^ clkbuf_0_clk/A (sky130_fd_sc_hd__clkbuf_16)
     2    0.019090    0.041068    0.131161    0.175013 ^ clkbuf_0_clk/X (sky130_fd_sc_hd__clkbuf_16)
                                                         clknet_0_clk (net)
                      0.041086    0.001167    0.176180 ^ clkbuf_1_0__f_clk/A (sky130_fd_sc_hd__clkbuf_16)
     3    0.009645    0.033049    0.113989    0.290170 ^ clkbuf_1_0__f_clk/X (sky130_fd_sc_hd__clkbuf_16)
                                                         clknet_1_0__leaf_clk (net)
                      0.033050    0.000464    0.290633 ^ _29_/CLK (sky130_fd_sc_hd__dfrtp_4)
     2    0.039643    0.106481    0.526967    0.817601 v _29_/Q (sky130_fd_sc_hd__dfrtp_4)
                                                         uo_out[5] (net)
                      0.106528    0.002079    0.819680 v uo_out[5] (out)
                                              0.819680   data arrival time

                                 20.000000   20.000000   clock clk (rise edge)
                                  0.000000   20.000000   clock network delay (propagated)
                                 -0.250000   19.750002   clock uncertainty
                                  0.000000   19.750002   clock reconvergence pessimism
                                 -4.000000   15.750001   output external delay
                                             15.750001   data required time
---------------------------------------------------------------------------------------------
                                             15.750001   data required time
                                             -0.819680   data arrival time
---------------------------------------------------------------------------------------------
                                             14.930321   slack (MET)


Startpoint: rst_n (input port clocked by clk)
Endpoint: _24_ (recovery check against rising-edge clock clk)
Path Group: asynchronous
Path Type: max

Fanout         Cap        Slew       Delay        Time   Description
---------------------------------------------------------------------------------------------
                                  0.000000    0.000000   clock clk (rise edge)
                                  0.000000    0.000000   clock network delay (propagated)
                                  4.000000    4.000000 ^ input external delay
     1    0.002371    0.017909    0.008864    4.008863 ^ rst_n (in)
                                                         rst_n (net)
                      0.017910    0.000000    4.008863 ^ input1/A (sky130_fd_sc_hd__buf_2)
     6    0.034702    0.172593    0.186975    4.195838 ^ input1/X (sky130_fd_sc_hd__buf_2)
                                                         net1 (net)
                      0.172734    0.004070    4.199909 ^ _24_/RESET_B (sky130_fd_sc_hd__dfrtp_4)
                                              4.199909   data arrival time

                                 20.000000   20.000000   clock clk (rise edge)
                                  0.000000   20.000000   clock source latency
     1    0.012924    0.064056    0.043851   20.043852 ^ clk (in)
                                                         clk (net)
                      0.064076    0.000000   20.043852 ^ clkbuf_0_clk/A (sky130_fd_sc_hd__clkbuf_16)
     2    0.019090    0.041068    0.131161   20.175013 ^ clkbuf_0_clk/X (sky130_fd_sc_hd__clkbuf_16)
                                                         clknet_0_clk (net)
                      0.041086    0.001146   20.176159 ^ clkbuf_1_1__f_clk/A (sky130_fd_sc_hd__clkbuf_16)
     3    0.008598    0.032138    0.113031   20.289190 ^ clkbuf_1_1__f_clk/X (sky130_fd_sc_hd__clkbuf_16)
                                                         clknet_1_1__leaf_clk (net)
                      0.032140    0.000487   20.289677 ^ _24_/CLK (sky130_fd_sc_hd__dfrtp_4)
                                 -0.250000   20.039677   clock uncertainty
                                  0.000000   20.039677   clock reconvergence pessimism
                                  0.171800   20.211477   library recovery time
                                             20.211477   data required time
---------------------------------------------------------------------------------------------
                                             20.211477   data required time
                                             -4.199909   data arrival time
---------------------------------------------------------------------------------------------
                                             16.011570   slack (MET)


Startpoint: rst_n (input port clocked by clk)
Endpoint: _29_ (recovery check against rising-edge clock clk)
Path Group: asynchronous
Path Type: max

Fanout         Cap        Slew       Delay        Time   Description
---------------------------------------------------------------------------------------------
                                  0.000000    0.000000   clock clk (rise edge)
                                  0.000000    0.000000   clock network delay (propagated)
                                  4.000000    4.000000 ^ input external delay
     1    0.002371    0.017909    0.008864    4.008863 ^ rst_n (in)
                                                         rst_n (net)
                      0.017910    0.000000    4.008863 ^ input1/A (sky130_fd_sc_hd__buf_2)
     6    0.034702    0.172593    0.186975    4.195838 ^ input1/X (sky130_fd_sc_hd__buf_2)
                                                         net1 (net)
                      0.172785    0.004726    4.200565 ^ _29_/RESET_B (sky130_fd_sc_hd__dfrtp_4)
                                              4.200565   data arrival time

                                 20.000000   20.000000   clock clk (rise edge)
                                  0.000000   20.000000   clock source latency
     1    0.012924    0.064056    0.043851   20.043852 ^ clk (in)
                                                         clk (net)
                      0.064076    0.000000   20.043852 ^ clkbuf_0_clk/A (sky130_fd_sc_hd__clkbuf_16)
     2    0.019090    0.041068    0.131161   20.175013 ^ clkbuf_0_clk/X (sky130_fd_sc_hd__clkbuf_16)
                                                         clknet_0_clk (net)
                      0.041086    0.001169   20.176182 ^ clkbuf_1_0__f_clk/A (sky130_fd_sc_hd__clkbuf_16)
     3    0.009645    0.033049    0.113989   20.290171 ^ clkbuf_1_0__f_clk/X (sky130_fd_sc_hd__clkbuf_16)
                                                         clknet_1_0__leaf_clk (net)
                      0.033050    0.000464   20.290634 ^ _29_/CLK (sky130_fd_sc_hd__dfrtp_4)
                                 -0.250000   20.040634   clock uncertainty
                                  0.000000   20.040634   clock reconvergence pessimism
                                  0.172070   20.212706   library recovery time
                                             20.212706   data required time
---------------------------------------------------------------------------------------------
                                             20.212706   data required time
                                             -4.200565   data arrival time
---------------------------------------------------------------------------------------------
                                             16.012140   slack (MET)


Startpoint: rst_n (input port clocked by clk)
Endpoint: _28_ (recovery check against rising-edge clock clk)
Path Group: asynchronous
Path Type: max

Fanout         Cap        Slew       Delay        Time   Description
---------------------------------------------------------------------------------------------
                                  0.000000    0.000000   clock clk (rise edge)
                                  0.000000    0.000000   clock network delay (propagated)
                                  4.000000    4.000000 ^ input external delay
     1    0.002371    0.017909    0.008864    4.008863 ^ rst_n (in)
                                                         rst_n (net)
                      0.017910    0.000000    4.008863 ^ input1/A (sky130_fd_sc_hd__buf_2)
     6    0.034702    0.172593    0.186975    4.195838 ^ input1/X (sky130_fd_sc_hd__buf_2)
                                                         net1 (net)
                      0.172784    0.004719    4.200558 ^ _28_/RESET_B (sky130_fd_sc_hd__dfrtp_4)
                                              4.200558   data arrival time

                                 20.000000   20.000000   clock clk (rise edge)
                                  0.000000   20.000000   clock source latency
     1    0.012924    0.064056    0.043851   20.043852 ^ clk (in)
                                                         clk (net)
                      0.064076    0.000000   20.043852 ^ clkbuf_0_clk/A (sky130_fd_sc_hd__clkbuf_16)
     2    0.019090    0.041068    0.131161   20.175013 ^ clkbuf_0_clk/X (sky130_fd_sc_hd__clkbuf_16)
                                                         clknet_0_clk (net)
                      0.041086    0.001169   20.176182 ^ clkbuf_1_0__f_clk/A (sky130_fd_sc_hd__clkbuf_16)
     3    0.009645    0.033049    0.113989   20.290171 ^ clkbuf_1_0__f_clk/X (sky130_fd_sc_hd__clkbuf_16)
                                                         clknet_1_0__leaf_clk (net)
                      0.033053    0.000757   20.290926 ^ _28_/CLK (sky130_fd_sc_hd__dfrtp_4)
                                 -0.250000   20.040928   clock uncertainty
                                  0.000000   20.040928   clock reconvergence pessimism
                                  0.172071   20.212997   library recovery time
                                             20.212997   data required time
---------------------------------------------------------------------------------------------
                                             20.212997   data required time
                                             -4.200558   data arrival time
---------------------------------------------------------------------------------------------
                                             16.012440   slack (MET)


Startpoint: rst_n (input port clocked by clk)
Endpoint: _27_ (recovery check against rising-edge clock clk)
Path Group: asynchronous
Path Type: max

Fanout         Cap        Slew       Delay        Time   Description
---------------------------------------------------------------------------------------------
                                  0.000000    0.000000   clock clk (rise edge)
                                  0.000000    0.000000   clock network delay (propagated)
                                  4.000000    4.000000 ^ input external delay
     1    0.002371    0.017909    0.008864    4.008863 ^ rst_n (in)
                                                         rst_n (net)
                      0.017910    0.000000    4.008863 ^ input1/A (sky130_fd_sc_hd__buf_2)
     6    0.034702    0.172593    0.186975    4.195838 ^ input1/X (sky130_fd_sc_hd__buf_2)
                                                         net1 (net)
                      0.172760    0.004415    4.200253 ^ _27_/RESET_B (sky130_fd_sc_hd__dfrtp_4)
                                              4.200253   data arrival time

                                 20.000000   20.000000   clock clk (rise edge)
                                  0.000000   20.000000   clock source latency
     1    0.012924    0.064056    0.043851   20.043852 ^ clk (in)
                                                         clk (net)
                      0.064076    0.000000   20.043852 ^ clkbuf_0_clk/A (sky130_fd_sc_hd__clkbuf_16)
     2    0.019090    0.041068    0.131161   20.175013 ^ clkbuf_0_clk/X (sky130_fd_sc_hd__clkbuf_16)
                                                         clknet_0_clk (net)
                      0.041086    0.001169   20.176182 ^ clkbuf_1_0__f_clk/A (sky130_fd_sc_hd__clkbuf_16)
     3    0.009645    0.033049    0.113989   20.290171 ^ clkbuf_1_0__f_clk/X (sky130_fd_sc_hd__clkbuf_16)
                                                         clknet_1_0__leaf_clk (net)
                      0.033052    0.000698   20.290869 ^ _27_/CLK (sky130_fd_sc_hd__dfrtp_4)
                                 -0.250000   20.040869   clock uncertainty
                                  0.000000   20.040869   clock reconvergence pessimism
                                  0.172079   20.212948   library recovery time
                                             20.212948   data required time
---------------------------------------------------------------------------------------------
                                             20.212948   data required time
                                             -4.200253   data arrival time
---------------------------------------------------------------------------------------------
                                             16.012695   slack (MET)


Startpoint: rst_n (input port clocked by clk)
Endpoint: _25_ (recovery check against rising-edge clock clk)
Path Group: asynchronous
Path Type: max

Fanout         Cap        Slew       Delay        Time   Description
---------------------------------------------------------------------------------------------
                                  0.000000    0.000000   clock clk (rise edge)
                                  0.000000    0.000000   clock network delay (propagated)
                                  4.000000    4.000000 ^ input external delay
     1    0.002371    0.017909    0.008864    4.008863 ^ rst_n (in)
                                                         rst_n (net)
                      0.017910    0.000000    4.008863 ^ input1/A (sky130_fd_sc_hd__buf_2)
     6    0.034702    0.172593    0.186975    4.195838 ^ input1/X (sky130_fd_sc_hd__buf_2)
                                                         net1 (net)
                      0.172656    0.002735    4.198573 ^ _25_/RESET_B (sky130_fd_sc_hd__dfrtp_4)
                                              4.198573   data arrival time

                                 20.000000   20.000000   clock clk (rise edge)
                                  0.000000   20.000000   clock source latency
     1    0.012924    0.064056    0.043851   20.043852 ^ clk (in)
                                                         clk (net)
                      0.064076    0.000000   20.043852 ^ clkbuf_0_clk/A (sky130_fd_sc_hd__clkbuf_16)
     2    0.019090    0.041068    0.131161   20.175013 ^ clkbuf_0_clk/X (sky130_fd_sc_hd__clkbuf_16)
                                                         clknet_0_clk (net)
                      0.041086    0.001146   20.176159 ^ clkbuf_1_1__f_clk/A (sky130_fd_sc_hd__clkbuf_16)
     3    0.008598    0.032138    0.113031   20.289190 ^ clkbuf_1_1__f_clk/X (sky130_fd_sc_hd__clkbuf_16)
                                                         clknet_1_1__leaf_clk (net)
                      0.032140    0.000473   20.289661 ^ _25_/CLK (sky130_fd_sc_hd__dfrtp_4)
                                 -0.250000   20.039663   clock uncertainty
                                  0.000000   20.039663   clock reconvergence pessimism
                                  0.171825   20.211489   library recovery time
                                             20.211489   data required time
---------------------------------------------------------------------------------------------
                                             20.211489   data required time
                                             -4.198573   data arrival time
---------------------------------------------------------------------------------------------
                                             16.012917   slack (MET)


Startpoint: rst_n (input port clocked by clk)
Endpoint: _26_ (recovery check against rising-edge clock clk)
Path Group: asynchronous
Path Type: max

Fanout         Cap        Slew       Delay        Time   Description
---------------------------------------------------------------------------------------------
                                  0.000000    0.000000   clock clk (rise edge)
                                  0.000000    0.000000   clock network delay (propagated)
                                  4.000000    4.000000 ^ input external delay
     1    0.002371    0.017909    0.008864    4.008863 ^ rst_n (in)
                                                         rst_n (net)
                      0.017910    0.000000    4.008863 ^ input1/A (sky130_fd_sc_hd__buf_2)
     6    0.034702    0.172593    0.186975    4.195838 ^ input1/X (sky130_fd_sc_hd__buf_2)
                                                         net1 (net)
                      0.172640    0.002372    4.198210 ^ _26_/RESET_B (sky130_fd_sc_hd__dfrtp_4)
                                              4.198210   data arrival time

                                 20.000000   20.000000   clock clk (rise edge)
                                  0.000000   20.000000   clock source latency
     1    0.012924    0.064056    0.043851   20.043852 ^ clk (in)
                                                         clk (net)
                      0.064076    0.000000   20.043852 ^ clkbuf_0_clk/A (sky130_fd_sc_hd__clkbuf_16)
     2    0.019090    0.041068    0.131161   20.175013 ^ clkbuf_0_clk/X (sky130_fd_sc_hd__clkbuf_16)
                                                         clknet_0_clk (net)
                      0.041086    0.001146   20.176159 ^ clkbuf_1_1__f_clk/A (sky130_fd_sc_hd__clkbuf_16)
     3    0.008598    0.032138    0.113031   20.289190 ^ clkbuf_1_1__f_clk/X (sky130_fd_sc_hd__clkbuf_16)
                                                         clknet_1_1__leaf_clk (net)
                      0.032140    0.000471   20.289660 ^ _26_/CLK (sky130_fd_sc_hd__dfrtp_4)
                                 -0.250000   20.039661   clock uncertainty
                                  0.000000   20.039661   clock reconvergence pessimism
                                  0.171830   20.211493   library recovery time
                                             20.211493   data required time
---------------------------------------------------------------------------------------------
                                             20.211493   data required time
                                             -4.198210   data arrival time
---------------------------------------------------------------------------------------------
                                             16.013281   slack (MET)


Startpoint: _26_ (rising edge-triggered flip-flop clocked by clk)
Endpoint: _28_ (rising edge-triggered flip-flop clocked by clk)
Path Group: clk
Path Type: max

Fanout         Cap        Slew       Delay        Time   Description
---------------------------------------------------------------------------------------------
                                  0.000000    0.000000   clock clk (rise edge)
                                  0.000000    0.000000   clock source latency
     1    0.012924    0.064056    0.043851    0.043851 ^ clk (in)
                                                         clk (net)
                      0.064076    0.000000    0.043851 ^ clkbuf_0_clk/A (sky130_fd_sc_hd__clkbuf_16)
     2    0.019090    0.041068    0.131161    0.175013 ^ clkbuf_0_clk/X (sky130_fd_sc_hd__clkbuf_16)
                                                         clknet_0_clk (net)
                      0.041086    0.001145    0.176158 ^ clkbuf_1_1__f_clk/A (sky130_fd_sc_hd__clkbuf_16)
     3    0.008598    0.032138    0.113031    0.289189 ^ clkbuf_1_1__f_clk/X (sky130_fd_sc_hd__clkbuf_16)
                                                         clknet_1_1__leaf_clk (net)
                      0.032140    0.000471    0.289660 ^ _26_/CLK (sky130_fd_sc_hd__dfrtp_4)
     4    0.048486    0.121429    0.539513    0.829173 v _26_/Q (sky130_fd_sc_hd__dfrtp_4)
                                                         uo_out[2] (net)
                      0.121608    0.004153    0.833326 v _17_/C (sky130_fd_sc_hd__and4_1)
     3    0.009451    0.065325    0.250231    1.083558 v _17_/X (sky130_fd_sc_hd__and4_1)
                                                         _08_ (net)
                      0.065337    0.000860    1.084418 v _21_/B (sky130_fd_sc_hd__or2_1)
     1    0.001752    0.042330    0.200273    1.284691 v _21_/X (sky130_fd_sc_hd__or2_1)
                                                         _11_ (net)
                      0.042330    0.000083    1.284773 v _22_/B (sky130_fd_sc_hd__and2_1)
     1    0.002657    0.034442    0.147944    1.432717 v _22_/X (sky130_fd_sc_hd__and2_1)
                                                         _04_ (net)
                      0.034442    0.000186    1.432903 v _28_/D (sky130_fd_sc_hd__dfrtp_4)
                                              1.432903   data arrival time

                                 20.000000   20.000000   clock clk (rise edge)
                                  0.000000   20.000000   clock source latency
     1    0.012924    0.064056    0.043851   20.043852 ^ clk (in)
                                                         clk (net)
                      0.064076    0.000000   20.043852 ^ clkbuf_0_clk/A (sky130_fd_sc_hd__clkbuf_16)
     2    0.019090    0.041068    0.131161   20.175013 ^ clkbuf_0_clk/X (sky130_fd_sc_hd__clkbuf_16)
                                                         clknet_0_clk (net)
                      0.041086    0.001169   20.176182 ^ clkbuf_1_0__f_clk/A (sky130_fd_sc_hd__clkbuf_16)
     3    0.009645    0.033049    0.113989   20.290171 ^ clkbuf_1_0__f_clk/X (sky130_fd_sc_hd__clkbuf_16)
                                                         clknet_1_0__leaf_clk (net)
                      0.033053    0.000757   20.290926 ^ _28_/CLK (sky130_fd_sc_hd__dfrtp_4)
                                 -0.250000   20.040928   clock uncertainty
                                  0.000000   20.040928   clock reconvergence pessimism
                                 -0.112398   19.928530   library setup time
                                             19.928530   data required time
---------------------------------------------------------------------------------------------
                                             19.928530   data required time
                                             -1.432903   data arrival time
---------------------------------------------------------------------------------------------
                                             18.495626   slack (MET)


Startpoint: _26_ (rising edge-triggered flip-flop clocked by clk)
Endpoint: _29_ (rising edge-triggered flip-flop clocked by clk)
Path Group: clk
Path Type: max

Fanout         Cap        Slew       Delay        Time   Description
---------------------------------------------------------------------------------------------
                                  0.000000    0.000000   clock clk (rise edge)
                                  0.000000    0.000000   clock source latency
     1    0.012924    0.064056    0.043851    0.043851 ^ clk (in)
                                                         clk (net)
                      0.064076    0.000000    0.043851 ^ clkbuf_0_clk/A (sky130_fd_sc_hd__clkbuf_16)
     2    0.019090    0.041068    0.131161    0.175013 ^ clkbuf_0_clk/X (sky130_fd_sc_hd__clkbuf_16)
                                                         clknet_0_clk (net)
                      0.041086    0.001145    0.176158 ^ clkbuf_1_1__f_clk/A (sky130_fd_sc_hd__clkbuf_16)
     3    0.008598    0.032138    0.113031    0.289189 ^ clkbuf_1_1__f_clk/X (sky130_fd_sc_hd__clkbuf_16)
                                                         clknet_1_1__leaf_clk (net)
                      0.032140    0.000471    0.289660 ^ _26_/CLK (sky130_fd_sc_hd__dfrtp_4)
     4    0.048486    0.121429    0.539513    0.829173 v _26_/Q (sky130_fd_sc_hd__dfrtp_4)
                                                         uo_out[2] (net)
                      0.121608    0.004153    0.833326 v _17_/C (sky130_fd_sc_hd__and4_1)
     3    0.009451    0.065325    0.250231    1.083558 v _17_/X (sky130_fd_sc_hd__and4_1)
                                                         _08_ (net)
                      0.065339    0.000911    1.084468 v _20_/B (sky130_fd_sc_hd__nand2_1)
     2    0.006637    0.075813    0.093995    1.178463 ^ _20_/Y (sky130_fd_sc_hd__nand2_1)
                                                         _10_ (net)
                      0.075814    0.000412    1.178875 ^ _23_/B (sky130_fd_sc_hd__xnor2_1)
     1    0.005260    0.162529    0.132468    1.311343 ^ _23_/Y (sky130_fd_sc_hd__xnor2_1)
                                                         _05_ (net)
                      0.162529    0.000282    1.311625 ^ _29_/D (sky130_fd_sc_hd__dfrtp_4)
                                              1.311625   data arrival time

                                 20.000000   20.000000   clock clk (rise edge)
                                  0.000000   20.000000   clock source latency
     1    0.012924    0.064056    0.043851   20.043852 ^ clk (in)
                                                         clk (net)
                      0.064076    0.000000   20.043852 ^ clkbuf_0_clk/A (sky130_fd_sc_hd__clkbuf_16)
     2    0.019090    0.041068    0.131161   20.175013 ^ clkbuf_0_clk/X (sky130_fd_sc_hd__clkbuf_16)
                                                         clknet_0_clk (net)
                      0.041086    0.001169   20.176182 ^ clkbuf_1_0__f_clk/A (sky130_fd_sc_hd__clkbuf_16)
     3    0.009645    0.033049    0.113989   20.290171 ^ clkbuf_1_0__f_clk/X (sky130_fd_sc_hd__clkbuf_16)
                                                         clknet_1_0__leaf_clk (net)
                      0.033050    0.000464   20.290634 ^ _29_/CLK (sky130_fd_sc_hd__dfrtp_4)
                                 -0.250000   20.040634   clock uncertainty
                                  0.000000   20.040634   clock reconvergence pessimism
                                 -0.092847   19.947788   library setup time
                                             19.947788   data required time
---------------------------------------------------------------------------------------------
                                             19.947788   data required time
                                             -1.311625   data arrival time
---------------------------------------------------------------------------------------------
                                             18.636164   slack (MET)


Startpoint: _24_ (rising edge-triggered flip-flop clocked by clk)
Endpoint: _27_ (rising edge-triggered flip-flop clocked by clk)
Path Group: clk
Path Type: max

Fanout         Cap        Slew       Delay        Time   Description
---------------------------------------------------------------------------------------------
                                  0.000000    0.000000   clock clk (rise edge)
                                  0.000000    0.000000   clock source latency
     1    0.012924    0.064056    0.043851    0.043851 ^ clk (in)
                                                         clk (net)
                      0.064076    0.000000    0.043851 ^ clkbuf_0_clk/A (sky130_fd_sc_hd__clkbuf_16)
     2    0.019090    0.041068    0.131161    0.175013 ^ clkbuf_0_clk/X (sky130_fd_sc_hd__clkbuf_16)
                                                         clknet_0_clk (net)
                      0.041086    0.001145    0.176158 ^ clkbuf_1_1__f_clk/A (sky130_fd_sc_hd__clkbuf_16)
     3    0.008598    0.032138    0.113031    0.289189 ^ clkbuf_1_1__f_clk/X (sky130_fd_sc_hd__clkbuf_16)
                                                         clknet_1_1__leaf_clk (net)
                      0.032140    0.000487    0.289676 ^ _24_/CLK (sky130_fd_sc_hd__dfrtp_4)
     6    0.049858    0.165583    0.495075    0.784752 ^ _24_/Q (sky130_fd_sc_hd__dfrtp_4)
                                                         uo_out[0] (net)
                      0.165622    0.002458    0.787210 ^ _17_/B (sky130_fd_sc_hd__and4_1)
     3    0.009958    0.114553    0.258678    1.045888 ^ _17_/X (sky130_fd_sc_hd__and4_1)
                                                         _08_ (net)
                      0.114554    0.000667    1.046555 ^ _19_/A_N (sky130_fd_sc_hd__and2b_1)
     1    0.002811    0.033699    0.188166    1.234721 v _19_/X (sky130_fd_sc_hd__and2b_1)
                                                         _03_ (net)
                      0.033716    0.000193    1.234913 v _27_/D (sky130_fd_sc_hd__dfrtp_4)
                                              1.234913   data arrival time

                                 20.000000   20.000000   clock clk (rise edge)
                                  0.000000   20.000000   clock source latency
     1    0.012924    0.064056    0.043851   20.043852 ^ clk (in)
                                                         clk (net)
                      0.064076    0.000000   20.043852 ^ clkbuf_0_clk/A (sky130_fd_sc_hd__clkbuf_16)
     2    0.019090    0.041068    0.131161   20.175013 ^ clkbuf_0_clk/X (sky130_fd_sc_hd__clkbuf_16)
                                                         clknet_0_clk (net)
                      0.041086    0.001169   20.176182 ^ clkbuf_1_0__f_clk/A (sky130_fd_sc_hd__clkbuf_16)
     3    0.009645    0.033049    0.113989   20.290171 ^ clkbuf_1_0__f_clk/X (sky130_fd_sc_hd__clkbuf_16)
                                                         clknet_1_0__leaf_clk (net)
                      0.033052    0.000698   20.290869 ^ _27_/CLK (sky130_fd_sc_hd__dfrtp_4)
                                 -0.250000   20.040869   clock uncertainty
                                  0.000000   20.040869   clock reconvergence pessimism
                                 -0.112081   19.928787   library setup time
                                             19.928787   data required time
---------------------------------------------------------------------------------------------
                                             19.928787   data required time
                                             -1.234913   data arrival time
---------------------------------------------------------------------------------------------
                                             18.693876   slack (MET)


Startpoint: _25_ (rising edge-triggered flip-flop clocked by clk)
Endpoint: _25_ (rising edge-triggered flip-flop clocked by clk)
Path Group: clk
Path Type: max

Fanout         Cap        Slew       Delay        Time   Description
---------------------------------------------------------------------------------------------
                                  0.000000    0.000000   clock clk (rise edge)
                                  0.000000    0.000000   clock source latency
     1    0.012924    0.064056    0.043851    0.043851 ^ clk (in)
                                                         clk (net)
                      0.064076    0.000000    0.043851 ^ clkbuf_0_clk/A (sky130_fd_sc_hd__clkbuf_16)
     2    0.019090    0.041068    0.131161    0.175013 ^ clkbuf_0_clk/X (sky130_fd_sc_hd__clkbuf_16)
                                                         clknet_0_clk (net)
                      0.041086    0.001145    0.176158 ^ clkbuf_1_1__f_clk/A (sky130_fd_sc_hd__clkbuf_16)
     3    0.008598    0.032138    0.113031    0.289189 ^ clkbuf_1_1__f_clk/X (sky130_fd_sc_hd__clkbuf_16)
                                                         clknet_1_1__leaf_clk (net)
                      0.032140    0.000474    0.289662 ^ _25_/CLK (sky130_fd_sc_hd__dfrtp_4)
     5    0.044778    0.115000    0.534233    0.823895 v _25_/Q (sky130_fd_sc_hd__dfrtp_4)
                                                         uo_out[1] (net)
                      0.115068    0.002611    0.826506 v _14_/A (sky130_fd_sc_hd__or2_1)
     1    0.001700    0.042071    0.237238    1.063744 v _14_/X (sky130_fd_sc_hd__or2_1)
                                                         _07_ (net)
                      0.042071    0.000077    1.063822 v _15_/B (sky130_fd_sc_hd__and2_1)
     1    0.003796    0.039258    0.154023    1.217845 v _15_/X (sky130_fd_sc_hd__and2_1)
                                                         _01_ (net)
                      0.039258    0.000252    1.218096 v _25_/D (sky130_fd_sc_hd__dfrtp_4)
                                              1.218096   data arrival time

                                 20.000000   20.000000   clock clk (rise edge)
                                  0.000000   20.000000   clock source latency
     1    0.012924    0.064056    0.043851   20.043852 ^ clk (in)
                                                         clk (net)
                      0.064076    0.000000   20.043852 ^ clkbuf_0_clk/A (sky130_fd_sc_hd__clkbuf_16)
     2    0.019090    0.041068    0.131161   20.175013 ^ clkbuf_0_clk/X (sky130_fd_sc_hd__clkbuf_16)
                                                         clknet_0_clk (net)
                      0.041086    0.001146   20.176159 ^ clkbuf_1_1__f_clk/A (sky130_fd_sc_hd__clkbuf_16)
     3    0.008598    0.032138    0.113031   20.289190 ^ clkbuf_1_1__f_clk/X (sky130_fd_sc_hd__clkbuf_16)
                                                         clknet_1_1__leaf_clk (net)
                      0.032140    0.000473   20.289661 ^ _25_/CLK (sky130_fd_sc_hd__dfrtp_4)
                                 -0.250000   20.039663   clock uncertainty
                                  0.000000   20.039663   clock reconvergence pessimism
                                 -0.114709   19.924953   library setup time
                                             19.924953   data required time
---------------------------------------------------------------------------------------------
                                             19.924953   data required time
                                             -1.218096   data arrival time
---------------------------------------------------------------------------------------------
                                             18.706858   slack (MET)


Startpoint: _24_ (rising edge-triggered flip-flop clocked by clk)
Endpoint: _26_ (rising edge-triggered flip-flop clocked by clk)
Path Group: clk
Path Type: max

Fanout         Cap        Slew       Delay        Time   Description
---------------------------------------------------------------------------------------------
                                  0.000000    0.000000   clock clk (rise edge)
                                  0.000000    0.000000   clock source latency
     1    0.012924    0.064056    0.043851    0.043851 ^ clk (in)
                                                         clk (net)
                      0.064076    0.000000    0.043851 ^ clkbuf_0_clk/A (sky130_fd_sc_hd__clkbuf_16)
     2    0.019090    0.041068    0.131161    0.175013 ^ clkbuf_0_clk/X (sky130_fd_sc_hd__clkbuf_16)
                                                         clknet_0_clk (net)
                      0.041086    0.001145    0.176158 ^ clkbuf_1_1__f_clk/A (sky130_fd_sc_hd__clkbuf_16)
     3    0.008598    0.032138    0.113031    0.289189 ^ clkbuf_1_1__f_clk/X (sky130_fd_sc_hd__clkbuf_16)
                                                         clknet_1_1__leaf_clk (net)
                      0.032140    0.000487    0.289676 ^ _24_/CLK (sky130_fd_sc_hd__dfrtp_4)
     6    0.048868    0.120743    0.541947    0.831623 v _24_/Q (sky130_fd_sc_hd__dfrtp_4)
                                                         uo_out[0] (net)
                      0.120796    0.002340    0.833963 v _13_/B (sky130_fd_sc_hd__nand2_1)
     2    0.008133    0.090638    0.128311    0.962273 ^ _13_/Y (sky130_fd_sc_hd__nand2_1)
                                                         _06_ (net)
                      0.090639    0.000511    0.962784 ^ _16_/B (sky130_fd_sc_hd__xnor2_1)
     1    0.003573    0.130369    0.123783    1.086567 ^ _16_/Y (sky130_fd_sc_hd__xnor2_1)
                                                         _02_ (net)
                      0.130369    0.000218    1.086785 ^ _26_/D (sky130_fd_sc_hd__dfrtp_4)
                                              1.086785   data arrival time

                                 20.000000   20.000000   clock clk (rise edge)
                                  0.000000   20.000000   clock source latency
     1    0.012924    0.064056    0.043851   20.043852 ^ clk (in)
                                                         clk (net)
                      0.064076    0.000000   20.043852 ^ clkbuf_0_clk/A (sky130_fd_sc_hd__clkbuf_16)
     2    0.019090    0.041068    0.131161   20.175013 ^ clkbuf_0_clk/X (sky130_fd_sc_hd__clkbuf_16)
                                                         clknet_0_clk (net)
                      0.041086    0.001146   20.176159 ^ clkbuf_1_1__f_clk/A (sky130_fd_sc_hd__clkbuf_16)
     3    0.008598    0.032138    0.113031   20.289190 ^ clkbuf_1_1__f_clk/X (sky130_fd_sc_hd__clkbuf_16)
                                                         clknet_1_1__leaf_clk (net)
                      0.032140    0.000471   20.289660 ^ _26_/CLK (sky130_fd_sc_hd__dfrtp_4)
                                 -0.250000   20.039661   clock uncertainty
                                  0.000000   20.039661   clock reconvergence pessimism
                                 -0.085457   19.954205   library setup time
                                             19.954205   data required time
---------------------------------------------------------------------------------------------
                                             19.954205   data required time
                                             -1.086785   data arrival time
---------------------------------------------------------------------------------------------
                                             18.867420   slack (MET)


Startpoint: _24_ (rising edge-triggered flip-flop clocked by clk)
Endpoint: _24_ (rising edge-triggered flip-flop clocked by clk)
Path Group: clk
Path Type: max

Fanout         Cap        Slew       Delay        Time   Description
---------------------------------------------------------------------------------------------
                                  0.000000    0.000000   clock clk (rise edge)
                                  0.000000    0.000000   clock source latency
     1    0.012924    0.064056    0.043851    0.043851 ^ clk (in)
                                                         clk (net)
                      0.064076    0.000000    0.043851 ^ clkbuf_0_clk/A (sky130_fd_sc_hd__clkbuf_16)
     2    0.019090    0.041068    0.131161    0.175013 ^ clkbuf_0_clk/X (sky130_fd_sc_hd__clkbuf_16)
                                                         clknet_0_clk (net)
                      0.041086    0.001145    0.176158 ^ clkbuf_1_1__f_clk/A (sky130_fd_sc_hd__clkbuf_16)
     3    0.008598    0.032138    0.113031    0.289189 ^ clkbuf_1_1__f_clk/X (sky130_fd_sc_hd__clkbuf_16)
                                                         clknet_1_1__leaf_clk (net)
                      0.032140    0.000487    0.289676 ^ _24_/CLK (sky130_fd_sc_hd__dfrtp_4)
     6    0.048868    0.120743    0.541947    0.831623 v _24_/Q (sky130_fd_sc_hd__dfrtp_4)
                                                         uo_out[0] (net)
                      0.120798    0.002373    0.833996 v _12_/A (sky130_fd_sc_hd__inv_2)
     1    0.002682    0.037181    0.064400    0.898395 ^ _12_/Y (sky130_fd_sc_hd__inv_2)
                                                         _00_ (net)
                      0.037182    0.000198    0.898593 ^ _24_/D (sky130_fd_sc_hd__dfrtp_4)
                                              0.898593   data arrival time

                                 20.000000   20.000000   clock clk (rise edge)
                                  0.000000   20.000000   clock source latency
     1    0.012924    0.064056    0.043851   20.043852 ^ clk (in)
                                                         clk (net)
                      0.064076    0.000000   20.043852 ^ clkbuf_0_clk/A (sky130_fd_sc_hd__clkbuf_16)
     2    0.019090    0.041068    0.131161   20.175013 ^ clkbuf_0_clk/X (sky130_fd_sc_hd__clkbuf_16)
                                                         clknet_0_clk (net)
                      0.041086    0.001146   20.176159 ^ clkbuf_1_1__f_clk/A (sky130_fd_sc_hd__clkbuf_16)
     3    0.008598    0.032138    0.113031   20.289190 ^ clkbuf_1_1__f_clk/X (sky130_fd_sc_hd__clkbuf_16)
                                                         clknet_1_1__leaf_clk (net)
                      0.032140    0.000487   20.289677 ^ _24_/CLK (sky130_fd_sc_hd__dfrtp_4)
                                 -0.250000   20.039677   clock uncertainty
                                  0.000000   20.039677   clock reconvergence pessimism
                                 -0.063625   19.976051   library setup time
                                             19.976051   data required time
---------------------------------------------------------------------------------------------
                                             19.976051   data required time
                                             -0.898593   data arrival time
---------------------------------------------------------------------------------------------
                                             19.077457   slack (MET)



