Reading OpenROAD database at '/workspaces/tt-verilog-test-counter/runs/wokwi/15-odb-setpowerconnections/tt_um_josue_olivos_6bit_counter.odb'…
Reading library file at '/home/vscode/ttsetup/pdk/ciel/sky130/versions/0fe599b2afb6708d281543108caf8310912f54af/sky130A/libs.ref/sky130_fd_sc_hd/lib/sky130_fd_sc_hd__tt_025C_1v80.lib'…
Reading design constraints file at '/nix/store/pqxyc4xmydcs5adig47yyc29r3svp5nx-python3-3.11.9-env/lib/python3.11/site-packages/librelane/scripts/base.sdc'…
[INFO] Using clock clk…
[INFO] Setting output delay to: 4
[INFO] Setting input delay to: 4
[INFO] Setting load to: 0.033442
[INFO] Setting clock uncertainty to: 0.25
[INFO] Setting clock transition to: 0.1499999999999999944488848768742172978818416595458984375
[INFO] Setting timing derate to: 5%
Setting global connections for newly added cells…
[INFO] Setting global connections...
Updating metrics…
Cell type report:                       Count       Area
  Inverter                                  1       3.75
  Sequential cell                           6     157.65
  Multi-Input combinational cell           29     167.66
  Total                                    36     329.07
Writing OpenROAD database to '/workspaces/tt-verilog-test-counter/runs/wokwi/17-openroad-cutrows/tt_um_josue_olivos_6bit_counter.odb'…
Writing layout to '/workspaces/tt-verilog-test-counter/runs/wokwi/17-openroad-cutrows/tt_um_josue_olivos_6bit_counter.def'…
