Clock: clk
Sources: clk 
Generated: no
Virtual: yes
Propagated: no
Period: 20.000000

===========================================================================
report_clock_properties
============================================================================
Clock                   Period          Waveform
----------------------------------------------------
clk                  20.000000    0.000000 10.000000

===========================================================================
report_clock_latency
============================================================================
Clock clk
rise -> rise
    min     max
0.000000 0.000000 source latency
0.195587         network latency _26_/CLK
        0.196221 network latency _28_/CLK
---------------
0.195587 0.196221 latency
        0.000633 skew

fall -> fall
    min     max
0.000000 0.000000 source latency
0.192974         network latency _26_/CLK
        0.193523 network latency _28_/CLK
---------------
0.192974 0.193523 latency
        0.000549 skew



===========================================================================
report_clock_min_period
============================================================================
clk period_min = 1.03 fmax = 967.89
