
===========================================================================
 report_power
============================================================================
======================= min_ff_n40C_1v95 Corner ===================================

Group                    Internal    Switching      Leakage        Total
                            Power        Power        Power        Power (Watts)
------------------------------------------------------------------------
Sequential           1.421028e-05 0.000000e+00 1.757095e-10 1.421046e-05  28.0%
Combinational        7.952010e-08 3.100622e-07 1.352699e-10 3.897176e-07   0.8%
Clock                2.929766e-05 6.916686e-06 1.396827e-09 3.621574e-05  71.3%
Macro                0.000000e+00 0.000000e+00 0.000000e+00 0.000000e+00   0.0%
Pad                  0.000000e+00 0.000000e+00 0.000000e+00 0.000000e+00   0.0%
------------------------------------------------------------------------
Total                4.358746e-05 7.226748e-06 1.707806e-09 5.081592e-05 100.0%
                            85.8%        14.2%         0.0%

