Clock: clk
Sources: clk 
Generated: no
Virtual: yes
Propagated: no
Period: 20.000000

===========================================================================
report_clock_properties
============================================================================
Clock                   Period          Waveform
----------------------------------------------------
clk                  20.000000    0.000000 10.000000

===========================================================================
report_clock_latency
============================================================================
Clock clk
rise -> rise
    min     max
0.000000 0.000000 source latency
0.501855         network latency _26_/CLK
        0.503820 network latency _28_/CLK
---------------
0.501855 0.503820 latency
        0.001965 skew

fall -> fall
    min     max
0.000000 0.000000 source latency
0.518099         network latency _26_/CLK
        0.519822 network latency _28_/CLK
---------------
0.518099 0.519822 latency
        0.001723 skew



===========================================================================
report_clock_min_period
============================================================================
clk period_min = 2.93 fmax = 341.02
