[WARNING ORD-0039] .openroad ignored with -python
Unannotated report:
['report_parasitic_annotation -report_unannotated\n',
 '============================================================================\n',
 'Found 35 unannotated drivers.\n',
 ' ena\n',
 ' ui_in[0]\n',
 ' ui_in[1]\n',
 ' ui_in[2]\n',
 ' ui_in[3]\n',
 ' ui_in[4]\n',
 ' ui_in[5]\n',
 ' ui_in[6]\n',
 ' ui_in[7]\n',
 ' uio_in[0]\n',
 ' uio_in[1]\n',
 ' uio_in[2]\n',
 ' uio_in[3]\n',
 ' uio_in[4]\n',
 ' uio_in[5]\n',
 ' uio_in[6]\n',
 ' uio_in[7]\n',
 ' tt_um_josue_olivos_6bit_counter_10/HI\n',
 ' tt_um_josue_olivos_6bit_counter_11/HI\n',
 ' tt_um_josue_olivos_6bit_counter_12/HI\n',
 ' tt_um_josue_olivos_6bit_counter_13/HI\n',
 ' tt_um_josue_olivos_6bit_counter_14/HI\n',
 ' tt_um_josue_olivos_6bit_counter_15/HI\n',
 ' tt_um_josue_olivos_6bit_counter_16/HI\n',
 ' tt_um_josue_olivos_6bit_counter_17/HI\n',
 ' tt_um_josue_olivos_6bit_counter_18/HI\n',
 ' tt_um_josue_olivos_6bit_counter_19/HI\n',
 ' tt_um_josue_olivos_6bit_counter_2/HI\n',
 ' tt_um_josue_olivos_6bit_counter_3/HI\n',
 ' tt_um_josue_olivos_6bit_counter_4/HI\n',
 ' tt_um_josue_olivos_6bit_counter_5/HI\n',
 ' tt_um_josue_olivos_6bit_counter_6/HI\n',
 ' tt_um_josue_olivos_6bit_counter_7/HI\n',
 ' tt_um_josue_olivos_6bit_counter_8/HI\n',
 ' tt_um_josue_olivos_6bit_counter_9/HI\n',
 'Found 0 partially unannotated drivers.\n',
 '\n']
Reported nets:
['ena',
 'ui_in[0]',
 'ui_in[1]',
 'ui_in[2]',
 'ui_in[3]',
 'ui_in[4]',
 'ui_in[5]',
 'ui_in[6]',
 'ui_in[7]',
 'uio_in[0]',
 'uio_in[1]',
 'uio_in[2]',
 'uio_in[3]',
 'uio_in[4]',
 'uio_in[5]',
 'uio_in[6]',
 'uio_in[7]',
 'tt_um_josue_olivos_6bit_counter_10/HI',
 'tt_um_josue_olivos_6bit_counter_11/HI',
 'tt_um_josue_olivos_6bit_counter_12/HI',
 'tt_um_josue_olivos_6bit_counter_13/HI',
 'tt_um_josue_olivos_6bit_counter_14/HI',
 'tt_um_josue_olivos_6bit_counter_15/HI',
 'tt_um_josue_olivos_6bit_counter_16/HI',
 'tt_um_josue_olivos_6bit_counter_17/HI',
 'tt_um_josue_olivos_6bit_counter_18/HI',
 'tt_um_josue_olivos_6bit_counter_19/HI',
 'tt_um_josue_olivos_6bit_counter_2/HI',
 'tt_um_josue_olivos_6bit_counter_3/HI',
 'tt_um_josue_olivos_6bit_counter_4/HI',
 'tt_um_josue_olivos_6bit_counter_5/HI',
 'tt_um_josue_olivos_6bit_counter_6/HI',
 'tt_um_josue_olivos_6bit_counter_7/HI',
 'tt_um_josue_olivos_6bit_counter_8/HI',
 'tt_um_josue_olivos_6bit_counter_9/HI']
Filtered nets:
[]
done
