Reading OpenROAD database at '/workspaces/tt-verilog-test-counter/runs/wokwi/26-odb-applydeftemplate/tt_um_josue_olivos_6bit_counter.odb'…
Reading library file at '/home/vscode/ttsetup/pdk/ciel/sky130/versions/0fe599b2afb6708d281543108caf8310912f54af/sky130A/libs.ref/sky130_fd_sc_hd/lib/sky130_fd_sc_hd__tt_025C_1v80.lib'…
Reading design constraints file at '/nix/store/pqxyc4xmydcs5adig47yyc29r3svp5nx-python3-3.11.9-env/lib/python3.11/site-packages/librelane/scripts/base.sdc'…
[INFO] Using clock clk…
[INFO] Setting output delay to: 4
[INFO] Setting input delay to: 4
[INFO] Setting load to: 0.033442
[INFO] Setting clock uncertainty to: 0.25
[INFO] Setting clock transition to: 0.1499999999999999944488848768742172978818416595458984375
[INFO] Setting timing derate to: 5%
[INFO] Setting RC values…
[INFO] Setting signal min routing layer to: met1 and clock min routing layer to met1. 
[INFO] Setting signal max routing layer to: met4 and clock max routing layer to met4. 
+ global_placement -density 0.6 -timing_driven -routability_driven -pad_right 0 -pad_left 0 -init_wirelength_coef 0.25
[INFO GPL-0002] DBU: 1000
[INFO GPL-0003] SiteSize: (  0.460  2.720 ) um
[INFO GPL-0004] CoreBBox: (  2.760  2.720 ) ( 158.240 108.800 ) um
[INFO GPL-0006] NumInstances:               339
[INFO GPL-0007] NumPlaceInstances:           36
[INFO GPL-0008] NumFixedInstances:          303
[INFO GPL-0009] NumDummyInstances:            0
[INFO GPL-0010] NumNets:                     55
[INFO GPL-0011] NumPins:                    124
[INFO GPL-0012] DieBBox:  (  0.000  0.000 ) ( 161.000 111.520 ) um
[INFO GPL-0013] CoreBBox: (  2.760  2.720 ) ( 158.240 108.800 ) um
[INFO GPL-0016] CoreArea:             16493.318 um^2
[INFO GPL-0017] NonPlaceInstsArea:      574.301 um^2
[INFO GPL-0018] PlaceInstsArea:         329.066 um^2
[INFO GPL-0019] Util:                     2.067 %
[INFO GPL-0020] StdInstsArea:           329.066 um^2
[INFO GPL-0021] MacroInstsArea:           0.000 um^2
[InitialPlace]  Iter: 1 CG residual: 0.00000010 HPWL: 4827140
[InitialPlace]  Iter: 2 CG residual: 0.00000005 HPWL: 429857
[InitialPlace]  Iter: 3 CG residual: 0.00000010 HPWL: 424326
[InitialPlace]  Iter: 4 CG residual: 0.00000008 HPWL: 426508
[InitialPlace]  Iter: 5 CG residual: 0.00000003 HPWL: 426419
[INFO GPL-0031] FillerInit:NumGCells:      1152
[INFO GPL-0032] FillerInit:NumGNets:         55
[INFO GPL-0033] FillerInit:NumGPins:        124
[INFO GPL-0023] TargetDensity:            0.600
[INFO GPL-0024] AvrgPlaceInstArea:        9.141 um^2
[INFO GPL-0025] IdealBinArea:            15.235 um^2
[INFO GPL-0026] IdealBinCnt:               1082
[INFO GPL-0027] TotalBinArea:         16493.318 um^2
[INFO GPL-0028] BinCnt:        32     32
[INFO GPL-0029] BinSize: (  4.859  3.315 )
[INFO GPL-0030] NumBins: 1024
[NesterovSolve] Iter:    1 overflow: 0.602 HPWL: 305684
[INFO GPL-0100] Timing-driven: executing resizer for reweighting nets.
[INFO GPL-0101] Timing-driven: worst slack 1.51e-08
[INFO GPL-0103] Timing-driven: weighted 3 nets.
[NesterovSolve] Snapshot saved at iter = 1
[NesterovSolve] Iter:   10 overflow: 0.598 HPWL: 321912
[NesterovSolve] Iter:   20 overflow: 0.602 HPWL: 324434
[NesterovSolve] Iter:   30 overflow: 0.602 HPWL: 324932
[NesterovSolve] Iter:   40 overflow: 0.602 HPWL: 324143
[NesterovSolve] Iter:   50 overflow: 0.602 HPWL: 324580
[NesterovSolve] Iter:   60 overflow: 0.602 HPWL: 324336
[NesterovSolve] Iter:   70 overflow: 0.602 HPWL: 324434
[NesterovSolve] Iter:   80 overflow: 0.602 HPWL: 324449
[NesterovSolve] Iter:   90 overflow: 0.602 HPWL: 324498
[NesterovSolve] Iter:  100 overflow: 0.602 HPWL: 324580
[NesterovSolve] Iter:  110 overflow: 0.603 HPWL: 324657
[NesterovSolve] Iter:  120 overflow: 0.603 HPWL: 324796
[NesterovSolve] Iter:  130 overflow: 0.604 HPWL: 325725
[NesterovSolve] Iter:  140 overflow: 0.604 HPWL: 327069
[NesterovSolve] Iter:  150 overflow: 0.604 HPWL: 328481
[NesterovSolve] Iter:  160 overflow: 0.604 HPWL: 329295
[NesterovSolve] Iter:  170 overflow: 0.602 HPWL: 328774
[NesterovSolve] Iter:  180 overflow: 0.600 HPWL: 327990
[NesterovSolve] Iter:  190 overflow: 0.597 HPWL: 327930
[NesterovSolve] Iter:  200 overflow: 0.590 HPWL: 330161
[NesterovSolve] Iter:  210 overflow: 0.576 HPWL: 329008
[NesterovSolve] Iter:  220 overflow: 0.563 HPWL: 332426
[NesterovSolve] Iter:  230 overflow: 0.551 HPWL: 337517
[NesterovSolve] Iter:  240 overflow: 0.536 HPWL: 342326
[NesterovSolve] Iter:  250 overflow: 0.504 HPWL: 349304
[INFO GPL-0100] Timing-driven: executing resizer for reweighting nets.
[INFO GPL-0101] Timing-driven: worst slack 1.51e-08
[INFO GPL-0103] Timing-driven: weighted 3 nets.
[NesterovSolve] Iter:  260 overflow: 0.472 HPWL: 356402
[NesterovSolve] Iter:  270 overflow: 0.432 HPWL: 358152
[NesterovSolve] Iter:  280 overflow: 0.378 HPWL: 369589
[NesterovSolve] Iter:  290 overflow: 0.338 HPWL: 379476
[INFO GPL-0075] Routability numCall: 1 inflationIterCnt: 1 bloatIterCnt: 0
[INFO GPL-0036] TileBBox: (    0    0 ) ( 6900 6900 ) DBU
[INFO GPL-0038] TileCnt:      23   16
[INFO GPL-0040] NumTiles: 368
[INFO GPL-0081] TotalRouteOverflow: 0
[INFO GPL-0082] OverflowTileCnt: 0
[INFO GPL-0083] 0.5%RC: 0.7083622813224792
[INFO GPL-0084] 1.0%RC: 0.6722532957792282
[INFO GPL-0085] 2.0%RC: 0.6160691156983376
[INFO GPL-0086] 5.0%RC: 0.5488204093355882
[INFO GPL-0087] FinalRC: 0.6903078
[INFO GPL-0077] FinalRC lower than targetRC(1.01), routability not needed.
[NesterovSolve] Iter:  300 overflow: 0.280 HPWL: 387579
[INFO GPL-0100] Timing-driven: executing resizer for reweighting nets.
[INFO GPL-0101] Timing-driven: worst slack 1.51e-08
[INFO GPL-0103] Timing-driven: weighted 3 nets.
[NesterovSolve] Iter:  310 overflow: 0.249 HPWL: 392282
[NesterovSolve] Iter:  320 overflow: 0.216 HPWL: 400988
[INFO GPL-0100] Timing-driven: executing resizer for reweighting nets.
[INFO GPL-0101] Timing-driven: worst slack 1.51e-08
[INFO GPL-0103] Timing-driven: weighted 3 nets.
[NesterovSolve] Iter:  330 overflow: 0.188 HPWL: 406500
[NesterovSolve] Iter:  340 overflow: 0.155 HPWL: 410974
[INFO GPL-0100] Timing-driven: executing resizer for reweighting nets.
[INFO GPL-0101] Timing-driven: worst slack 1.51e-08
[INFO GPL-0103] Timing-driven: weighted 3 nets.
[NesterovSolve] Iter:  350 overflow: 0.128 HPWL: 416267
[NesterovSolve] Iter:  360 overflow: 0.113 HPWL: 423509
[NesterovSolve] Finished with Overflow: 0.099546
[INFO] Setting RC values…
Setting global connections for newly added cells…
[INFO] Setting global connections...
Updating metrics…
Cell type report:                       Count       Area
  Fill cell                                78     292.78
  Tap cell                                225     281.52
  Inverter                                  1       3.75
  Sequential cell                           6     157.65
  Multi-Input combinational cell           29     167.66
  Total                                   339     903.37
Writing OpenROAD database to '/workspaces/tt-verilog-test-counter/runs/wokwi/27-openroad-globalplacement/tt_um_josue_olivos_6bit_counter.odb'…
Writing netlist to '/workspaces/tt-verilog-test-counter/runs/wokwi/27-openroad-globalplacement/tt_um_josue_olivos_6bit_counter.nl.v'…
Writing powered netlist to '/workspaces/tt-verilog-test-counter/runs/wokwi/27-openroad-globalplacement/tt_um_josue_olivos_6bit_counter.pnl.v'…
Writing layout to '/workspaces/tt-verilog-test-counter/runs/wokwi/27-openroad-globalplacement/tt_um_josue_olivos_6bit_counter.def'…
Writing timing constraints to '/workspaces/tt-verilog-test-counter/runs/wokwi/27-openroad-globalplacement/tt_um_josue_olivos_6bit_counter.sdc'…
