                                                                        Cells by Master                                                                         
┏━━━━━━━━━━━━━━━━━━━━━━━━━━━━━━━━━━━━━━━━━━━━━━━━━━━━━━━━━━━━━━━━━━━━━━━━━━━━━━━━━━━━━━━━━━━━━━━━━━━━━━━━━━━━━━━━━━━━━━━━━━━━━━━━━┳━━━━━━━━━━━━━━━━━━━━━━━━━━━━┓
┃ Cell                                                                                                                            ┃ Count                      ┃
┡━━━━━━━━━━━━━━━━━━━━━━━━━━━━━━━━━━━━━━━━━━━━━━━━━━━━━━━━━━━━━━━━━━━━━━━━━━━━━━━━━━━━━━━━━━━━━━━━━━━━━━━━━━━━━━━━━━━━━━━━━━━━━━━━━╇━━━━━━━━━━━━━━━━━━━━━━━━━━━━┩
│ sky130_ef_sc_hd__decap_12                                                                                                       │ 903                        │
│ sky130_fd_sc_hd__a31o_1                                                                                                         │ 1                          │
│ sky130_fd_sc_hd__and2_1                                                                                                         │ 2                          │
│ sky130_fd_sc_hd__and2b_1                                                                                                        │ 1                          │
│ sky130_fd_sc_hd__and4_1                                                                                                         │ 1                          │
│ sky130_fd_sc_hd__buf_2                                                                                                          │ 1                          │
│ sky130_fd_sc_hd__clkbuf_16                                                                                                      │ 3                          │
│ sky130_fd_sc_hd__conb_1                                                                                                         │ 18                         │
│ sky130_fd_sc_hd__decap_3                                                                                                        │ 106                        │
│ sky130_fd_sc_hd__decap_4                                                                                                        │ 26                         │
│ sky130_fd_sc_hd__decap_6                                                                                                        │ 178                        │
│ sky130_fd_sc_hd__decap_8                                                                                                        │ 7                          │
│ sky130_fd_sc_hd__dfrtp_4                                                                                                        │ 6                          │
│ sky130_fd_sc_hd__fill_1                                                                                                         │ 206                        │
│ sky130_fd_sc_hd__fill_2                                                                                                         │ 25                         │
│ sky130_fd_sc_hd__inv_2                                                                                                          │ 1                          │
│ sky130_fd_sc_hd__nand2_1                                                                                                        │ 2                          │
│ sky130_fd_sc_hd__or2_1                                                                                                          │ 2                          │
│ sky130_fd_sc_hd__tapvpwrvgnd_1                                                                                                  │ 225                        │
│ sky130_fd_sc_hd__xnor2_1                                                                                                        │ 2                          │
└─────────────────────────────────────────────────────────────────────────────────────────────────────────────────────────────────┴────────────────────────────┘
