                                                                       Cells by Function                                                                        
┏━━━━━━━━━━━━━━━━━━━━━━━━━━━━━━━━━━━━━━━━━━━━━━━━━━━━━━━━━━━━━━━━━━━━━━━━━━━━━━━━━━━━━━━━━━━━━━━━━━━━━━━━━━━━━━━━━━━━━━━━━━━━━━━━┳━━━━━━━━━━━━━━━━━━━━━━━━━━━━━┓
┃ Cell Function                                                                                                                  ┃ Count                       ┃
┡━━━━━━━━━━━━━━━━━━━━━━━━━━━━━━━━━━━━━━━━━━━━━━━━━━━━━━━━━━━━━━━━━━━━━━━━━━━━━━━━━━━━━━━━━━━━━━━━━━━━━━━━━━━━━━━━━━━━━━━━━━━━━━━━╇━━━━━━━━━━━━━━━━━━━━━━━━━━━━━┩
│ sky130_ef_sc_hd__decap                                                                                                         │ 903                         │
│ sky130_fd_sc_hd__a31o                                                                                                          │ 1                           │
│ sky130_fd_sc_hd__and2                                                                                                          │ 2                           │
│ sky130_fd_sc_hd__and2b                                                                                                         │ 1                           │
│ sky130_fd_sc_hd__and4                                                                                                          │ 1                           │
│ sky130_fd_sc_hd__buf                                                                                                           │ 1                           │
│ sky130_fd_sc_hd__clkbuf                                                                                                        │ 3                           │
│ sky130_fd_sc_hd__conb                                                                                                          │ 18                          │
│ sky130_fd_sc_hd__decap                                                                                                         │ 317                         │
│ sky130_fd_sc_hd__dfrtp                                                                                                         │ 6                           │
│ sky130_fd_sc_hd__fill                                                                                                          │ 231                         │
│ sky130_fd_sc_hd__inv                                                                                                           │ 1                           │
│ sky130_fd_sc_hd__nand2                                                                                                         │ 2                           │
│ sky130_fd_sc_hd__or2                                                                                                           │ 2                           │
│ sky130_fd_sc_hd__tapvpwrvgnd                                                                                                   │ 225                         │
│ sky130_fd_sc_hd__xnor2                                                                                                         │ 2                           │
└────────────────────────────────────────────────────────────────────────────────────────────────────────────────────────────────┴─────────────────────────────┘
