[WARNING ORD-0039] .openroad ignored with -python
                                Cells by Master                                 
┏━━━━━━━━━━━━━━━━━━━━━━━━━━━━━━━━━━━━━━━━━━━━━━━━━━━━━━━━━━━━━━━━┳━━━━━━━━━━━━━┓
┃ Cell                                                           ┃ Count       ┃
┡━━━━━━━━━━━━━━━━━━━━━━━━━━━━━━━━━━━━━━━━━━━━━━━━━━━━━━━━━━━━━━━━╇━━━━━━━━━━━━━┩
│ sky130_ef_sc_hd__decap_12                                      │ 903         │
│ sky130_fd_sc_hd__a31o_1                                        │ 1           │
│ sky130_fd_sc_hd__and2_1                                        │ 2           │
│ sky130_fd_sc_hd__and2b_1                                       │ 1           │
│ sky130_fd_sc_hd__and4_1                                        │ 1           │
│ sky130_fd_sc_hd__buf_2                                         │ 1           │
│ sky130_fd_sc_hd__clkbuf_16                                     │ 3           │
│ sky130_fd_sc_hd__conb_1                                        │ 18          │
│ sky130_fd_sc_hd__decap_3                                       │ 106         │
│ sky130_fd_sc_hd__decap_4                                       │ 26          │
│ sky130_fd_sc_hd__decap_6                                       │ 178         │
│ sky130_fd_sc_hd__decap_8                                       │ 7           │
│ sky130_fd_sc_hd__dfrtp_4                                       │ 6           │
│ sky130_fd_sc_hd__fill_1                                        │ 206         │
│ sky130_fd_sc_hd__fill_2                                        │ 25          │
│ sky130_fd_sc_hd__inv_2                                         │ 1           │
│ sky130_fd_sc_hd__nand2_1                                       │ 2           │
│ sky130_fd_sc_hd__or2_1                                         │ 2           │
│ sky130_fd_sc_hd__tapvpwrvgnd_1                                 │ 225         │
│ sky130_fd_sc_hd__xnor2_1                                       │ 2           │
└────────────────────────────────────────────────────────────────┴─────────────┘
                               Cells by Function                                
┏━━━━━━━━━━━━━━━━━━━━━━━━━━━━━━━━━━━━━━━━━━━━━━━━━━━━━━━━━━━━━━━┳━━━━━━━━━━━━━━┓
┃ Cell Function                                                 ┃ Count        ┃
┡━━━━━━━━━━━━━━━━━━━━━━━━━━━━━━━━━━━━━━━━━━━━━━━━━━━━━━━━━━━━━━━╇━━━━━━━━━━━━━━┩
│ sky130_ef_sc_hd__decap                                        │ 903          │
│ sky130_fd_sc_hd__a31o                                         │ 1            │
│ sky130_fd_sc_hd__and2                                         │ 2            │
│ sky130_fd_sc_hd__and2b                                        │ 1            │
│ sky130_fd_sc_hd__and4                                         │ 1            │
│ sky130_fd_sc_hd__buf                                          │ 1            │
│ sky130_fd_sc_hd__clkbuf                                       │ 3            │
│ sky130_fd_sc_hd__conb                                         │ 18           │
│ sky130_fd_sc_hd__decap                                        │ 317          │
│ sky130_fd_sc_hd__dfrtp                                        │ 6            │
│ sky130_fd_sc_hd__fill                                         │ 231          │
│ sky130_fd_sc_hd__inv                                          │ 1            │
│ sky130_fd_sc_hd__nand2                                        │ 2            │
│ sky130_fd_sc_hd__or2                                          │ 2            │
│ sky130_fd_sc_hd__tapvpwrvgnd                                  │ 225          │
│ sky130_fd_sc_hd__xnor2                                        │ 2            │
└───────────────────────────────────────────────────────────────┴──────────────┘
                                  Cells by SCL                                  
┏━━━━━━━━━━━━━━━━━━━━━━━━━━━━━━━━━━━━━━━━━━━━━━━━━━━━━━━┳━━━━━━━━━━━━━━━━━━━━━━┓
┃ SCL                                                   ┃ Count                ┃
┡━━━━━━━━━━━━━━━━━━━━━━━━━━━━━━━━━━━━━━━━━━━━━━━━━━━━━━━╇━━━━━━━━━━━━━━━━━━━━━━┩
│ sky130_ef_sc_hd                                       │ 903                  │
│ sky130_fd_sc_hd                                       │ 813                  │
└───────────────────────────────────────────────────────┴──────────────────────┘
                             Buffers by Cell Master                             
┏━━━━━━━━━━━━━━━━━━━━━━━━━━━━━━━━━━━━━━━━━━━━━━━━━━━━━━━━━━━━━━┳━━━━━━━━━━━━━━━┓
┃ Buffer                                                       ┃ Count         ┃
┡━━━━━━━━━━━━━━━━━━━━━━━━━━━━━━━━━━━━━━━━━━━━━━━━━━━━━━━━━━━━━━╇━━━━━━━━━━━━━━━┩
│ sky130_fd_sc_hd__buf_2                                       │ 1             │
│ sky130_fd_sc_hd__clkbuf_16                                   │ 3             │
└──────────────────────────────────────────────────────────────┴───────────────┘
