Reading timing models for corner nom_tt_025C_1v80…
Reading timing library for the 'nom_tt_025C_1v80' corner at '/home/vscode/ttsetup/pdk/ciel/sky130/versions/0fe599b2afb6708d281543108caf8310912f54af/sky130A/libs.ref/sky130_fd_sc_hd/lib/sky130_fd_sc_hd__tt_025C_1v80.lib'…
Reading timing models for corner nom_ff_n40C_1v95…
Reading timing library for the 'nom_ff_n40C_1v95' corner at '/home/vscode/ttsetup/pdk/ciel/sky130/versions/0fe599b2afb6708d281543108caf8310912f54af/sky130A/libs.ref/sky130_fd_sc_hd/lib/sky130_fd_sc_hd__ff_n40C_1v95.lib'…
Reading timing models for corner nom_ss_100C_1v60…
Reading timing library for the 'nom_ss_100C_1v60' corner at '/home/vscode/ttsetup/pdk/ciel/sky130/versions/0fe599b2afb6708d281543108caf8310912f54af/sky130A/libs.ref/sky130_fd_sc_hd/lib/sky130_fd_sc_hd__ss_100C_1v60.lib'…
Reading OpenROAD database at '/workspaces/tt-verilog-test-counter/runs/wokwi/33-openroad-detailedplacement/tt_um_josue_olivos_6bit_counter.odb'…
Reading design constraints file at '/nix/store/pqxyc4xmydcs5adig47yyc29r3svp5nx-python3-3.11.9-env/lib/python3.11/site-packages/librelane/scripts/base.sdc'…
[INFO] Using clock clk…
[INFO] Setting output delay to: 4
[INFO] Setting input delay to: 4
[INFO] Setting load to: 0.033442
[INFO] Setting clock uncertainty to: 0.25
[INFO] Setting clock transition to: 0.1499999999999999944488848768742172978818416595458984375
[INFO] Setting timing derate to: 5%
[INFO] Setting RC values…
[INFO] Configuring cts characterization…
[INFO] Performing clock tree synthesis…
[INFO] Looking for the following net(s): clk
[INFO] Running Clock Tree Synthesis…
[INFO CTS-0050] Root buffer is sky130_fd_sc_hd__clkbuf_16.
[INFO CTS-0051] Sink buffer is sky130_fd_sc_hd__clkbuf_8.
[INFO CTS-0052] The following clock buffers will be used for CTS:
                    sky130_fd_sc_hd__clkbuf_2
                    sky130_fd_sc_hd__clkbuf_4
                    sky130_fd_sc_hd__clkbuf_8
[INFO CTS-0049] Characterization buffer is sky130_fd_sc_hd__clkbuf_8.
[INFO CTS-0007] Net "clk" found for clock "clk".
[INFO CTS-0010]  Clock net "clk" has 6 sinks.
[INFO CTS-0008] TritonCTS found 1 clock nets.
[INFO CTS-0097] Characterization used 3 buffer(s) types.
[INFO CTS-0200] 0 placement blockages have been identified.
[INFO CTS-0201] 0 placed hard macros will be treated like blockages.
[INFO CTS-0027] Generating H-Tree topology for net clk.
[INFO CTS-0028]  Total number of sinks: 6.
[INFO CTS-0029]  Sinks will be clustered in groups of up to 25 and with maximum cluster diameter of 50.0 um.
[INFO CTS-0030]  Number of static layers: 0.
[INFO CTS-0020]  Wire segment unit: 13600  dbu (13 um).
[INFO CTS-0023]  Original sink region: [(77085, 96500), (127155, 107380)].
[INFO CTS-0024]  Normalized sink region: [(5.66801, 7.09559), (9.34963, 7.89559)].
[INFO CTS-0025]     Width:  3.6816.
[INFO CTS-0026]     Height: 0.8000.
 Level 1
    Direction: Horizontal
    Sinks per sub-region: 3
    Sub-region size: 1.8408 X 0.8000
[INFO CTS-0034]     Segment length (rounded): 1.
[INFO CTS-0032]  Stop criterion found. Max number of sinks is 15.
[INFO CTS-0035]  Number of sinks covered: 6.
[INFO CTS-0018]     Created 3 clock buffers.
[INFO CTS-0012]     Minimum number of buffers in the clock path: 2.
[INFO CTS-0013]     Maximum number of buffers in the clock path: 2.
[INFO CTS-0015]     Created 3 clock nets.
[INFO CTS-0016]     Fanout distribution for the current clock = 3:2..
[INFO CTS-0017]     Max level of the clock tree: 1.
[INFO CTS-0098] Clock net "clk"
[INFO CTS-0099]  Sinks 6
[INFO CTS-0100]  Leaf buffers 0
[INFO CTS-0101]  Average sink wire length 76.82 um
[INFO CTS-0102]  Path depth 2 - 2
[INFO CTS-0207]  Leaf load cells 0
[INFO] Repairing long wires on clock nets…
[INFO RSZ-0058] Using max wire length 5786um.
Setting global connections for newly added cells…
[INFO] Setting global connections...
Updating metrics…
Cell type report:                       Count       Area
  Fill cell                                78     292.78
  Tap cell                                225     281.52
  Clock buffer                              3      75.07
  Timing Repair Buffer                      1       5.00
  Inverter                                  1       3.75
  Sequential cell                           6     172.67
  Multi-Input combinational cell           29     142.64
  Total                                   343     973.43
Writing OpenROAD database to '/workspaces/tt-verilog-test-counter/runs/wokwi/34-openroad-cts/tt_um_josue_olivos_6bit_counter.odb'…
Writing netlist to '/workspaces/tt-verilog-test-counter/runs/wokwi/34-openroad-cts/tt_um_josue_olivos_6bit_counter.nl.v'…
Writing powered netlist to '/workspaces/tt-verilog-test-counter/runs/wokwi/34-openroad-cts/tt_um_josue_olivos_6bit_counter.pnl.v'…
Writing layout to '/workspaces/tt-verilog-test-counter/runs/wokwi/34-openroad-cts/tt_um_josue_olivos_6bit_counter.def'…
Writing timing constraints to '/workspaces/tt-verilog-test-counter/runs/wokwi/34-openroad-cts/tt_um_josue_olivos_6bit_counter.sdc'…
[INFO] Legalizing…
Placement Analysis
---------------------------------
total displacement         15.1 u
average displacement        0.0 u
max displacement            6.1 u
original HPWL             542.1 u
legalized HPWL            562.6 u
delta HPWL                    4 %

[INFO DPL-0020] Mirrored 26 instances
[INFO DPL-0021] HPWL before             562.6 u
[INFO DPL-0022] HPWL after              510.9 u
[INFO DPL-0023] HPWL delta               -9.2 %
Setting global connections for newly added cells…
[INFO] Setting global connections...
Updating metrics…
Cell type report:                       Count       Area
  Fill cell                                78     292.78
  Tap cell                                225     281.52
  Clock buffer                              3      75.07
  Timing Repair Buffer                      1       5.00
  Inverter                                  1       3.75
  Sequential cell                           6     172.67
  Multi-Input combinational cell           29     142.64
  Total                                   343     973.43
Writing OpenROAD database to '/workspaces/tt-verilog-test-counter/runs/wokwi/34-openroad-cts/tt_um_josue_olivos_6bit_counter.odb'…
Writing netlist to '/workspaces/tt-verilog-test-counter/runs/wokwi/34-openroad-cts/tt_um_josue_olivos_6bit_counter.nl.v'…
Writing powered netlist to '/workspaces/tt-verilog-test-counter/runs/wokwi/34-openroad-cts/tt_um_josue_olivos_6bit_counter.pnl.v'…
Writing layout to '/workspaces/tt-verilog-test-counter/runs/wokwi/34-openroad-cts/tt_um_josue_olivos_6bit_counter.def'…
Writing timing constraints to '/workspaces/tt-verilog-test-counter/runs/wokwi/34-openroad-cts/tt_um_josue_olivos_6bit_counter.sdc'…
%OL_CREATE_REPORT cts.rpt
[INFO CTS-0003] Total number of Clock Roots: 1.
[INFO CTS-0004] Total number of Buffers Inserted: 3.
[INFO CTS-0005] Total number of Clock Subnets: 3.
[INFO CTS-0006] Total number of Sinks: 6.
%OL_END_REPORT
