Clock: clk
Sources: clk 
Generated: no
Virtual: yes
Propagated: no
Period: 20.000000

===========================================================================
report_clock_properties
============================================================================
Clock                   Period          Waveform
----------------------------------------------------
clk                  20.000000    0.000000 10.000000

===========================================================================
report_clock_latency
============================================================================
Clock clk
rise -> rise
    min     max
0.000000 0.000000 source latency
0.284325         network latency _26_/CLK
        0.285187 network latency _28_/CLK
---------------
0.284325 0.285187 latency
        0.000862 skew

fall -> fall
    min     max
0.000000 0.000000 source latency
0.286680         network latency _26_/CLK
        0.287414 network latency _28_/CLK
---------------
0.286680 0.287414 latency
        0.000734 skew



===========================================================================
report_clock_min_period
============================================================================
clk period_min = 1.50 fmax = 668.52
