
===========================================================================
report_checks -path_delay max (Setup)
============================================================================
======================= min_tt_025C_1v80 Corner ===================================

Startpoint: _24_ (rising edge-triggered flip-flop clocked by clk)
Endpoint: uo_out[0] (output port clocked by clk)
Path Group: clk
Path Type: max

Fanout         Cap        Slew       Delay        Time   Description
---------------------------------------------------------------------------------------------
                                  0.000000    0.000000   clock clk (rise edge)
                                  0.000000    0.000000   clock source latency
     1    0.012274    0.061465    0.041446    0.041446 ^ clk (in)
                                                         clk (net)
                      0.061468    0.000000    0.041446 ^ clkbuf_0_clk/A (sky130_fd_sc_hd__clkbuf_16)
     2    0.018587    0.040652    0.130102    0.171548 ^ clkbuf_0_clk/X (sky130_fd_sc_hd__clkbuf_16)
                                                         clknet_0_clk (net)
                      0.040652    0.000175    0.171724 ^ clkbuf_1_1__f_clk/A (sky130_fd_sc_hd__clkbuf_16)
     3    0.008160    0.031749    0.112522    0.284246 ^ clkbuf_1_1__f_clk/X (sky130_fd_sc_hd__clkbuf_16)
                                                         clknet_1_1__leaf_clk (net)
                      0.031749    0.000099    0.284345 ^ _24_/CLK (sky130_fd_sc_hd__dfrtp_4)
     6    0.048152    0.118327    0.542266    0.826611 v _24_/Q (sky130_fd_sc_hd__dfrtp_4)
                                                         uo_out[0] (net)
                      0.118328    0.000469    0.827080 v uo_out[0] (out)
                                              0.827080   data arrival time

                                 20.000000   20.000000   clock clk (rise edge)
                                  0.000000   20.000000   clock network delay (propagated)
                                 -0.250000   19.750002   clock uncertainty
                                  0.000000   19.750002   clock reconvergence pessimism
                                 -4.000000   15.750001   output external delay
                                             15.750001   data required time
---------------------------------------------------------------------------------------------
                                             15.750001   data required time
                                             -0.827080   data arrival time
---------------------------------------------------------------------------------------------
                                             14.922920   slack (MET)


Startpoint: _26_ (rising edge-triggered flip-flop clocked by clk)
Endpoint: uo_out[2] (output port clocked by clk)
Path Group: clk
Path Type: max

Fanout         Cap        Slew       Delay        Time   Description
---------------------------------------------------------------------------------------------
                                  0.000000    0.000000   clock clk (rise edge)
                                  0.000000    0.000000   clock source latency
     1    0.012274    0.061465    0.041446    0.041446 ^ clk (in)
                                                         clk (net)
                      0.061468    0.000000    0.041446 ^ clkbuf_0_clk/A (sky130_fd_sc_hd__clkbuf_16)
     2    0.018587    0.040652    0.130102    0.171548 ^ clkbuf_0_clk/X (sky130_fd_sc_hd__clkbuf_16)
                                                         clknet_0_clk (net)
                      0.040652    0.000175    0.171724 ^ clkbuf_1_1__f_clk/A (sky130_fd_sc_hd__clkbuf_16)
     3    0.008160    0.031749    0.112522    0.284246 ^ clkbuf_1_1__f_clk/X (sky130_fd_sc_hd__clkbuf_16)
                                                         clknet_1_1__leaf_clk (net)
                      0.031749    0.000079    0.284325 ^ _26_/CLK (sky130_fd_sc_hd__dfrtp_4)
     4    0.047440    0.117912    0.540190    0.824515 v _26_/Q (sky130_fd_sc_hd__dfrtp_4)
                                                         uo_out[2] (net)
                      0.117938    0.001690    0.826204 v uo_out[2] (out)
                                              0.826204   data arrival time

                                 20.000000   20.000000   clock clk (rise edge)
                                  0.000000   20.000000   clock network delay (propagated)
                                 -0.250000   19.750002   clock uncertainty
                                  0.000000   19.750002   clock reconvergence pessimism
                                 -4.000000   15.750001   output external delay
                                             15.750001   data required time
---------------------------------------------------------------------------------------------
                                             15.750001   data required time
                                             -0.826204   data arrival time
---------------------------------------------------------------------------------------------
                                             14.923796   slack (MET)


Startpoint: _25_ (rising edge-triggered flip-flop clocked by clk)
Endpoint: uo_out[1] (output port clocked by clk)
Path Group: clk
Path Type: max

Fanout         Cap        Slew       Delay        Time   Description
---------------------------------------------------------------------------------------------
                                  0.000000    0.000000   clock clk (rise edge)
                                  0.000000    0.000000   clock source latency
     1    0.012274    0.061465    0.041446    0.041446 ^ clk (in)
                                                         clk (net)
                      0.061468    0.000000    0.041446 ^ clkbuf_0_clk/A (sky130_fd_sc_hd__clkbuf_16)
     2    0.018587    0.040652    0.130102    0.171548 ^ clkbuf_0_clk/X (sky130_fd_sc_hd__clkbuf_16)
                                                         clknet_0_clk (net)
                      0.040652    0.000175    0.171724 ^ clkbuf_1_1__f_clk/A (sky130_fd_sc_hd__clkbuf_16)
     3    0.008160    0.031749    0.112522    0.284246 ^ clkbuf_1_1__f_clk/X (sky130_fd_sc_hd__clkbuf_16)
                                                         clknet_1_1__leaf_clk (net)
                      0.031749    0.000080    0.284326 ^ _25_/CLK (sky130_fd_sc_hd__dfrtp_4)
     5    0.044095    0.112400    0.535015    0.819340 v _25_/Q (sky130_fd_sc_hd__dfrtp_4)
                                                         uo_out[1] (net)
                      0.112405    0.000858    0.820198 v uo_out[1] (out)
                                              0.820198   data arrival time

                                 20.000000   20.000000   clock clk (rise edge)
                                  0.000000   20.000000   clock network delay (propagated)
                                 -0.250000   19.750002   clock uncertainty
                                  0.000000   19.750002   clock reconvergence pessimism
                                 -4.000000   15.750001   output external delay
                                             15.750001   data required time
---------------------------------------------------------------------------------------------
                                             15.750001   data required time
                                             -0.820198   data arrival time
---------------------------------------------------------------------------------------------
                                             14.929802   slack (MET)


Startpoint: _27_ (rising edge-triggered flip-flop clocked by clk)
Endpoint: uo_out[3] (output port clocked by clk)
Path Group: clk
Path Type: max

Fanout         Cap        Slew       Delay        Time   Description
---------------------------------------------------------------------------------------------
                                  0.000000    0.000000   clock clk (rise edge)
                                  0.000000    0.000000   clock source latency
     1    0.012274    0.061465    0.041446    0.041446 ^ clk (in)
                                                         clk (net)
                      0.061468    0.000000    0.041446 ^ clkbuf_0_clk/A (sky130_fd_sc_hd__clkbuf_16)
     2    0.018587    0.040652    0.130102    0.171548 ^ clkbuf_0_clk/X (sky130_fd_sc_hd__clkbuf_16)
                                                         clknet_0_clk (net)
                      0.040652    0.000165    0.171713 ^ clkbuf_1_0__f_clk/A (sky130_fd_sc_hd__clkbuf_16)
     3    0.009008    0.032482    0.113333    0.285046 ^ clkbuf_1_0__f_clk/X (sky130_fd_sc_hd__clkbuf_16)
                                                         clknet_1_0__leaf_clk (net)
                      0.032482    0.000109    0.285155 ^ _27_/CLK (sky130_fd_sc_hd__dfrtp_4)
     3    0.040445    0.106851    0.529185    0.814340 v _27_/Q (sky130_fd_sc_hd__dfrtp_4)
                                                         uo_out[3] (net)
                      0.106852    0.000502    0.814842 v uo_out[3] (out)
                                              0.814842   data arrival time

                                 20.000000   20.000000   clock clk (rise edge)
                                  0.000000   20.000000   clock network delay (propagated)
                                 -0.250000   19.750002   clock uncertainty
                                  0.000000   19.750002   clock reconvergence pessimism
                                 -4.000000   15.750001   output external delay
                                             15.750001   data required time
---------------------------------------------------------------------------------------------
                                             15.750001   data required time
                                             -0.814842   data arrival time
---------------------------------------------------------------------------------------------
                                             14.935160   slack (MET)


Startpoint: _28_ (rising edge-triggered flip-flop clocked by clk)
Endpoint: uo_out[4] (output port clocked by clk)
Path Group: clk
Path Type: max

Fanout         Cap        Slew       Delay        Time   Description
---------------------------------------------------------------------------------------------
                                  0.000000    0.000000   clock clk (rise edge)
                                  0.000000    0.000000   clock source latency
     1    0.012274    0.061465    0.041446    0.041446 ^ clk (in)
                                                         clk (net)
                      0.061468    0.000000    0.041446 ^ clkbuf_0_clk/A (sky130_fd_sc_hd__clkbuf_16)
     2    0.018587    0.040652    0.130102    0.171548 ^ clkbuf_0_clk/X (sky130_fd_sc_hd__clkbuf_16)
                                                         clknet_0_clk (net)
                      0.040652    0.000165    0.171713 ^ clkbuf_1_0__f_clk/A (sky130_fd_sc_hd__clkbuf_16)
     3    0.009008    0.032482    0.113333    0.285046 ^ clkbuf_1_0__f_clk/X (sky130_fd_sc_hd__clkbuf_16)
                                                         clknet_1_0__leaf_clk (net)
                      0.032482    0.000141    0.285187 ^ _28_/CLK (sky130_fd_sc_hd__dfrtp_4)
     3    0.040405    0.106808    0.529097    0.814283 v _28_/Q (sky130_fd_sc_hd__dfrtp_4)
                                                         uo_out[4] (net)
                      0.106809    0.000527    0.814811 v uo_out[4] (out)
                                              0.814811   data arrival time

                                 20.000000   20.000000   clock clk (rise edge)
                                  0.000000   20.000000   clock network delay (propagated)
                                 -0.250000   19.750002   clock uncertainty
                                  0.000000   19.750002   clock reconvergence pessimism
                                 -4.000000   15.750001   output external delay
                                             15.750001   data required time
---------------------------------------------------------------------------------------------
                                             15.750001   data required time
                                             -0.814811   data arrival time
---------------------------------------------------------------------------------------------
                                             14.935189   slack (MET)


Startpoint: _29_ (rising edge-triggered flip-flop clocked by clk)
Endpoint: uo_out[5] (output port clocked by clk)
Path Group: clk
Path Type: max

Fanout         Cap        Slew       Delay        Time   Description
---------------------------------------------------------------------------------------------
                                  0.000000    0.000000   clock clk (rise edge)
                                  0.000000    0.000000   clock source latency
     1    0.012274    0.061465    0.041446    0.041446 ^ clk (in)
                                                         clk (net)
                      0.061468    0.000000    0.041446 ^ clkbuf_0_clk/A (sky130_fd_sc_hd__clkbuf_16)
     2    0.018587    0.040652    0.130102    0.171548 ^ clkbuf_0_clk/X (sky130_fd_sc_hd__clkbuf_16)
                                                         clknet_0_clk (net)
                      0.040652    0.000165    0.171713 ^ clkbuf_1_0__f_clk/A (sky130_fd_sc_hd__clkbuf_16)
     3    0.009008    0.032482    0.113333    0.285046 ^ clkbuf_1_0__f_clk/X (sky130_fd_sc_hd__clkbuf_16)
                                                         clknet_1_0__leaf_clk (net)
                      0.032482    0.000047    0.285093 ^ _29_/CLK (sky130_fd_sc_hd__dfrtp_4)
     2    0.039348    0.105108    0.527484    0.812577 v _29_/Q (sky130_fd_sc_hd__dfrtp_4)
                                                         uo_out[5] (net)
                      0.105108    0.000200    0.812777 v uo_out[5] (out)
                                              0.812777   data arrival time

                                 20.000000   20.000000   clock clk (rise edge)
                                  0.000000   20.000000   clock network delay (propagated)
                                 -0.250000   19.750002   clock uncertainty
                                  0.000000   19.750002   clock reconvergence pessimism
                                 -4.000000   15.750001   output external delay
                                             15.750001   data required time
---------------------------------------------------------------------------------------------
                                             15.750001   data required time
                                             -0.812777   data arrival time
---------------------------------------------------------------------------------------------
                                             14.937223   slack (MET)


Startpoint: rst_n (input port clocked by clk)
Endpoint: _24_ (recovery check against rising-edge clock clk)
Path Group: asynchronous
Path Type: max

Fanout         Cap        Slew       Delay        Time   Description
---------------------------------------------------------------------------------------------
                                  0.000000    0.000000   clock clk (rise edge)
                                  0.000000    0.000000   clock network delay (propagated)
                                  4.000000    4.000000 ^ input external delay
     1    0.002266    0.017476    0.008431    4.008430 ^ rst_n (in)
                                                         rst_n (net)
                      0.017476    0.000000    4.008430 ^ input1/A (sky130_fd_sc_hd__buf_2)
     6    0.032737    0.163080    0.182088    4.190518 ^ input1/X (sky130_fd_sc_hd__buf_2)
                                                         net1 (net)
                      0.163094    0.001227    4.191745 ^ _24_/RESET_B (sky130_fd_sc_hd__dfrtp_4)
                                              4.191745   data arrival time

                                 20.000000   20.000000   clock clk (rise edge)
                                  0.000000   20.000000   clock source latency
     1    0.012274    0.061465    0.041446   20.041447 ^ clk (in)
                                                         clk (net)
                      0.061468    0.000000   20.041447 ^ clkbuf_0_clk/A (sky130_fd_sc_hd__clkbuf_16)
     2    0.018587    0.040652    0.130102   20.171549 ^ clkbuf_0_clk/X (sky130_fd_sc_hd__clkbuf_16)
                                                         clknet_0_clk (net)
                      0.040652    0.000176   20.171724 ^ clkbuf_1_1__f_clk/A (sky130_fd_sc_hd__clkbuf_16)
     3    0.008160    0.031749    0.112522   20.284246 ^ clkbuf_1_1__f_clk/X (sky130_fd_sc_hd__clkbuf_16)
                                                         clknet_1_1__leaf_clk (net)
                      0.031749    0.000099   20.284346 ^ _24_/CLK (sky130_fd_sc_hd__dfrtp_4)
                                 -0.250000   20.034346   clock uncertainty
                                  0.000000   20.034346   clock reconvergence pessimism
                                  0.174801   20.209146   library recovery time
                                             20.209146   data required time
---------------------------------------------------------------------------------------------
                                             20.209146   data required time
                                             -4.191745   data arrival time
---------------------------------------------------------------------------------------------
                                             16.017403   slack (MET)


Startpoint: rst_n (input port clocked by clk)
Endpoint: _25_ (recovery check against rising-edge clock clk)
Path Group: asynchronous
Path Type: max

Fanout         Cap        Slew       Delay        Time   Description
---------------------------------------------------------------------------------------------
                                  0.000000    0.000000   clock clk (rise edge)
                                  0.000000    0.000000   clock network delay (propagated)
                                  4.000000    4.000000 ^ input external delay
     1    0.002266    0.017476    0.008431    4.008430 ^ rst_n (in)
                                                         rst_n (net)
                      0.017476    0.000000    4.008430 ^ input1/A (sky130_fd_sc_hd__buf_2)
     6    0.032737    0.163080    0.182088    4.190518 ^ input1/X (sky130_fd_sc_hd__buf_2)
                                                         net1 (net)
                      0.163087    0.000878    4.191397 ^ _25_/RESET_B (sky130_fd_sc_hd__dfrtp_4)
                                              4.191397   data arrival time

                                 20.000000   20.000000   clock clk (rise edge)
                                  0.000000   20.000000   clock source latency
     1    0.012274    0.061465    0.041446   20.041447 ^ clk (in)
                                                         clk (net)
                      0.061468    0.000000   20.041447 ^ clkbuf_0_clk/A (sky130_fd_sc_hd__clkbuf_16)
     2    0.018587    0.040652    0.130102   20.171549 ^ clkbuf_0_clk/X (sky130_fd_sc_hd__clkbuf_16)
                                                         clknet_0_clk (net)
                      0.040652    0.000176   20.171724 ^ clkbuf_1_1__f_clk/A (sky130_fd_sc_hd__clkbuf_16)
     3    0.008160    0.031749    0.112522   20.284246 ^ clkbuf_1_1__f_clk/X (sky130_fd_sc_hd__clkbuf_16)
                                                         clknet_1_1__leaf_clk (net)
                      0.031749    0.000080   20.284327 ^ _25_/CLK (sky130_fd_sc_hd__dfrtp_4)
                                 -0.250000   20.034327   clock uncertainty
                                  0.000000   20.034327   clock reconvergence pessimism
                                  0.174803   20.209129   library recovery time
                                             20.209129   data required time
---------------------------------------------------------------------------------------------
                                             20.209129   data required time
                                             -4.191397   data arrival time
---------------------------------------------------------------------------------------------
                                             16.017733   slack (MET)


Startpoint: rst_n (input port clocked by clk)
Endpoint: _26_ (recovery check against rising-edge clock clk)
Path Group: asynchronous
Path Type: max

Fanout         Cap        Slew       Delay        Time   Description
---------------------------------------------------------------------------------------------
                                  0.000000    0.000000   clock clk (rise edge)
                                  0.000000    0.000000   clock network delay (propagated)
                                  4.000000    4.000000 ^ input external delay
     1    0.002266    0.017476    0.008431    4.008430 ^ rst_n (in)
                                                         rst_n (net)
                      0.017476    0.000000    4.008430 ^ input1/A (sky130_fd_sc_hd__buf_2)
     6    0.032737    0.163080    0.182088    4.190518 ^ input1/X (sky130_fd_sc_hd__buf_2)
                                                         net1 (net)
                      0.163084    0.000628    4.191147 ^ _26_/RESET_B (sky130_fd_sc_hd__dfrtp_4)
                                              4.191147   data arrival time

                                 20.000000   20.000000   clock clk (rise edge)
                                  0.000000   20.000000   clock source latency
     1    0.012274    0.061465    0.041446   20.041447 ^ clk (in)
                                                         clk (net)
                      0.061468    0.000000   20.041447 ^ clkbuf_0_clk/A (sky130_fd_sc_hd__clkbuf_16)
     2    0.018587    0.040652    0.130102   20.171549 ^ clkbuf_0_clk/X (sky130_fd_sc_hd__clkbuf_16)
                                                         clknet_0_clk (net)
                      0.040652    0.000176   20.171724 ^ clkbuf_1_1__f_clk/A (sky130_fd_sc_hd__clkbuf_16)
     3    0.008160    0.031749    0.112522   20.284246 ^ clkbuf_1_1__f_clk/X (sky130_fd_sc_hd__clkbuf_16)
                                                         clknet_1_1__leaf_clk (net)
                      0.031749    0.000080   20.284327 ^ _26_/CLK (sky130_fd_sc_hd__dfrtp_4)
                                 -0.250000   20.034327   clock uncertainty
                                  0.000000   20.034327   clock reconvergence pessimism
                                  0.174804   20.209131   library recovery time
                                             20.209131   data required time
---------------------------------------------------------------------------------------------
                                             20.209131   data required time
                                             -4.191147   data arrival time
---------------------------------------------------------------------------------------------
                                             16.017984   slack (MET)


Startpoint: rst_n (input port clocked by clk)
Endpoint: _29_ (recovery check against rising-edge clock clk)
Path Group: asynchronous
Path Type: max

Fanout         Cap        Slew       Delay        Time   Description
---------------------------------------------------------------------------------------------
                                  0.000000    0.000000   clock clk (rise edge)
                                  0.000000    0.000000   clock network delay (propagated)
                                  4.000000    4.000000 ^ input external delay
     1    0.002266    0.017476    0.008431    4.008430 ^ rst_n (in)
                                                         rst_n (net)
                      0.017476    0.000000    4.008430 ^ input1/A (sky130_fd_sc_hd__buf_2)
     6    0.032737    0.163080    0.182088    4.190518 ^ input1/X (sky130_fd_sc_hd__buf_2)
                                                         net1 (net)
                      0.163099    0.001459    4.191977 ^ _29_/RESET_B (sky130_fd_sc_hd__dfrtp_4)
                                              4.191977   data arrival time

                                 20.000000   20.000000   clock clk (rise edge)
                                  0.000000   20.000000   clock source latency
     1    0.012274    0.061465    0.041446   20.041447 ^ clk (in)
                                                         clk (net)
                      0.061468    0.000000   20.041447 ^ clkbuf_0_clk/A (sky130_fd_sc_hd__clkbuf_16)
     2    0.018587    0.040652    0.130102   20.171549 ^ clkbuf_0_clk/X (sky130_fd_sc_hd__clkbuf_16)
                                                         clknet_0_clk (net)
                      0.040652    0.000165   20.171713 ^ clkbuf_1_0__f_clk/A (sky130_fd_sc_hd__clkbuf_16)
     3    0.009008    0.032482    0.113333   20.285048 ^ clkbuf_1_0__f_clk/X (sky130_fd_sc_hd__clkbuf_16)
                                                         clknet_1_0__leaf_clk (net)
                      0.032482    0.000046   20.285093 ^ _29_/CLK (sky130_fd_sc_hd__dfrtp_4)
                                 -0.250000   20.035093   clock uncertainty
                                  0.000000   20.035093   clock reconvergence pessimism
                                  0.175030   20.210123   library recovery time
                                             20.210123   data required time
---------------------------------------------------------------------------------------------
                                             20.210123   data required time
                                             -4.191977   data arrival time
---------------------------------------------------------------------------------------------
                                             16.018147   slack (MET)


Startpoint: rst_n (input port clocked by clk)
Endpoint: _28_ (recovery check against rising-edge clock clk)
Path Group: asynchronous
Path Type: max

Fanout         Cap        Slew       Delay        Time   Description
---------------------------------------------------------------------------------------------
                                  0.000000    0.000000   clock clk (rise edge)
                                  0.000000    0.000000   clock network delay (propagated)
                                  4.000000    4.000000 ^ input external delay
     1    0.002266    0.017476    0.008431    4.008430 ^ rst_n (in)
                                                         rst_n (net)
                      0.017476    0.000000    4.008430 ^ input1/A (sky130_fd_sc_hd__buf_2)
     6    0.032737    0.163080    0.182088    4.190518 ^ input1/X (sky130_fd_sc_hd__buf_2)
                                                         net1 (net)
                      0.163099    0.001457    4.191975 ^ _28_/RESET_B (sky130_fd_sc_hd__dfrtp_4)
                                              4.191975   data arrival time

                                 20.000000   20.000000   clock clk (rise edge)
                                  0.000000   20.000000   clock source latency
     1    0.012274    0.061465    0.041446   20.041447 ^ clk (in)
                                                         clk (net)
                      0.061468    0.000000   20.041447 ^ clkbuf_0_clk/A (sky130_fd_sc_hd__clkbuf_16)
     2    0.018587    0.040652    0.130102   20.171549 ^ clkbuf_0_clk/X (sky130_fd_sc_hd__clkbuf_16)
                                                         clknet_0_clk (net)
                      0.040652    0.000165   20.171713 ^ clkbuf_1_0__f_clk/A (sky130_fd_sc_hd__clkbuf_16)
     3    0.009008    0.032482    0.113333   20.285048 ^ clkbuf_1_0__f_clk/X (sky130_fd_sc_hd__clkbuf_16)
                                                         clknet_1_0__leaf_clk (net)
                      0.032482    0.000140   20.285187 ^ _28_/CLK (sky130_fd_sc_hd__dfrtp_4)
                                 -0.250000   20.035189   clock uncertainty
                                  0.000000   20.035189   clock reconvergence pessimism
                                  0.175030   20.210218   library recovery time
                                             20.210218   data required time
---------------------------------------------------------------------------------------------
                                             20.210218   data required time
                                             -4.191975   data arrival time
---------------------------------------------------------------------------------------------
                                             16.018244   slack (MET)


Startpoint: rst_n (input port clocked by clk)
Endpoint: _27_ (recovery check against rising-edge clock clk)
Path Group: asynchronous
Path Type: max

Fanout         Cap        Slew       Delay        Time   Description
---------------------------------------------------------------------------------------------
                                  0.000000    0.000000   clock clk (rise edge)
                                  0.000000    0.000000   clock network delay (propagated)
                                  4.000000    4.000000 ^ input external delay
     1    0.002266    0.017476    0.008431    4.008430 ^ rst_n (in)
                                                         rst_n (net)
                      0.017476    0.000000    4.008430 ^ input1/A (sky130_fd_sc_hd__buf_2)
     6    0.032737    0.163080    0.182088    4.190518 ^ input1/X (sky130_fd_sc_hd__buf_2)
                                                         net1 (net)
                      0.163097    0.001369    4.191887 ^ _27_/RESET_B (sky130_fd_sc_hd__dfrtp_4)
                                              4.191887   data arrival time

                                 20.000000   20.000000   clock clk (rise edge)
                                  0.000000   20.000000   clock source latency
     1    0.012274    0.061465    0.041446   20.041447 ^ clk (in)
                                                         clk (net)
                      0.061468    0.000000   20.041447 ^ clkbuf_0_clk/A (sky130_fd_sc_hd__clkbuf_16)
     2    0.018587    0.040652    0.130102   20.171549 ^ clkbuf_0_clk/X (sky130_fd_sc_hd__clkbuf_16)
                                                         clknet_0_clk (net)
                      0.040652    0.000165   20.171713 ^ clkbuf_1_0__f_clk/A (sky130_fd_sc_hd__clkbuf_16)
     3    0.009008    0.032482    0.113333   20.285048 ^ clkbuf_1_0__f_clk/X (sky130_fd_sc_hd__clkbuf_16)
                                                         clknet_1_0__leaf_clk (net)
                      0.032482    0.000108   20.285156 ^ _27_/CLK (sky130_fd_sc_hd__dfrtp_4)
                                 -0.250000   20.035156   clock uncertainty
                                  0.000000   20.035156   clock reconvergence pessimism
                                  0.175030   20.210186   library recovery time
                                             20.210186   data required time
---------------------------------------------------------------------------------------------
                                             20.210186   data required time
                                             -4.191887   data arrival time
---------------------------------------------------------------------------------------------
                                             16.018299   slack (MET)


Startpoint: _26_ (rising edge-triggered flip-flop clocked by clk)
Endpoint: _28_ (rising edge-triggered flip-flop clocked by clk)
Path Group: clk
Path Type: max

Fanout         Cap        Slew       Delay        Time   Description
---------------------------------------------------------------------------------------------
                                  0.000000    0.000000   clock clk (rise edge)
                                  0.000000    0.000000   clock source latency
     1    0.012274    0.061465    0.041446    0.041446 ^ clk (in)
                                                         clk (net)
                      0.061468    0.000000    0.041446 ^ clkbuf_0_clk/A (sky130_fd_sc_hd__clkbuf_16)
     2    0.018587    0.040652    0.130102    0.171548 ^ clkbuf_0_clk/X (sky130_fd_sc_hd__clkbuf_16)
                                                         clknet_0_clk (net)
                      0.040652    0.000175    0.171724 ^ clkbuf_1_1__f_clk/A (sky130_fd_sc_hd__clkbuf_16)
     3    0.008160    0.031749    0.112522    0.284246 ^ clkbuf_1_1__f_clk/X (sky130_fd_sc_hd__clkbuf_16)
                                                         clknet_1_1__leaf_clk (net)
                      0.031749    0.000079    0.284325 ^ _26_/CLK (sky130_fd_sc_hd__dfrtp_4)
     4    0.047440    0.117912    0.540190    0.824515 v _26_/Q (sky130_fd_sc_hd__dfrtp_4)
                                                         uo_out[2] (net)
                      0.117928    0.001392    0.825907 v _17_/C (sky130_fd_sc_hd__and4_1)
     3    0.008785    0.062830    0.246081    1.071987 v _17_/X (sky130_fd_sc_hd__and4_1)
                                                         _08_ (net)
                      0.062830    0.000188    1.072175 v _21_/B (sky130_fd_sc_hd__or2_1)
     1    0.001714    0.042820    0.198990    1.271166 v _21_/X (sky130_fd_sc_hd__or2_1)
                                                         _11_ (net)
                      0.042820    0.000007    1.271173 v _22_/B (sky130_fd_sc_hd__and2_1)
     1    0.002542    0.033937    0.147533    1.418706 v _22_/X (sky130_fd_sc_hd__and2_1)
                                                         _04_ (net)
                      0.033937    0.000027    1.418733 v _28_/D (sky130_fd_sc_hd__dfrtp_4)
                                              1.418733   data arrival time

                                 20.000000   20.000000   clock clk (rise edge)
                                  0.000000   20.000000   clock source latency
     1    0.012274    0.061465    0.041446   20.041447 ^ clk (in)
                                                         clk (net)
                      0.061468    0.000000   20.041447 ^ clkbuf_0_clk/A (sky130_fd_sc_hd__clkbuf_16)
     2    0.018587    0.040652    0.130102   20.171549 ^ clkbuf_0_clk/X (sky130_fd_sc_hd__clkbuf_16)
                                                         clknet_0_clk (net)
                      0.040652    0.000165   20.171713 ^ clkbuf_1_0__f_clk/A (sky130_fd_sc_hd__clkbuf_16)
     3    0.009008    0.032482    0.113333   20.285048 ^ clkbuf_1_0__f_clk/X (sky130_fd_sc_hd__clkbuf_16)
                                                         clknet_1_0__leaf_clk (net)
                      0.032482    0.000140   20.285187 ^ _28_/CLK (sky130_fd_sc_hd__dfrtp_4)
                                 -0.250000   20.035189   clock uncertainty
                                  0.000000   20.035189   clock reconvergence pessimism
                                 -0.112307   19.922882   library setup time
                                             19.922882   data required time
---------------------------------------------------------------------------------------------
                                             19.922882   data required time
                                             -1.418733   data arrival time
---------------------------------------------------------------------------------------------
                                             18.504148   slack (MET)


Startpoint: _26_ (rising edge-triggered flip-flop clocked by clk)
Endpoint: _29_ (rising edge-triggered flip-flop clocked by clk)
Path Group: clk
Path Type: max

Fanout         Cap        Slew       Delay        Time   Description
---------------------------------------------------------------------------------------------
                                  0.000000    0.000000   clock clk (rise edge)
                                  0.000000    0.000000   clock source latency
     1    0.012274    0.061465    0.041446    0.041446 ^ clk (in)
                                                         clk (net)
                      0.061468    0.000000    0.041446 ^ clkbuf_0_clk/A (sky130_fd_sc_hd__clkbuf_16)
     2    0.018587    0.040652    0.130102    0.171548 ^ clkbuf_0_clk/X (sky130_fd_sc_hd__clkbuf_16)
                                                         clknet_0_clk (net)
                      0.040652    0.000175    0.171724 ^ clkbuf_1_1__f_clk/A (sky130_fd_sc_hd__clkbuf_16)
     3    0.008160    0.031749    0.112522    0.284246 ^ clkbuf_1_1__f_clk/X (sky130_fd_sc_hd__clkbuf_16)
                                                         clknet_1_1__leaf_clk (net)
                      0.031749    0.000079    0.284325 ^ _26_/CLK (sky130_fd_sc_hd__dfrtp_4)
     4    0.047440    0.117912    0.540190    0.824515 v _26_/Q (sky130_fd_sc_hd__dfrtp_4)
                                                         uo_out[2] (net)
                      0.117928    0.001392    0.825907 v _17_/C (sky130_fd_sc_hd__and4_1)
     3    0.008785    0.062830    0.246081    1.071987 v _17_/X (sky130_fd_sc_hd__and4_1)
                                                         _08_ (net)
                      0.062830    0.000202    1.072190 v _20_/B (sky130_fd_sc_hd__nand2_1)
     2    0.006557    0.074972    0.092528    1.164718 ^ _20_/Y (sky130_fd_sc_hd__nand2_1)
                                                         _10_ (net)
                      0.074972    0.000044    1.164762 ^ _23_/B (sky130_fd_sc_hd__xnor2_1)
     1    0.004783    0.153299    0.128551    1.293313 ^ _23_/Y (sky130_fd_sc_hd__xnor2_1)
                                                         _05_ (net)
                      0.153299    0.000075    1.293388 ^ _29_/D (sky130_fd_sc_hd__dfrtp_4)
                                              1.293388   data arrival time

                                 20.000000   20.000000   clock clk (rise edge)
                                  0.000000   20.000000   clock source latency
     1    0.012274    0.061465    0.041446   20.041447 ^ clk (in)
                                                         clk (net)
                      0.061468    0.000000   20.041447 ^ clkbuf_0_clk/A (sky130_fd_sc_hd__clkbuf_16)
     2    0.018587    0.040652    0.130102   20.171549 ^ clkbuf_0_clk/X (sky130_fd_sc_hd__clkbuf_16)
                                                         clknet_0_clk (net)
                      0.040652    0.000165   20.171713 ^ clkbuf_1_0__f_clk/A (sky130_fd_sc_hd__clkbuf_16)
     3    0.009008    0.032482    0.113333   20.285048 ^ clkbuf_1_0__f_clk/X (sky130_fd_sc_hd__clkbuf_16)
                                                         clknet_1_0__leaf_clk (net)
                      0.032482    0.000046   20.285093 ^ _29_/CLK (sky130_fd_sc_hd__dfrtp_4)
                                 -0.250000   20.035093   clock uncertainty
                                  0.000000   20.035093   clock reconvergence pessimism
                                 -0.090775   19.944319   library setup time
                                             19.944319   data required time
---------------------------------------------------------------------------------------------
                                             19.944319   data required time
                                             -1.293388   data arrival time
---------------------------------------------------------------------------------------------
                                             18.650930   slack (MET)


Startpoint: _24_ (rising edge-triggered flip-flop clocked by clk)
Endpoint: _27_ (rising edge-triggered flip-flop clocked by clk)
Path Group: clk
Path Type: max

Fanout         Cap        Slew       Delay        Time   Description
---------------------------------------------------------------------------------------------
                                  0.000000    0.000000   clock clk (rise edge)
                                  0.000000    0.000000   clock source latency
     1    0.012274    0.061465    0.041446    0.041446 ^ clk (in)
                                                         clk (net)
                      0.061468    0.000000    0.041446 ^ clkbuf_0_clk/A (sky130_fd_sc_hd__clkbuf_16)
     2    0.018587    0.040652    0.130102    0.171548 ^ clkbuf_0_clk/X (sky130_fd_sc_hd__clkbuf_16)
                                                         clknet_0_clk (net)
                      0.040652    0.000175    0.171724 ^ clkbuf_1_1__f_clk/A (sky130_fd_sc_hd__clkbuf_16)
     3    0.008160    0.031749    0.112522    0.284246 ^ clkbuf_1_1__f_clk/X (sky130_fd_sc_hd__clkbuf_16)
                                                         clknet_1_1__leaf_clk (net)
                      0.031749    0.000099    0.284345 ^ _24_/CLK (sky130_fd_sc_hd__dfrtp_4)
     6    0.049142    0.162933    0.494929    0.779274 ^ _24_/Q (sky130_fd_sc_hd__dfrtp_4)
                                                         uo_out[0] (net)
                      0.162933    0.000412    0.779685 ^ _17_/B (sky130_fd_sc_hd__and4_1)
     3    0.009292    0.108716    0.253843    1.033528 ^ _17_/X (sky130_fd_sc_hd__and4_1)
                                                         _08_ (net)
                      0.108716    0.000132    1.033660 ^ _19_/A_N (sky130_fd_sc_hd__and2b_1)
     1    0.002654    0.032973    0.185556    1.219216 v _19_/X (sky130_fd_sc_hd__and2b_1)
                                                         _03_ (net)
                      0.032973    0.000028    1.219244 v _27_/D (sky130_fd_sc_hd__dfrtp_4)
                                              1.219244   data arrival time

                                 20.000000   20.000000   clock clk (rise edge)
                                  0.000000   20.000000   clock source latency
     1    0.012274    0.061465    0.041446   20.041447 ^ clk (in)
                                                         clk (net)
                      0.061468    0.000000   20.041447 ^ clkbuf_0_clk/A (sky130_fd_sc_hd__clkbuf_16)
     2    0.018587    0.040652    0.130102   20.171549 ^ clkbuf_0_clk/X (sky130_fd_sc_hd__clkbuf_16)
                                                         clknet_0_clk (net)
                      0.040652    0.000165   20.171713 ^ clkbuf_1_0__f_clk/A (sky130_fd_sc_hd__clkbuf_16)
     3    0.009008    0.032482    0.113333   20.285048 ^ clkbuf_1_0__f_clk/X (sky130_fd_sc_hd__clkbuf_16)
                                                         clknet_1_0__leaf_clk (net)
                      0.032482    0.000108   20.285156 ^ _27_/CLK (sky130_fd_sc_hd__dfrtp_4)
                                 -0.250000   20.035156   clock uncertainty
                                  0.000000   20.035156   clock reconvergence pessimism
                                 -0.111887   19.923269   library setup time
                                             19.923269   data required time
---------------------------------------------------------------------------------------------
                                             19.923269   data required time
                                             -1.219244   data arrival time
---------------------------------------------------------------------------------------------
                                             18.704025   slack (MET)


Startpoint: _25_ (rising edge-triggered flip-flop clocked by clk)
Endpoint: _25_ (rising edge-triggered flip-flop clocked by clk)
Path Group: clk
Path Type: max

Fanout         Cap        Slew       Delay        Time   Description
---------------------------------------------------------------------------------------------
                                  0.000000    0.000000   clock clk (rise edge)
                                  0.000000    0.000000   clock source latency
     1    0.012274    0.061465    0.041446    0.041446 ^ clk (in)
                                                         clk (net)
                      0.061468    0.000000    0.041446 ^ clkbuf_0_clk/A (sky130_fd_sc_hd__clkbuf_16)
     2    0.018587    0.040652    0.130102    0.171548 ^ clkbuf_0_clk/X (sky130_fd_sc_hd__clkbuf_16)
                                                         clknet_0_clk (net)
                      0.040652    0.000175    0.171724 ^ clkbuf_1_1__f_clk/A (sky130_fd_sc_hd__clkbuf_16)
     3    0.008160    0.031749    0.112522    0.284246 ^ clkbuf_1_1__f_clk/X (sky130_fd_sc_hd__clkbuf_16)
                                                         clknet_1_1__leaf_clk (net)
                      0.031749    0.000080    0.284326 ^ _25_/CLK (sky130_fd_sc_hd__dfrtp_4)
     5    0.044095    0.112400    0.535015    0.819340 v _25_/Q (sky130_fd_sc_hd__dfrtp_4)
                                                         uo_out[1] (net)
                      0.112400    0.000460    0.819800 v _14_/A (sky130_fd_sc_hd__or2_1)
     1    0.001662    0.042521    0.235963    1.055763 v _14_/X (sky130_fd_sc_hd__or2_1)
                                                         _07_ (net)
                      0.042521    0.000007    1.055771 v _15_/B (sky130_fd_sc_hd__and2_1)
     1    0.003551    0.038335    0.153161    1.208932 v _15_/X (sky130_fd_sc_hd__and2_1)
                                                         _01_ (net)
                      0.038335    0.000052    1.208984 v _25_/D (sky130_fd_sc_hd__dfrtp_4)
                                              1.208984   data arrival time

                                 20.000000   20.000000   clock clk (rise edge)
                                  0.000000   20.000000   clock source latency
     1    0.012274    0.061465    0.041446   20.041447 ^ clk (in)
                                                         clk (net)
                      0.061468    0.000000   20.041447 ^ clkbuf_0_clk/A (sky130_fd_sc_hd__clkbuf_16)
     2    0.018587    0.040652    0.130102   20.171549 ^ clkbuf_0_clk/X (sky130_fd_sc_hd__clkbuf_16)
                                                         clknet_0_clk (net)
                      0.040652    0.000176   20.171724 ^ clkbuf_1_1__f_clk/A (sky130_fd_sc_hd__clkbuf_16)
     3    0.008160    0.031749    0.112522   20.284246 ^ clkbuf_1_1__f_clk/X (sky130_fd_sc_hd__clkbuf_16)
                                                         clknet_1_1__leaf_clk (net)
                      0.031749    0.000080   20.284327 ^ _25_/CLK (sky130_fd_sc_hd__dfrtp_4)
                                 -0.250000   20.034327   clock uncertainty
                                  0.000000   20.034327   clock reconvergence pessimism
                                 -0.114395   19.919931   library setup time
                                             19.919931   data required time
---------------------------------------------------------------------------------------------
                                             19.919931   data required time
                                             -1.208984   data arrival time
---------------------------------------------------------------------------------------------
                                             18.710947   slack (MET)


Startpoint: _24_ (rising edge-triggered flip-flop clocked by clk)
Endpoint: _26_ (rising edge-triggered flip-flop clocked by clk)
Path Group: clk
Path Type: max

Fanout         Cap        Slew       Delay        Time   Description
---------------------------------------------------------------------------------------------
                                  0.000000    0.000000   clock clk (rise edge)
                                  0.000000    0.000000   clock source latency
     1    0.012274    0.061465    0.041446    0.041446 ^ clk (in)
                                                         clk (net)
                      0.061468    0.000000    0.041446 ^ clkbuf_0_clk/A (sky130_fd_sc_hd__clkbuf_16)
     2    0.018587    0.040652    0.130102    0.171548 ^ clkbuf_0_clk/X (sky130_fd_sc_hd__clkbuf_16)
                                                         clknet_0_clk (net)
                      0.040652    0.000175    0.171724 ^ clkbuf_1_1__f_clk/A (sky130_fd_sc_hd__clkbuf_16)
     3    0.008160    0.031749    0.112522    0.284246 ^ clkbuf_1_1__f_clk/X (sky130_fd_sc_hd__clkbuf_16)
                                                         clknet_1_1__leaf_clk (net)
                      0.031749    0.000099    0.284345 ^ _24_/CLK (sky130_fd_sc_hd__dfrtp_4)
     6    0.048152    0.118327    0.542266    0.826611 v _24_/Q (sky130_fd_sc_hd__dfrtp_4)
                                                         uo_out[0] (net)
                      0.118327    0.000391    0.827002 v _13_/B (sky130_fd_sc_hd__nand2_1)
     2    0.007801    0.088032    0.125321    0.952323 ^ _13_/Y (sky130_fd_sc_hd__nand2_1)
                                                         _06_ (net)
                      0.088032    0.000083    0.952406 ^ _16_/B (sky130_fd_sc_hd__xnor2_1)
     1    0.003351    0.126170    0.121317    1.073723 ^ _16_/Y (sky130_fd_sc_hd__xnor2_1)
                                                         _02_ (net)
                      0.126170    0.000040    1.073763 ^ _26_/D (sky130_fd_sc_hd__dfrtp_4)
                                              1.073763   data arrival time

                                 20.000000   20.000000   clock clk (rise edge)
                                  0.000000   20.000000   clock source latency
     1    0.012274    0.061465    0.041446   20.041447 ^ clk (in)
                                                         clk (net)
                      0.061468    0.000000   20.041447 ^ clkbuf_0_clk/A (sky130_fd_sc_hd__clkbuf_16)
     2    0.018587    0.040652    0.130102   20.171549 ^ clkbuf_0_clk/X (sky130_fd_sc_hd__clkbuf_16)
                                                         clknet_0_clk (net)
                      0.040652    0.000176   20.171724 ^ clkbuf_1_1__f_clk/A (sky130_fd_sc_hd__clkbuf_16)
     3    0.008160    0.031749    0.112522   20.284246 ^ clkbuf_1_1__f_clk/X (sky130_fd_sc_hd__clkbuf_16)
                                                         clknet_1_1__leaf_clk (net)
                      0.031749    0.000080   20.284327 ^ _26_/CLK (sky130_fd_sc_hd__dfrtp_4)
                                 -0.250000   20.034327   clock uncertainty
                                  0.000000   20.034327   clock reconvergence pessimism
                                 -0.084535   19.949791   library setup time
                                             19.949791   data required time
---------------------------------------------------------------------------------------------
                                             19.949791   data required time
                                             -1.073763   data arrival time
---------------------------------------------------------------------------------------------
                                             18.876028   slack (MET)


Startpoint: _24_ (rising edge-triggered flip-flop clocked by clk)
Endpoint: _24_ (rising edge-triggered flip-flop clocked by clk)
Path Group: clk
Path Type: max

Fanout         Cap        Slew       Delay        Time   Description
---------------------------------------------------------------------------------------------
                                  0.000000    0.000000   clock clk (rise edge)
                                  0.000000    0.000000   clock source latency
     1    0.012274    0.061465    0.041446    0.041446 ^ clk (in)
                                                         clk (net)
                      0.061468    0.000000    0.041446 ^ clkbuf_0_clk/A (sky130_fd_sc_hd__clkbuf_16)
     2    0.018587    0.040652    0.130102    0.171548 ^ clkbuf_0_clk/X (sky130_fd_sc_hd__clkbuf_16)
                                                         clknet_0_clk (net)
                      0.040652    0.000175    0.171724 ^ clkbuf_1_1__f_clk/A (sky130_fd_sc_hd__clkbuf_16)
     3    0.008160    0.031749    0.112522    0.284246 ^ clkbuf_1_1__f_clk/X (sky130_fd_sc_hd__clkbuf_16)
                                                         clknet_1_1__leaf_clk (net)
                      0.031749    0.000099    0.284345 ^ _24_/CLK (sky130_fd_sc_hd__dfrtp_4)
     6    0.048152    0.118327    0.542266    0.826611 v _24_/Q (sky130_fd_sc_hd__dfrtp_4)
                                                         uo_out[0] (net)
                      0.118327    0.000390    0.827000 v _12_/A (sky130_fd_sc_hd__inv_2)
     1    0.002574    0.036319    0.063049    0.890050 ^ _12_/Y (sky130_fd_sc_hd__inv_2)
                                                         _00_ (net)
                      0.036319    0.000026    0.890076 ^ _24_/D (sky130_fd_sc_hd__dfrtp_4)
                                              0.890076   data arrival time

                                 20.000000   20.000000   clock clk (rise edge)
                                  0.000000   20.000000   clock source latency
     1    0.012274    0.061465    0.041446   20.041447 ^ clk (in)
                                                         clk (net)
                      0.061468    0.000000   20.041447 ^ clkbuf_0_clk/A (sky130_fd_sc_hd__clkbuf_16)
     2    0.018587    0.040652    0.130102   20.171549 ^ clkbuf_0_clk/X (sky130_fd_sc_hd__clkbuf_16)
                                                         clknet_0_clk (net)
                      0.040652    0.000176   20.171724 ^ clkbuf_1_1__f_clk/A (sky130_fd_sc_hd__clkbuf_16)
     3    0.008160    0.031749    0.112522   20.284246 ^ clkbuf_1_1__f_clk/X (sky130_fd_sc_hd__clkbuf_16)
                                                         clknet_1_1__leaf_clk (net)
                      0.031749    0.000099   20.284346 ^ _24_/CLK (sky130_fd_sc_hd__dfrtp_4)
                                 -0.250000   20.034346   clock uncertainty
                                  0.000000   20.034346   clock reconvergence pessimism
                                 -0.063482   19.970865   library setup time
                                             19.970865   data required time
---------------------------------------------------------------------------------------------
                                             19.970865   data required time
                                             -0.890076   data arrival time
---------------------------------------------------------------------------------------------
                                             19.080790   slack (MET)



