Clock: clk
Sources: clk 
Generated: no
Virtual: yes
Propagated: no
Period: 20.000000

===========================================================================
report_clock_properties
============================================================================
Clock                   Period          Waveform
----------------------------------------------------
clk                  20.000000    0.000000 10.000000

===========================================================================
report_clock_latency
============================================================================
Clock clk
rise -> rise
    min     max
0.000000 0.000000 source latency
0.277162         network latency _26_/CLK
        0.277588 network latency _28_/CLK
---------------
0.277162 0.277588 latency
        0.000426 skew

fall -> fall
    min     max
0.000000 0.000000 source latency
0.282030         network latency _25_/CLK
        0.282486 network latency _28_/CLK
---------------
0.282030 0.282486 latency
        0.000456 skew



===========================================================================
report_clock_min_period
============================================================================
clk period_min = 1.48 fmax = 675.59
