Clock: clk
Sources: clk 
Generated: no
Virtual: yes
Propagated: no
Period: 20.000000

===========================================================================
report_clock_properties
============================================================================
Clock                   Period          Waveform
----------------------------------------------------
clk                  20.000000    0.000000 10.000000

===========================================================================
report_clock_latency
============================================================================
Clock clk
rise -> rise
    min     max
0.000000 0.000000 source latency
0.286990         network latency _26_/CLK
        0.288036 network latency _28_/CLK
---------------
0.286990 0.288036 latency
        0.001047 skew

fall -> fall
    min     max
0.000000 0.000000 source latency
0.288485         network latency _26_/CLK
        0.289384 network latency _28_/CLK
---------------
0.288485 0.289384 latency
        0.000899 skew



===========================================================================
report_clock_min_period
============================================================================
clk period_min = 1.50 fmax = 666.46
