
===========================================================================
report_checks -path_delay max (Setup)
============================================================================
======================= nom_tt_025C_1v80 Corner ===================================

Startpoint: _24_ (rising edge-triggered flip-flop clocked by clk)
Endpoint: uo_out[0] (output port clocked by clk)
Path Group: clk
Path Type: max

Fanout         Cap        Slew       Delay        Time   Description
---------------------------------------------------------------------------------------------
                                  0.000000    0.000000   clock clk (rise edge)
                                  0.000000    0.000000   clock source latency
     1    0.012622    0.062935    0.042675    0.042675 ^ clk (in)
                                                         clk (net)
                      0.062942    0.000000    0.042675 ^ clkbuf_0_clk/A (sky130_fd_sc_hd__clkbuf_16)
     2    0.018876    0.040897    0.130806    0.173481 ^ clkbuf_0_clk/X (sky130_fd_sc_hd__clkbuf_16)
                                                         clknet_0_clk (net)
                      0.040899    0.000473    0.173954 ^ clkbuf_1_1__f_clk/A (sky130_fd_sc_hd__clkbuf_16)
     3    0.008421    0.031977    0.112840    0.286795 ^ clkbuf_1_1__f_clk/X (sky130_fd_sc_hd__clkbuf_16)
                                                         clknet_1_1__leaf_clk (net)
                      0.031977    0.000226    0.287021 ^ _24_/CLK (sky130_fd_sc_hd__dfrtp_4)
     6    0.048497    0.119289    0.542401    0.829423 v _24_/Q (sky130_fd_sc_hd__dfrtp_4)
                                                         uo_out[0] (net)
                      0.119301    0.001212    0.830634 v uo_out[0] (out)
                                              0.830634   data arrival time

                                 20.000000   20.000000   clock clk (rise edge)
                                  0.000000   20.000000   clock network delay (propagated)
                                 -0.250000   19.750002   clock uncertainty
                                  0.000000   19.750002   clock reconvergence pessimism
                                 -4.000000   15.750001   output external delay
                                             15.750001   data required time
---------------------------------------------------------------------------------------------
                                             15.750001   data required time
                                             -0.830634   data arrival time
---------------------------------------------------------------------------------------------
                                             14.919368   slack (MET)


Startpoint: _26_ (rising edge-triggered flip-flop clocked by clk)
Endpoint: uo_out[2] (output port clocked by clk)
Path Group: clk
Path Type: max

Fanout         Cap        Slew       Delay        Time   Description
---------------------------------------------------------------------------------------------
                                  0.000000    0.000000   clock clk (rise edge)
                                  0.000000    0.000000   clock source latency
     1    0.012622    0.062935    0.042675    0.042675 ^ clk (in)
                                                         clk (net)
                      0.062942    0.000000    0.042675 ^ clkbuf_0_clk/A (sky130_fd_sc_hd__clkbuf_16)
     2    0.018876    0.040897    0.130806    0.173481 ^ clkbuf_0_clk/X (sky130_fd_sc_hd__clkbuf_16)
                                                         clknet_0_clk (net)
                      0.040899    0.000473    0.173954 ^ clkbuf_1_1__f_clk/A (sky130_fd_sc_hd__clkbuf_16)
     3    0.008421    0.031977    0.112840    0.286795 ^ clkbuf_1_1__f_clk/X (sky130_fd_sc_hd__clkbuf_16)
                                                         clknet_1_1__leaf_clk (net)
                      0.031977    0.000195    0.286990 ^ _26_/CLK (sky130_fd_sc_hd__dfrtp_4)
     4    0.047999    0.119374    0.540436    0.827426 v _26_/Q (sky130_fd_sc_hd__dfrtp_4)
                                                         uo_out[2] (net)
                      0.119456    0.002842    0.830268 v uo_out[2] (out)
                                              0.830268   data arrival time

                                 20.000000   20.000000   clock clk (rise edge)
                                  0.000000   20.000000   clock network delay (propagated)
                                 -0.250000   19.750002   clock uncertainty
                                  0.000000   19.750002   clock reconvergence pessimism
                                 -4.000000   15.750001   output external delay
                                             15.750001   data required time
---------------------------------------------------------------------------------------------
                                             15.750001   data required time
                                             -0.830268   data arrival time
---------------------------------------------------------------------------------------------
                                             14.919733   slack (MET)


Startpoint: _25_ (rising edge-triggered flip-flop clocked by clk)
Endpoint: uo_out[1] (output port clocked by clk)
Path Group: clk
Path Type: max

Fanout         Cap        Slew       Delay        Time   Description
---------------------------------------------------------------------------------------------
                                  0.000000    0.000000   clock clk (rise edge)
                                  0.000000    0.000000   clock source latency
     1    0.012622    0.062935    0.042675    0.042675 ^ clk (in)
                                                         clk (net)
                      0.062942    0.000000    0.042675 ^ clkbuf_0_clk/A (sky130_fd_sc_hd__clkbuf_16)
     2    0.018876    0.040897    0.130806    0.173481 ^ clkbuf_0_clk/X (sky130_fd_sc_hd__clkbuf_16)
                                                         clknet_0_clk (net)
                      0.040899    0.000473    0.173954 ^ clkbuf_1_1__f_clk/A (sky130_fd_sc_hd__clkbuf_16)
     3    0.008421    0.031977    0.112840    0.286795 ^ clkbuf_1_1__f_clk/X (sky130_fd_sc_hd__clkbuf_16)
                                                         clknet_1_1__leaf_clk (net)
                      0.031977    0.000196    0.286991 ^ _25_/CLK (sky130_fd_sc_hd__dfrtp_4)
     5    0.044487    0.113472    0.535149    0.822140 v _25_/Q (sky130_fd_sc_hd__dfrtp_4)
                                                         uo_out[1] (net)
                      0.113503    0.001797    0.823937 v uo_out[1] (out)
                                              0.823937   data arrival time

                                 20.000000   20.000000   clock clk (rise edge)
                                  0.000000   20.000000   clock network delay (propagated)
                                 -0.250000   19.750002   clock uncertainty
                                  0.000000   19.750002   clock reconvergence pessimism
                                 -4.000000   15.750001   output external delay
                                             15.750001   data required time
---------------------------------------------------------------------------------------------
                                             15.750001   data required time
                                             -0.823937   data arrival time
---------------------------------------------------------------------------------------------
                                             14.926064   slack (MET)


Startpoint: _27_ (rising edge-triggered flip-flop clocked by clk)
Endpoint: uo_out[3] (output port clocked by clk)
Path Group: clk
Path Type: max

Fanout         Cap        Slew       Delay        Time   Description
---------------------------------------------------------------------------------------------
                                  0.000000    0.000000   clock clk (rise edge)
                                  0.000000    0.000000   clock source latency
     1    0.012622    0.062935    0.042675    0.042675 ^ clk (in)
                                                         clk (net)
                      0.062942    0.000000    0.042675 ^ clkbuf_0_clk/A (sky130_fd_sc_hd__clkbuf_16)
     2    0.018876    0.040897    0.130806    0.173481 ^ clkbuf_0_clk/X (sky130_fd_sc_hd__clkbuf_16)
                                                         clknet_0_clk (net)
                      0.040899    0.000466    0.173947 ^ clkbuf_1_0__f_clk/A (sky130_fd_sc_hd__clkbuf_16)
     3    0.009403    0.032826    0.113770    0.287717 ^ clkbuf_1_0__f_clk/X (sky130_fd_sc_hd__clkbuf_16)
                                                         clknet_1_0__leaf_clk (net)
                      0.032826    0.000269    0.287987 ^ _27_/CLK (sky130_fd_sc_hd__dfrtp_4)
     3    0.040749    0.107641    0.529388    0.817374 v _27_/Q (sky130_fd_sc_hd__dfrtp_4)
                                                         uo_out[3] (net)
                      0.107654    0.001183    0.818557 v uo_out[3] (out)
                                              0.818557   data arrival time

                                 20.000000   20.000000   clock clk (rise edge)
                                  0.000000   20.000000   clock network delay (propagated)
                                 -0.250000   19.750002   clock uncertainty
                                  0.000000   19.750002   clock reconvergence pessimism
                                 -4.000000   15.750001   output external delay
                                             15.750001   data required time
---------------------------------------------------------------------------------------------
                                             15.750001   data required time
                                             -0.818557   data arrival time
---------------------------------------------------------------------------------------------
                                             14.931445   slack (MET)


Startpoint: _28_ (rising edge-triggered flip-flop clocked by clk)
Endpoint: uo_out[4] (output port clocked by clk)
Path Group: clk
Path Type: max

Fanout         Cap        Slew       Delay        Time   Description
---------------------------------------------------------------------------------------------
                                  0.000000    0.000000   clock clk (rise edge)
                                  0.000000    0.000000   clock source latency
     1    0.012622    0.062935    0.042675    0.042675 ^ clk (in)
                                                         clk (net)
                      0.062942    0.000000    0.042675 ^ clkbuf_0_clk/A (sky130_fd_sc_hd__clkbuf_16)
     2    0.018876    0.040897    0.130806    0.173481 ^ clkbuf_0_clk/X (sky130_fd_sc_hd__clkbuf_16)
                                                         clknet_0_clk (net)
                      0.040899    0.000466    0.173947 ^ clkbuf_1_0__f_clk/A (sky130_fd_sc_hd__clkbuf_16)
     3    0.009403    0.032826    0.113770    0.287717 ^ clkbuf_1_0__f_clk/X (sky130_fd_sc_hd__clkbuf_16)
                                                         clknet_1_0__leaf_clk (net)
                      0.032826    0.000319    0.288036 ^ _28_/CLK (sky130_fd_sc_hd__dfrtp_4)
     3    0.040659    0.107523    0.529217    0.817253 v _28_/Q (sky130_fd_sc_hd__dfrtp_4)
                                                         uo_out[4] (net)
                      0.107536    0.001206    0.818460 v uo_out[4] (out)
                                              0.818460   data arrival time

                                 20.000000   20.000000   clock clk (rise edge)
                                  0.000000   20.000000   clock network delay (propagated)
                                 -0.250000   19.750002   clock uncertainty
                                  0.000000   19.750002   clock reconvergence pessimism
                                 -4.000000   15.750001   output external delay
                                             15.750001   data required time
---------------------------------------------------------------------------------------------
                                             15.750001   data required time
                                             -0.818460   data arrival time
---------------------------------------------------------------------------------------------
                                             14.931540   slack (MET)


Startpoint: _29_ (rising edge-triggered flip-flop clocked by clk)
Endpoint: uo_out[5] (output port clocked by clk)
Path Group: clk
Path Type: max

Fanout         Cap        Slew       Delay        Time   Description
---------------------------------------------------------------------------------------------
                                  0.000000    0.000000   clock clk (rise edge)
                                  0.000000    0.000000   clock source latency
     1    0.012622    0.062935    0.042675    0.042675 ^ clk (in)
                                                         clk (net)
                      0.062942    0.000000    0.042675 ^ clkbuf_0_clk/A (sky130_fd_sc_hd__clkbuf_16)
     2    0.018876    0.040897    0.130806    0.173481 ^ clkbuf_0_clk/X (sky130_fd_sc_hd__clkbuf_16)
                                                         clknet_0_clk (net)
                      0.040899    0.000466    0.173947 ^ clkbuf_1_0__f_clk/A (sky130_fd_sc_hd__clkbuf_16)
     3    0.009403    0.032826    0.113770    0.287717 ^ clkbuf_1_0__f_clk/X (sky130_fd_sc_hd__clkbuf_16)
                                                         clknet_1_0__leaf_clk (net)
                      0.032826    0.000169    0.287886 ^ _29_/CLK (sky130_fd_sc_hd__dfrtp_4)
     2    0.039482    0.105610    0.527445    0.815332 v _29_/Q (sky130_fd_sc_hd__dfrtp_4)
                                                         uo_out[5] (net)
                      0.105614    0.000805    0.816137 v uo_out[5] (out)
                                              0.816137   data arrival time

                                 20.000000   20.000000   clock clk (rise edge)
                                  0.000000   20.000000   clock network delay (propagated)
                                 -0.250000   19.750002   clock uncertainty
                                  0.000000   19.750002   clock reconvergence pessimism
                                 -4.000000   15.750001   output external delay
                                             15.750001   data required time
---------------------------------------------------------------------------------------------
                                             15.750001   data required time
                                             -0.816137   data arrival time
---------------------------------------------------------------------------------------------
                                             14.933865   slack (MET)


Startpoint: rst_n (input port clocked by clk)
Endpoint: _24_ (recovery check against rising-edge clock clk)
Path Group: asynchronous
Path Type: max

Fanout         Cap        Slew       Delay        Time   Description
---------------------------------------------------------------------------------------------
                                  0.000000    0.000000   clock clk (rise edge)
                                  0.000000    0.000000   clock network delay (propagated)
                                  4.000000    4.000000 ^ input external delay
     1    0.002309    0.017654    0.008603    4.008604 ^ rst_n (in)
                                                         rst_n (net)
                      0.017654    0.000000    4.008604 ^ input1/A (sky130_fd_sc_hd__buf_2)
     6    0.033954    0.168851    0.185669    4.194272 ^ input1/X (sky130_fd_sc_hd__buf_2)
                                                         net1 (net)
                      0.168886    0.002027    4.196299 ^ _24_/RESET_B (sky130_fd_sc_hd__dfrtp_4)
                                              4.196299   data arrival time

                                 20.000000   20.000000   clock clk (rise edge)
                                  0.000000   20.000000   clock source latency
     1    0.012622    0.062935    0.042675   20.042675 ^ clk (in)
                                                         clk (net)
                      0.062942    0.000000   20.042675 ^ clkbuf_0_clk/A (sky130_fd_sc_hd__clkbuf_16)
     2    0.018876    0.040897    0.130806   20.173481 ^ clkbuf_0_clk/X (sky130_fd_sc_hd__clkbuf_16)
                                                         clknet_0_clk (net)
                      0.040899    0.000474   20.173956 ^ clkbuf_1_1__f_clk/A (sky130_fd_sc_hd__clkbuf_16)
     3    0.008421    0.031977    0.112840   20.286795 ^ clkbuf_1_1__f_clk/X (sky130_fd_sc_hd__clkbuf_16)
                                                         clknet_1_1__leaf_clk (net)
                      0.031977    0.000227   20.287022 ^ _24_/CLK (sky130_fd_sc_hd__dfrtp_4)
                                 -0.250000   20.037024   clock uncertainty
                                  0.000000   20.037024   clock reconvergence pessimism
                                  0.172996   20.210020   library recovery time
                                             20.210020   data required time
---------------------------------------------------------------------------------------------
                                             20.210020   data required time
                                             -4.196299   data arrival time
---------------------------------------------------------------------------------------------
                                             16.013721   slack (MET)


Startpoint: rst_n (input port clocked by clk)
Endpoint: _25_ (recovery check against rising-edge clock clk)
Path Group: asynchronous
Path Type: max

Fanout         Cap        Slew       Delay        Time   Description
---------------------------------------------------------------------------------------------
                                  0.000000    0.000000   clock clk (rise edge)
                                  0.000000    0.000000   clock network delay (propagated)
                                  4.000000    4.000000 ^ input external delay
     1    0.002309    0.017654    0.008603    4.008604 ^ rst_n (in)
                                                         rst_n (net)
                      0.017654    0.000000    4.008604 ^ input1/A (sky130_fd_sc_hd__buf_2)
     6    0.033954    0.168851    0.185669    4.194272 ^ input1/X (sky130_fd_sc_hd__buf_2)
                                                         net1 (net)
                      0.168869    0.001458    4.195730 ^ _25_/RESET_B (sky130_fd_sc_hd__dfrtp_4)
                                              4.195730   data arrival time

                                 20.000000   20.000000   clock clk (rise edge)
                                  0.000000   20.000000   clock source latency
     1    0.012622    0.062935    0.042675   20.042675 ^ clk (in)
                                                         clk (net)
                      0.062942    0.000000   20.042675 ^ clkbuf_0_clk/A (sky130_fd_sc_hd__clkbuf_16)
     2    0.018876    0.040897    0.130806   20.173481 ^ clkbuf_0_clk/X (sky130_fd_sc_hd__clkbuf_16)
                                                         clknet_0_clk (net)
                      0.040899    0.000474   20.173956 ^ clkbuf_1_1__f_clk/A (sky130_fd_sc_hd__clkbuf_16)
     3    0.008421    0.031977    0.112840   20.286795 ^ clkbuf_1_1__f_clk/X (sky130_fd_sc_hd__clkbuf_16)
                                                         clknet_1_1__leaf_clk (net)
                      0.031977    0.000197   20.286993 ^ _25_/CLK (sky130_fd_sc_hd__dfrtp_4)
                                 -0.250000   20.036993   clock uncertainty
                                  0.000000   20.036993   clock reconvergence pessimism
                                  0.173001   20.209993   library recovery time
                                             20.209993   data required time
---------------------------------------------------------------------------------------------
                                             20.209993   data required time
                                             -4.195730   data arrival time
---------------------------------------------------------------------------------------------
                                             16.014265   slack (MET)


Startpoint: rst_n (input port clocked by clk)
Endpoint: _29_ (recovery check against rising-edge clock clk)
Path Group: asynchronous
Path Type: max

Fanout         Cap        Slew       Delay        Time   Description
---------------------------------------------------------------------------------------------
                                  0.000000    0.000000   clock clk (rise edge)
                                  0.000000    0.000000   clock network delay (propagated)
                                  4.000000    4.000000 ^ input external delay
     1    0.002309    0.017654    0.008603    4.008604 ^ rst_n (in)
                                                         rst_n (net)
                      0.017654    0.000000    4.008604 ^ input1/A (sky130_fd_sc_hd__buf_2)
     6    0.033954    0.168851    0.185669    4.194272 ^ input1/X (sky130_fd_sc_hd__buf_2)
                                                         net1 (net)
                      0.168899    0.002365    4.196637 ^ _29_/RESET_B (sky130_fd_sc_hd__dfrtp_4)
                                              4.196637   data arrival time

                                 20.000000   20.000000   clock clk (rise edge)
                                  0.000000   20.000000   clock source latency
     1    0.012622    0.062935    0.042675   20.042675 ^ clk (in)
                                                         clk (net)
                      0.062942    0.000000   20.042675 ^ clkbuf_0_clk/A (sky130_fd_sc_hd__clkbuf_16)
     2    0.018876    0.040897    0.130806   20.173481 ^ clkbuf_0_clk/X (sky130_fd_sc_hd__clkbuf_16)
                                                         clknet_0_clk (net)
                      0.040899    0.000467   20.173948 ^ clkbuf_1_0__f_clk/A (sky130_fd_sc_hd__clkbuf_16)
     3    0.009403    0.032826    0.113769   20.287718 ^ clkbuf_1_0__f_clk/X (sky130_fd_sc_hd__clkbuf_16)
                                                         clknet_1_0__leaf_clk (net)
                      0.032826    0.000171   20.287888 ^ _29_/CLK (sky130_fd_sc_hd__dfrtp_4)
                                 -0.250000   20.037888   clock uncertainty
                                  0.000000   20.037888   clock reconvergence pessimism
                                  0.173259   20.211147   library recovery time
                                             20.211147   data required time
---------------------------------------------------------------------------------------------
                                             20.211147   data required time
                                             -4.196637   data arrival time
---------------------------------------------------------------------------------------------
                                             16.014509   slack (MET)


Startpoint: rst_n (input port clocked by clk)
Endpoint: _26_ (recovery check against rising-edge clock clk)
Path Group: asynchronous
Path Type: max

Fanout         Cap        Slew       Delay        Time   Description
---------------------------------------------------------------------------------------------
                                  0.000000    0.000000   clock clk (rise edge)
                                  0.000000    0.000000   clock network delay (propagated)
                                  4.000000    4.000000 ^ input external delay
     1    0.002309    0.017654    0.008603    4.008604 ^ rst_n (in)
                                                         rst_n (net)
                      0.017654    0.000000    4.008604 ^ input1/A (sky130_fd_sc_hd__buf_2)
     6    0.033954    0.168851    0.185669    4.194272 ^ input1/X (sky130_fd_sc_hd__buf_2)
                                                         net1 (net)
                      0.168862    0.001151    4.195423 ^ _26_/RESET_B (sky130_fd_sc_hd__dfrtp_4)
                                              4.195423   data arrival time

                                 20.000000   20.000000   clock clk (rise edge)
                                  0.000000   20.000000   clock source latency
     1    0.012622    0.062935    0.042675   20.042675 ^ clk (in)
                                                         clk (net)
                      0.062942    0.000000   20.042675 ^ clkbuf_0_clk/A (sky130_fd_sc_hd__clkbuf_16)
     2    0.018876    0.040897    0.130806   20.173481 ^ clkbuf_0_clk/X (sky130_fd_sc_hd__clkbuf_16)
                                                         clknet_0_clk (net)
                      0.040899    0.000474   20.173956 ^ clkbuf_1_1__f_clk/A (sky130_fd_sc_hd__clkbuf_16)
     3    0.008421    0.031977    0.112840   20.286795 ^ clkbuf_1_1__f_clk/X (sky130_fd_sc_hd__clkbuf_16)
                                                         clknet_1_1__leaf_clk (net)
                      0.031977    0.000195   20.286991 ^ _26_/CLK (sky130_fd_sc_hd__dfrtp_4)
                                 -0.250000   20.036991   clock uncertainty
                                  0.000000   20.036991   clock reconvergence pessimism
                                  0.173003   20.209993   library recovery time
                                             20.209993   data required time
---------------------------------------------------------------------------------------------
                                             20.209993   data required time
                                             -4.195423   data arrival time
---------------------------------------------------------------------------------------------
                                             16.014572   slack (MET)


Startpoint: rst_n (input port clocked by clk)
Endpoint: _28_ (recovery check against rising-edge clock clk)
Path Group: asynchronous
Path Type: max

Fanout         Cap        Slew       Delay        Time   Description
---------------------------------------------------------------------------------------------
                                  0.000000    0.000000   clock clk (rise edge)
                                  0.000000    0.000000   clock network delay (propagated)
                                  4.000000    4.000000 ^ input external delay
     1    0.002309    0.017654    0.008603    4.008604 ^ rst_n (in)
                                                         rst_n (net)
                      0.017654    0.000000    4.008604 ^ input1/A (sky130_fd_sc_hd__buf_2)
     6    0.033954    0.168851    0.185669    4.194272 ^ input1/X (sky130_fd_sc_hd__buf_2)
                                                         net1 (net)
                      0.168899    0.002363    4.196635 ^ _28_/RESET_B (sky130_fd_sc_hd__dfrtp_4)
                                              4.196635   data arrival time

                                 20.000000   20.000000   clock clk (rise edge)
                                  0.000000   20.000000   clock source latency
     1    0.012622    0.062935    0.042675   20.042675 ^ clk (in)
                                                         clk (net)
                      0.062942    0.000000   20.042675 ^ clkbuf_0_clk/A (sky130_fd_sc_hd__clkbuf_16)
     2    0.018876    0.040897    0.130806   20.173481 ^ clkbuf_0_clk/X (sky130_fd_sc_hd__clkbuf_16)
                                                         clknet_0_clk (net)
                      0.040899    0.000467   20.173948 ^ clkbuf_1_0__f_clk/A (sky130_fd_sc_hd__clkbuf_16)
     3    0.009403    0.032826    0.113769   20.287718 ^ clkbuf_1_0__f_clk/X (sky130_fd_sc_hd__clkbuf_16)
                                                         clknet_1_0__leaf_clk (net)
                      0.032826    0.000320   20.288036 ^ _28_/CLK (sky130_fd_sc_hd__dfrtp_4)
                                 -0.250000   20.038038   clock uncertainty
                                  0.000000   20.038038   clock reconvergence pessimism
                                  0.173259   20.211296   library recovery time
                                             20.211296   data required time
---------------------------------------------------------------------------------------------
                                             20.211296   data required time
                                             -4.196635   data arrival time
---------------------------------------------------------------------------------------------
                                             16.014662   slack (MET)


Startpoint: rst_n (input port clocked by clk)
Endpoint: _27_ (recovery check against rising-edge clock clk)
Path Group: asynchronous
Path Type: max

Fanout         Cap        Slew       Delay        Time   Description
---------------------------------------------------------------------------------------------
                                  0.000000    0.000000   clock clk (rise edge)
                                  0.000000    0.000000   clock network delay (propagated)
                                  4.000000    4.000000 ^ input external delay
     1    0.002309    0.017654    0.008603    4.008604 ^ rst_n (in)
                                                         rst_n (net)
                      0.017654    0.000000    4.008604 ^ input1/A (sky130_fd_sc_hd__buf_2)
     6    0.033954    0.168851    0.185669    4.194272 ^ input1/X (sky130_fd_sc_hd__buf_2)
                                                         net1 (net)
                      0.168894    0.002224    4.196496 ^ _27_/RESET_B (sky130_fd_sc_hd__dfrtp_4)
                                              4.196496   data arrival time

                                 20.000000   20.000000   clock clk (rise edge)
                                  0.000000   20.000000   clock source latency
     1    0.012622    0.062935    0.042675   20.042675 ^ clk (in)
                                                         clk (net)
                      0.062942    0.000000   20.042675 ^ clkbuf_0_clk/A (sky130_fd_sc_hd__clkbuf_16)
     2    0.018876    0.040897    0.130806   20.173481 ^ clkbuf_0_clk/X (sky130_fd_sc_hd__clkbuf_16)
                                                         clknet_0_clk (net)
                      0.040899    0.000467   20.173948 ^ clkbuf_1_0__f_clk/A (sky130_fd_sc_hd__clkbuf_16)
     3    0.009403    0.032826    0.113769   20.287718 ^ clkbuf_1_0__f_clk/X (sky130_fd_sc_hd__clkbuf_16)
                                                         clknet_1_0__leaf_clk (net)
                      0.032826    0.000270   20.287987 ^ _27_/CLK (sky130_fd_sc_hd__dfrtp_4)
                                 -0.250000   20.037989   clock uncertainty
                                  0.000000   20.037989   clock reconvergence pessimism
                                  0.173260   20.211248   library recovery time
                                             20.211248   data required time
---------------------------------------------------------------------------------------------
                                             20.211248   data required time
                                             -4.196496   data arrival time
---------------------------------------------------------------------------------------------
                                             16.014753   slack (MET)


Startpoint: _26_ (rising edge-triggered flip-flop clocked by clk)
Endpoint: _28_ (rising edge-triggered flip-flop clocked by clk)
Path Group: clk
Path Type: max

Fanout         Cap        Slew       Delay        Time   Description
---------------------------------------------------------------------------------------------
                                  0.000000    0.000000   clock clk (rise edge)
                                  0.000000    0.000000   clock source latency
     1    0.012622    0.062935    0.042675    0.042675 ^ clk (in)
                                                         clk (net)
                      0.062942    0.000000    0.042675 ^ clkbuf_0_clk/A (sky130_fd_sc_hd__clkbuf_16)
     2    0.018876    0.040897    0.130806    0.173481 ^ clkbuf_0_clk/X (sky130_fd_sc_hd__clkbuf_16)
                                                         clknet_0_clk (net)
                      0.040899    0.000473    0.173954 ^ clkbuf_1_1__f_clk/A (sky130_fd_sc_hd__clkbuf_16)
     3    0.008421    0.031977    0.112840    0.286795 ^ clkbuf_1_1__f_clk/X (sky130_fd_sc_hd__clkbuf_16)
                                                         clknet_1_1__leaf_clk (net)
                      0.031977    0.000195    0.286990 ^ _26_/CLK (sky130_fd_sc_hd__dfrtp_4)
     4    0.047999    0.119374    0.540436    0.827426 v _26_/Q (sky130_fd_sc_hd__dfrtp_4)
                                                         uo_out[2] (net)
                      0.119421    0.002231    0.829657 v _17_/C (sky130_fd_sc_hd__and4_1)
     3    0.009200    0.064370    0.248507    1.078164 v _17_/X (sky130_fd_sc_hd__and4_1)
                                                         _08_ (net)
                      0.064371    0.000367    1.078531 v _21_/B (sky130_fd_sc_hd__or2_1)
     1    0.001752    0.042323    0.199902    1.278433 v _21_/X (sky130_fd_sc_hd__or2_1)
                                                         _11_ (net)
                      0.042323    0.000035    1.278467 v _22_/B (sky130_fd_sc_hd__and2_1)
     1    0.002596    0.034171    0.147618    1.426085 v _22_/X (sky130_fd_sc_hd__and2_1)
                                                         _04_ (net)
                      0.034171    0.000076    1.426162 v _28_/D (sky130_fd_sc_hd__dfrtp_4)
                                              1.426162   data arrival time

                                 20.000000   20.000000   clock clk (rise edge)
                                  0.000000   20.000000   clock source latency
     1    0.012622    0.062935    0.042675   20.042675 ^ clk (in)
                                                         clk (net)
                      0.062942    0.000000   20.042675 ^ clkbuf_0_clk/A (sky130_fd_sc_hd__clkbuf_16)
     2    0.018876    0.040897    0.130806   20.173481 ^ clkbuf_0_clk/X (sky130_fd_sc_hd__clkbuf_16)
                                                         clknet_0_clk (net)
                      0.040899    0.000467   20.173948 ^ clkbuf_1_0__f_clk/A (sky130_fd_sc_hd__clkbuf_16)
     3    0.009403    0.032826    0.113769   20.287718 ^ clkbuf_1_0__f_clk/X (sky130_fd_sc_hd__clkbuf_16)
                                                         clknet_1_0__leaf_clk (net)
                      0.032826    0.000320   20.288036 ^ _28_/CLK (sky130_fd_sc_hd__dfrtp_4)
                                 -0.250000   20.038038   clock uncertainty
                                  0.000000   20.038038   clock reconvergence pessimism
                                 -0.112331   19.925707   library setup time
                                             19.925707   data required time
---------------------------------------------------------------------------------------------
                                             19.925707   data required time
                                             -1.426162   data arrival time
---------------------------------------------------------------------------------------------
                                             18.499544   slack (MET)


Startpoint: _26_ (rising edge-triggered flip-flop clocked by clk)
Endpoint: _29_ (rising edge-triggered flip-flop clocked by clk)
Path Group: clk
Path Type: max

Fanout         Cap        Slew       Delay        Time   Description
---------------------------------------------------------------------------------------------
                                  0.000000    0.000000   clock clk (rise edge)
                                  0.000000    0.000000   clock source latency
     1    0.012622    0.062935    0.042675    0.042675 ^ clk (in)
                                                         clk (net)
                      0.062942    0.000000    0.042675 ^ clkbuf_0_clk/A (sky130_fd_sc_hd__clkbuf_16)
     2    0.018876    0.040897    0.130806    0.173481 ^ clkbuf_0_clk/X (sky130_fd_sc_hd__clkbuf_16)
                                                         clknet_0_clk (net)
                      0.040899    0.000473    0.173954 ^ clkbuf_1_1__f_clk/A (sky130_fd_sc_hd__clkbuf_16)
     3    0.008421    0.031977    0.112840    0.286795 ^ clkbuf_1_1__f_clk/X (sky130_fd_sc_hd__clkbuf_16)
                                                         clknet_1_1__leaf_clk (net)
                      0.031977    0.000195    0.286990 ^ _26_/CLK (sky130_fd_sc_hd__dfrtp_4)
     4    0.047999    0.119374    0.540436    0.827426 v _26_/Q (sky130_fd_sc_hd__dfrtp_4)
                                                         uo_out[2] (net)
                      0.119421    0.002231    0.829657 v _17_/C (sky130_fd_sc_hd__and4_1)
     3    0.009200    0.064370    0.248507    1.078164 v _17_/X (sky130_fd_sc_hd__and4_1)
                                                         _08_ (net)
                      0.064371    0.000395    1.078559 v _20_/B (sky130_fd_sc_hd__nand2_1)
     2    0.006601    0.075449    0.093448    1.172007 ^ _20_/Y (sky130_fd_sc_hd__nand2_1)
                                                         _10_ (net)
                      0.075449    0.000156    1.172163 ^ _23_/B (sky130_fd_sc_hd__xnor2_1)
     1    0.005158    0.160541    0.131578    1.303742 ^ _23_/Y (sky130_fd_sc_hd__xnor2_1)
                                                         _05_ (net)
                      0.160541    0.000177    1.303918 ^ _29_/D (sky130_fd_sc_hd__dfrtp_4)
                                              1.303918   data arrival time

                                 20.000000   20.000000   clock clk (rise edge)
                                  0.000000   20.000000   clock source latency
     1    0.012622    0.062935    0.042675   20.042675 ^ clk (in)
                                                         clk (net)
                      0.062942    0.000000   20.042675 ^ clkbuf_0_clk/A (sky130_fd_sc_hd__clkbuf_16)
     2    0.018876    0.040897    0.130806   20.173481 ^ clkbuf_0_clk/X (sky130_fd_sc_hd__clkbuf_16)
                                                         clknet_0_clk (net)
                      0.040899    0.000467   20.173948 ^ clkbuf_1_0__f_clk/A (sky130_fd_sc_hd__clkbuf_16)
     3    0.009403    0.032826    0.113769   20.287718 ^ clkbuf_1_0__f_clk/X (sky130_fd_sc_hd__clkbuf_16)
                                                         clknet_1_0__leaf_clk (net)
                      0.032826    0.000171   20.287888 ^ _29_/CLK (sky130_fd_sc_hd__dfrtp_4)
                                 -0.250000   20.037888   clock uncertainty
                                  0.000000   20.037888   clock reconvergence pessimism
                                 -0.092417   19.945471   library setup time
                                             19.945471   data required time
---------------------------------------------------------------------------------------------
                                             19.945471   data required time
                                             -1.303918   data arrival time
---------------------------------------------------------------------------------------------
                                             18.641552   slack (MET)


Startpoint: _24_ (rising edge-triggered flip-flop clocked by clk)
Endpoint: _27_ (rising edge-triggered flip-flop clocked by clk)
Path Group: clk
Path Type: max

Fanout         Cap        Slew       Delay        Time   Description
---------------------------------------------------------------------------------------------
                                  0.000000    0.000000   clock clk (rise edge)
                                  0.000000    0.000000   clock source latency
     1    0.012622    0.062935    0.042675    0.042675 ^ clk (in)
                                                         clk (net)
                      0.062942    0.000000    0.042675 ^ clkbuf_0_clk/A (sky130_fd_sc_hd__clkbuf_16)
     2    0.018876    0.040897    0.130806    0.173481 ^ clkbuf_0_clk/X (sky130_fd_sc_hd__clkbuf_16)
                                                         clknet_0_clk (net)
                      0.040899    0.000473    0.173954 ^ clkbuf_1_1__f_clk/A (sky130_fd_sc_hd__clkbuf_16)
     3    0.008421    0.031977    0.112840    0.286795 ^ clkbuf_1_1__f_clk/X (sky130_fd_sc_hd__clkbuf_16)
                                                         clknet_1_1__leaf_clk (net)
                      0.031977    0.000226    0.287021 ^ _24_/CLK (sky130_fd_sc_hd__dfrtp_4)
     6    0.049487    0.164098    0.495277    0.782299 ^ _24_/Q (sky130_fd_sc_hd__dfrtp_4)
                                                         uo_out[0] (net)
                      0.164101    0.001011    0.783309 ^ _17_/B (sky130_fd_sc_hd__and4_1)
     3    0.009707    0.112311    0.256852    1.040161 ^ _17_/X (sky130_fd_sc_hd__and4_1)
                                                         _08_ (net)
                      0.112311    0.000281    1.040442 ^ _19_/A_N (sky130_fd_sc_hd__and2b_1)
     1    0.002721    0.033282    0.186996    1.227439 v _19_/X (sky130_fd_sc_hd__and2b_1)
                                                         _03_ (net)
                      0.033282    0.000081    1.227520 v _27_/D (sky130_fd_sc_hd__dfrtp_4)
                                              1.227520   data arrival time

                                 20.000000   20.000000   clock clk (rise edge)
                                  0.000000   20.000000   clock source latency
     1    0.012622    0.062935    0.042675   20.042675 ^ clk (in)
                                                         clk (net)
                      0.062942    0.000000   20.042675 ^ clkbuf_0_clk/A (sky130_fd_sc_hd__clkbuf_16)
     2    0.018876    0.040897    0.130806   20.173481 ^ clkbuf_0_clk/X (sky130_fd_sc_hd__clkbuf_16)
                                                         clknet_0_clk (net)
                      0.040899    0.000467   20.173948 ^ clkbuf_1_0__f_clk/A (sky130_fd_sc_hd__clkbuf_16)
     3    0.009403    0.032826    0.113769   20.287718 ^ clkbuf_1_0__f_clk/X (sky130_fd_sc_hd__clkbuf_16)
                                                         clknet_1_0__leaf_clk (net)
                      0.032826    0.000270   20.287987 ^ _27_/CLK (sky130_fd_sc_hd__dfrtp_4)
                                 -0.250000   20.037989   clock uncertainty
                                  0.000000   20.037989   clock reconvergence pessimism
                                 -0.111943   19.926044   library setup time
                                             19.926044   data required time
---------------------------------------------------------------------------------------------
                                             19.926044   data required time
                                             -1.227520   data arrival time
---------------------------------------------------------------------------------------------
                                             18.698526   slack (MET)


Startpoint: _25_ (rising edge-triggered flip-flop clocked by clk)
Endpoint: _25_ (rising edge-triggered flip-flop clocked by clk)
Path Group: clk
Path Type: max

Fanout         Cap        Slew       Delay        Time   Description
---------------------------------------------------------------------------------------------
                                  0.000000    0.000000   clock clk (rise edge)
                                  0.000000    0.000000   clock source latency
     1    0.012622    0.062935    0.042675    0.042675 ^ clk (in)
                                                         clk (net)
                      0.062942    0.000000    0.042675 ^ clkbuf_0_clk/A (sky130_fd_sc_hd__clkbuf_16)
     2    0.018876    0.040897    0.130806    0.173481 ^ clkbuf_0_clk/X (sky130_fd_sc_hd__clkbuf_16)
                                                         clknet_0_clk (net)
                      0.040899    0.000473    0.173954 ^ clkbuf_1_1__f_clk/A (sky130_fd_sc_hd__clkbuf_16)
     3    0.008421    0.031977    0.112840    0.286795 ^ clkbuf_1_1__f_clk/X (sky130_fd_sc_hd__clkbuf_16)
                                                         clknet_1_1__leaf_clk (net)
                      0.031977    0.000196    0.286991 ^ _25_/CLK (sky130_fd_sc_hd__dfrtp_4)
     5    0.044487    0.113472    0.535149    0.822140 v _25_/Q (sky130_fd_sc_hd__dfrtp_4)
                                                         uo_out[1] (net)
                      0.113480    0.001064    0.823204 v _14_/A (sky130_fd_sc_hd__or2_1)
     1    0.001686    0.041991    0.236546    1.059750 v _14_/X (sky130_fd_sc_hd__or2_1)
                                                         _07_ (net)
                      0.041991    0.000033    1.059783 v _15_/B (sky130_fd_sc_hd__and2_1)
     1    0.003678    0.038813    0.153489    1.213272 v _15_/X (sky130_fd_sc_hd__and2_1)
                                                         _01_ (net)
                      0.038813    0.000121    1.213393 v _25_/D (sky130_fd_sc_hd__dfrtp_4)
                                              1.213393   data arrival time

                                 20.000000   20.000000   clock clk (rise edge)
                                  0.000000   20.000000   clock source latency
     1    0.012622    0.062935    0.042675   20.042675 ^ clk (in)
                                                         clk (net)
                      0.062942    0.000000   20.042675 ^ clkbuf_0_clk/A (sky130_fd_sc_hd__clkbuf_16)
     2    0.018876    0.040897    0.130806   20.173481 ^ clkbuf_0_clk/X (sky130_fd_sc_hd__clkbuf_16)
                                                         clknet_0_clk (net)
                      0.040899    0.000474   20.173956 ^ clkbuf_1_1__f_clk/A (sky130_fd_sc_hd__clkbuf_16)
     3    0.008421    0.031977    0.112840   20.286795 ^ clkbuf_1_1__f_clk/X (sky130_fd_sc_hd__clkbuf_16)
                                                         clknet_1_1__leaf_clk (net)
                      0.031977    0.000197   20.286993 ^ _25_/CLK (sky130_fd_sc_hd__dfrtp_4)
                                 -0.250000   20.036993   clock uncertainty
                                  0.000000   20.036993   clock reconvergence pessimism
                                 -0.114552   19.922441   library setup time
                                             19.922441   data required time
---------------------------------------------------------------------------------------------
                                             19.922441   data required time
                                             -1.213393   data arrival time
---------------------------------------------------------------------------------------------
                                             18.709047   slack (MET)


Startpoint: _24_ (rising edge-triggered flip-flop clocked by clk)
Endpoint: _26_ (rising edge-triggered flip-flop clocked by clk)
Path Group: clk
Path Type: max

Fanout         Cap        Slew       Delay        Time   Description
---------------------------------------------------------------------------------------------
                                  0.000000    0.000000   clock clk (rise edge)
                                  0.000000    0.000000   clock source latency
     1    0.012622    0.062935    0.042675    0.042675 ^ clk (in)
                                                         clk (net)
                      0.062942    0.000000    0.042675 ^ clkbuf_0_clk/A (sky130_fd_sc_hd__clkbuf_16)
     2    0.018876    0.040897    0.130806    0.173481 ^ clkbuf_0_clk/X (sky130_fd_sc_hd__clkbuf_16)
                                                         clknet_0_clk (net)
                      0.040899    0.000473    0.173954 ^ clkbuf_1_1__f_clk/A (sky130_fd_sc_hd__clkbuf_16)
     3    0.008421    0.031977    0.112840    0.286795 ^ clkbuf_1_1__f_clk/X (sky130_fd_sc_hd__clkbuf_16)
                                                         clknet_1_1__leaf_clk (net)
                      0.031977    0.000226    0.287021 ^ _24_/CLK (sky130_fd_sc_hd__dfrtp_4)
     6    0.048497    0.119289    0.542401    0.829423 v _24_/Q (sky130_fd_sc_hd__dfrtp_4)
                                                         uo_out[0] (net)
                      0.119296    0.000971    0.830393 v _13_/B (sky130_fd_sc_hd__nand2_1)
     2    0.008015    0.089674    0.127025    0.957418 ^ _13_/Y (sky130_fd_sc_hd__nand2_1)
                                                         _06_ (net)
                      0.089674    0.000221    0.957639 ^ _16_/B (sky130_fd_sc_hd__xnor2_1)
     1    0.003507    0.129128    0.123009    1.080648 ^ _16_/Y (sky130_fd_sc_hd__xnor2_1)
                                                         _02_ (net)
                      0.129128    0.000105    1.080753 ^ _26_/D (sky130_fd_sc_hd__dfrtp_4)
                                              1.080753   data arrival time

                                 20.000000   20.000000   clock clk (rise edge)
                                  0.000000   20.000000   clock source latency
     1    0.012622    0.062935    0.042675   20.042675 ^ clk (in)
                                                         clk (net)
                      0.062942    0.000000   20.042675 ^ clkbuf_0_clk/A (sky130_fd_sc_hd__clkbuf_16)
     2    0.018876    0.040897    0.130806   20.173481 ^ clkbuf_0_clk/X (sky130_fd_sc_hd__clkbuf_16)
                                                         clknet_0_clk (net)
                      0.040899    0.000474   20.173956 ^ clkbuf_1_1__f_clk/A (sky130_fd_sc_hd__clkbuf_16)
     3    0.008421    0.031977    0.112840   20.286795 ^ clkbuf_1_1__f_clk/X (sky130_fd_sc_hd__clkbuf_16)
                                                         clknet_1_1__leaf_clk (net)
                      0.031977    0.000195   20.286991 ^ _26_/CLK (sky130_fd_sc_hd__dfrtp_4)
                                 -0.250000   20.036991   clock uncertainty
                                  0.000000   20.036991   clock reconvergence pessimism
                                 -0.085192   19.951799   library setup time
                                             19.951799   data required time
---------------------------------------------------------------------------------------------
                                             19.951799   data required time
                                             -1.080753   data arrival time
---------------------------------------------------------------------------------------------
                                             18.871046   slack (MET)


Startpoint: _24_ (rising edge-triggered flip-flop clocked by clk)
Endpoint: _24_ (rising edge-triggered flip-flop clocked by clk)
Path Group: clk
Path Type: max

Fanout         Cap        Slew       Delay        Time   Description
---------------------------------------------------------------------------------------------
                                  0.000000    0.000000   clock clk (rise edge)
                                  0.000000    0.000000   clock source latency
     1    0.012622    0.062935    0.042675    0.042675 ^ clk (in)
                                                         clk (net)
                      0.062942    0.000000    0.042675 ^ clkbuf_0_clk/A (sky130_fd_sc_hd__clkbuf_16)
     2    0.018876    0.040897    0.130806    0.173481 ^ clkbuf_0_clk/X (sky130_fd_sc_hd__clkbuf_16)
                                                         clknet_0_clk (net)
                      0.040899    0.000473    0.173954 ^ clkbuf_1_1__f_clk/A (sky130_fd_sc_hd__clkbuf_16)
     3    0.008421    0.031977    0.112840    0.286795 ^ clkbuf_1_1__f_clk/X (sky130_fd_sc_hd__clkbuf_16)
                                                         clknet_1_1__leaf_clk (net)
                      0.031977    0.000226    0.287021 ^ _24_/CLK (sky130_fd_sc_hd__dfrtp_4)
     6    0.048497    0.119289    0.542401    0.829423 v _24_/Q (sky130_fd_sc_hd__dfrtp_4)
                                                         uo_out[0] (net)
                      0.119296    0.000981    0.830404 v _12_/A (sky130_fd_sc_hd__inv_2)
     1    0.002625    0.036684    0.063636    0.894039 ^ _12_/Y (sky130_fd_sc_hd__inv_2)
                                                         _00_ (net)
                      0.036684    0.000077    0.894116 ^ _24_/D (sky130_fd_sc_hd__dfrtp_4)
                                              0.894116   data arrival time

                                 20.000000   20.000000   clock clk (rise edge)
                                  0.000000   20.000000   clock source latency
     1    0.012622    0.062935    0.042675   20.042675 ^ clk (in)
                                                         clk (net)
                      0.062942    0.000000   20.042675 ^ clkbuf_0_clk/A (sky130_fd_sc_hd__clkbuf_16)
     2    0.018876    0.040897    0.130806   20.173481 ^ clkbuf_0_clk/X (sky130_fd_sc_hd__clkbuf_16)
                                                         clknet_0_clk (net)
                      0.040899    0.000474   20.173956 ^ clkbuf_1_1__f_clk/A (sky130_fd_sc_hd__clkbuf_16)
     3    0.008421    0.031977    0.112840   20.286795 ^ clkbuf_1_1__f_clk/X (sky130_fd_sc_hd__clkbuf_16)
                                                         clknet_1_1__leaf_clk (net)
                      0.031977    0.000227   20.287022 ^ _24_/CLK (sky130_fd_sc_hd__dfrtp_4)
                                 -0.250000   20.037024   clock uncertainty
                                  0.000000   20.037024   clock reconvergence pessimism
                                 -0.063533   19.973490   library setup time
                                             19.973490   data required time
---------------------------------------------------------------------------------------------
                                             19.973490   data required time
                                             -0.894116   data arrival time
---------------------------------------------------------------------------------------------
                                             19.079372   slack (MET)



