Clock: clk
Sources: clk 
Generated: no
Virtual: yes
Propagated: no
Period: 20.000000

===========================================================================
report_clock_properties
============================================================================
Clock                   Period          Waveform
----------------------------------------------------
clk                  20.000000    0.000000 10.000000

===========================================================================
report_clock_latency
============================================================================
Clock clk
rise -> rise
    min     max
0.000000 0.000000 source latency
0.497558         network latency _26_/CLK
        0.499213 network latency _28_/CLK
---------------
0.497558 0.499213 latency
        0.001655 skew

fall -> fall
    min     max
0.000000 0.000000 source latency
0.515101         network latency _26_/CLK
        0.516549 network latency _28_/CLK
---------------
0.515101 0.516549 latency
        0.001449 skew



===========================================================================
report_clock_min_period
============================================================================
clk period_min = 2.92 fmax = 341.99
