
===========================================================================
 report_power
============================================================================
======================= min_ss_100C_1v60 Corner ===================================

Group                    Internal    Switching      Leakage        Total
                            Power        Power        Power        Power (Watts)
------------------------------------------------------------------------
Sequential           9.516668e-06 0.000000e+00 1.233315e-07 9.639999e-06  27.4%
Combinational        5.941623e-08 1.999915e-07 4.595338e-08 3.053611e-07   0.9%
Clock                2.069838e-05 4.522199e-06 5.805390e-08 2.527863e-05  71.8%
Macro                0.000000e+00 0.000000e+00 0.000000e+00 0.000000e+00   0.0%
Pad                  0.000000e+00 0.000000e+00 0.000000e+00 0.000000e+00   0.0%
------------------------------------------------------------------------
Total                3.027446e-05 4.722190e-06 2.273387e-07 3.522399e-05 100.0%
                            85.9%        13.4%         0.6%

