Clock: clk
Sources: clk 
Generated: no
Virtual: yes
Propagated: no
Period: 20.000000

===========================================================================
report_clock_properties
============================================================================
Clock                   Period          Waveform
----------------------------------------------------
clk                  20.000000    0.000000 10.000000

===========================================================================
report_clock_latency
============================================================================
Clock clk
rise -> rise
    min     max
0.000000 0.000000 source latency
0.199768         network latency _26_/CLK
        0.200754 network latency _28_/CLK
---------------
0.199768 0.200754 latency
        0.000986 skew

fall -> fall
    min     max
0.000000 0.000000 source latency
0.195981         network latency _26_/CLK
        0.196865 network latency _28_/CLK
---------------
0.195981 0.196865 latency
        0.000884 skew



===========================================================================
report_clock_min_period
============================================================================
clk period_min = 1.04 fmax = 961.72
